#
# There is insufficient memory for the Java Runtime Environment to continue.
# Native memory allocation (malloc) failed to allocate 1441296 bytes. Error detail: Chunk::new
# Possible reasons:
#   The system is out of physical RAM or swap space
#   This process is running with CompressedOops enabled, and the Java Heap may be blocking the growth of the native heap
# Possible solutions:
#   Reduce memory load on the system
#   Increase physical memory or swap space
#   Check if swap backing store is full
#   Decrease Java heap size (-Xmx/-Xms)
#   Decrease number of Java threads
#   Decrease Java thread stack sizes (-Xss)
#   Set larger code cache with -XX:ReservedCodeCacheSize=
#   JVM is running with Unscaled Compressed Oops mode in which the Java heap is
#     placed in the first 4GB address space. The Java Heap base address is the
#     maximum limit for the native heap growth. Please use -XX:HeapBaseMinAddress
#     to set the Java Heap base and to place the Java Heap above 4GB virtual address.
# This output file may be truncated or incomplete.
#
#  Out of Memory Error (arena.cpp:191), pid=60980, tid=63688
#
# JRE version: OpenJDK Runtime Environment Microsoft-10376486 (17.0.13+11) (build 17.0.13+11-LTS)
# Java VM: OpenJDK 64-Bit Server VM Microsoft-10376486 (17.0.13+11-LTS, mixed mode, sharing, tiered, compressed oops, compressed class ptrs, g1 gc, windows-amd64)
# No core dump will be written. Minidumps are not enabled by default on client versions of Windows
#

---------------  S U M M A R Y ------------

Command Line: --add-opens=java.base/java.lang=ALL-UNNAMED --add-opens=java.base/java.lang.invoke=ALL-UNNAMED --add-opens=java.base/java.util=ALL-UNNAMED --add-opens=java.prefs/java.util.prefs=ALL-UNNAMED --add-exports=jdk.compiler/com.sun.tools.javac.api=ALL-UNNAMED --add-exports=jdk.compiler/com.sun.tools.javac.util=ALL-UNNAMED --add-opens=java.base/java.util=ALL-UNNAMED --add-opens=java.prefs/java.util.prefs=ALL-UNNAMED --add-opens=java.base/java.nio.charset=ALL-UNNAMED --add-opens=java.base/java.net=ALL-UNNAMED --add-opens=java.base/java.util.concurrent=ALL-UNNAMED --add-opens=java.base/java.util.concurrent.atomic=ALL-UNNAMED --add-opens=java.xml/javax.xml.namespace=ALL-UNNAMED -XX:MaxMetaspaceSize=512m -XX:+HeapDumpOnOutOfMemoryError -Xmx1536m -Dfile.encoding=windows-1252 -Duser.country=US -Duser.language=en -Duser.variant -javaagent:E:\gradle-home\wrapper\dists\gradle-9.0.0-bin\d6wjpkvcgsg3oed0qlfss3wgl\gradle-9.0.0\lib\agents\gradle-instrumentation-agent-9.0.0.jar org.gradle.launcher.daemon.bootstrap.GradleDaemon 9.0.0

Host: Intel(R) Core(TM) i5-7300U CPU @ 2.60GHz, 4 cores, 7G,  Windows 11 , 64 bit Build 22621 (10.0.22621.4830)
Time: Sat Jul 25 19:56:14 2026 Pakistan Standard Time elapsed time: 144.201810 seconds (0d 0h 2m 24s)

---------------  T H R E A D  ---------------

Current thread (0x00000201a881fd60):  JavaThread "C2 CompilerThread0" daemon [_thread_in_native, id=63688, stack(0x00000004f3a00000,0x00000004f3b00000)]


Current CompileTask:
C2: 144202 16079       4       org.objectweb.asm.AnnotationWriter::visit (935 bytes)

Stack: [0x00000004f3a00000,0x00000004f3b00000]
Native frames: (J=compiled Java code, j=interpreted, Vv=VM code, C=native code)
V  [jvm.dll+0x687fc9]
V  [jvm.dll+0x83eeb8]
V  [jvm.dll+0x840963]
V  [jvm.dll+0x840fd3]
V  [jvm.dll+0x24951f]
V  [jvm.dll+0xad0c4]
V  [jvm.dll+0xad75c]
V  [jvm.dll+0x36aaaf]
V  [jvm.dll+0x335153]
V  [jvm.dll+0x3345ea]
V  [jvm.dll+0x21a748]
V  [jvm.dll+0x219b7f]
V  [jvm.dll+0x1a5506]
V  [jvm.dll+0x22a1ca]
V  [jvm.dll+0x22830b]
V  [jvm.dll+0x7f4708]
V  [jvm.dll+0x7eea6c]
V  [jvm.dll+0x686ea7]
C  [ucrtbase.dll+0x29333]
C  [KERNEL32.DLL+0x1259d]
C  [ntdll.dll+0x5af38]


---------------  P R O C E S S  ---------------

Threads class SMR info:
_java_thread_list=0x00000201e44f52f0, length=47, elements={
0x000002018bf34980, 0x00000201a88016e0, 0x00000201a88040c0, 0x00000201a881c6e0,
0x00000201a881cfb0, 0x00000201a881d880, 0x00000201a881e150, 0x00000201a881fd60,
0x00000201a8822680, 0x00000201a8898810, 0x00000201a87e89b0, 0x00000201a8a08e60,
0x00000201a8bb1780, 0x00000201c8b06810, 0x00000201a8a73f60, 0x00000201c96a09f0,
0x00000201c8b42df0, 0x00000201c8b432d0, 0x00000201c91b79e0, 0x00000201c91b6090,
0x00000201c91b65a0, 0x00000201c91b6ab0, 0x00000201c91b6fc0, 0x00000201c91b74d0,
0x00000201c9de4060, 0x00000201c9de63d0, 0x00000201c9de68e0, 0x00000201c9deaab0,
0x00000201c9de6df0, 0x00000201c9de8230, 0x00000201c9de7810, 0x00000201c9de4570,
0x00000201c9de8c50, 0x00000201c9deb9e0, 0x00000201c9de4a80, 0x00000201ca6b7fc0,
0x00000201ca6b1a80, 0x00000201ca6b29b0, 0x00000201ca6b5740, 0x00000201e4474900,
0x00000201e4472aa0, 0x00000201e4474e10, 0x00000201e4473ee0, 0x00000201e44794f0,
0x00000201e4476c70, 0x00000201e44739d0, 0x00000201e4479a00
}

Java Threads: ( => current thread )
  0x000002018bf34980 JavaThread "main" [_thread_blocked, id=63388, stack(0x00000004f2d00000,0x00000004f2e00000)]
  0x00000201a88016e0 JavaThread "Reference Handler" daemon [_thread_blocked, id=62556, stack(0x00000004f3400000,0x00000004f3500000)]
  0x00000201a88040c0 JavaThread "Finalizer" daemon [_thread_blocked, id=60808, stack(0x00000004f3500000,0x00000004f3600000)]
  0x00000201a881c6e0 JavaThread "Signal Dispatcher" daemon [_thread_blocked, id=61324, stack(0x00000004f3600000,0x00000004f3700000)]
  0x00000201a881cfb0 JavaThread "Attach Listener" daemon [_thread_blocked, id=63548, stack(0x00000004f3700000,0x00000004f3800000)]
  0x00000201a881d880 JavaThread "Service Thread" daemon [_thread_blocked, id=58920, stack(0x00000004f3800000,0x00000004f3900000)]
  0x00000201a881e150 JavaThread "Monitor Deflation Thread" daemon [_thread_blocked, id=61132, stack(0x00000004f3900000,0x00000004f3a00000)]
=>0x00000201a881fd60 JavaThread "C2 CompilerThread0" daemon [_thread_in_native, id=63688, stack(0x00000004f3a00000,0x00000004f3b00000)]
  0x00000201a8822680 JavaThread "C1 CompilerThread0" daemon [_thread_blocked, id=60524, stack(0x00000004f3b00000,0x00000004f3c00000)]
  0x00000201a8898810 JavaThread "Sweeper thread" daemon [_thread_blocked, id=60216, stack(0x00000004f3c00000,0x00000004f3d00000)]
  0x00000201a87e89b0 JavaThread "Common-Cleaner" daemon [_thread_blocked, id=62396, stack(0x00000004f3d00000,0x00000004f3e00000)]
  0x00000201a8a08e60 JavaThread "Notification Thread" daemon [_thread_blocked, id=63656, stack(0x00000004f3e00000,0x00000004f3f00000)]
  0x00000201a8bb1780 JavaThread "Daemon health stats" [_thread_blocked, id=65464, stack(0x00000004f4300000,0x00000004f4400000)]
  0x00000201c8b06810 JavaThread "Incoming local TCP Connector on port 51435" [_thread_in_native, id=65500, stack(0x00000004f4400000,0x00000004f4500000)]
  0x00000201a8a73f60 JavaThread "Daemon periodic checks" [_thread_blocked, id=65504, stack(0x00000004f4500000,0x00000004f4600000)]
  0x00000201c96a09f0 JavaThread "Daemon" [_thread_blocked, id=65524, stack(0x00000004f4600000,0x00000004f4700000)]
  0x00000201c8b42df0 JavaThread "Handler for socket connection from /127.0.0.1:51435 to /127.0.0.1:51436" [_thread_in_native, id=65528, stack(0x00000004f4700000,0x00000004f4800000)]
  0x00000201c8b432d0 JavaThread "Cancel handler" [_thread_blocked, id=63312, stack(0x00000004f4800000,0x00000004f4900000)]
  0x00000201c91b79e0 JavaThread "Daemon worker" [_thread_in_Java, id=64348, stack(0x00000004f4900000,0x00000004f4a00000)]
  0x00000201c91b6090 JavaThread "Asynchronous log dispatcher for DefaultDaemonConnection: socket connection from /127.0.0.1:51435 to /127.0.0.1:51436" [_thread_blocked, id=64548, stack(0x00000004f4a00000,0x00000004f4b00000)]
  0x00000201c91b65a0 JavaThread "Stdin handler" [_thread_blocked, id=64520, stack(0x00000004f4b00000,0x00000004f4c00000)]
  0x00000201c91b6ab0 JavaThread "Daemon client event forwarder" [_thread_blocked, id=28052, stack(0x00000004f4c00000,0x00000004f4d00000)]
  0x00000201c91b6fc0 JavaThread "Cache worker for journal cache (E:\gradle-home\caches\journal-1)" [_thread_blocked, id=64544, stack(0x00000004f4d00000,0x00000004f4e00000)]
  0x00000201c91b74d0 JavaThread "File lock request listener" [_thread_in_native, id=64540, stack(0x00000004f4e00000,0x00000004f4f00000)]
  0x00000201c9de4060 JavaThread "Cache worker for file hash cache (E:\gradle-home\caches\9.0.0\fileHashes)" [_thread_blocked, id=59120, stack(0x00000004f4f00000,0x00000004f5000000)]
  0x00000201c9de63d0 JavaThread "Cache worker for file hash cache (E:\FYP\tutorlink-frontend\android\.gradle\9.0.0\fileHashes)" [_thread_blocked, id=64532, stack(0x00000004f5000000,0x00000004f5100000)]
  0x00000201c9de68e0 JavaThread "Cache worker for Build Output Cleanup Cache (E:\FYP\tutorlink-frontend\android\.gradle\buildOutputCleanup)" [_thread_blocked, id=64656, stack(0x00000004f5100000,0x00000004f5200000)]
  0x00000201c9deaab0 JavaThread "File watcher server" daemon [_thread_in_native, id=64708, stack(0x00000004f5200000,0x00000004f5300000)]
  0x00000201c9de6df0 JavaThread "File watcher consumer" daemon [_thread_blocked, id=64528, stack(0x00000004f5300000,0x00000004f5400000)]
  0x00000201c9de8230 JavaThread "Cache worker for checksums cache (E:\FYP\tutorlink-frontend\android\.gradle\9.0.0\checksums)" [_thread_blocked, id=64632, stack(0x00000004f5400000,0x00000004f5500000)]
  0x00000201c9de7810 JavaThread "Cache worker for file content cache (E:\gradle-home\caches\9.0.0\fileContent)" [_thread_blocked, id=64004, stack(0x00000004f5500000,0x00000004f5600000)]
  0x00000201c9de4570 JavaThread "Cache worker for cache directory md-supplier (E:\gradle-home\caches\9.0.0\md-supplier)" [_thread_blocked, id=46108, stack(0x00000004f5700000,0x00000004f5800000)]
  0x00000201c9de8c50 JavaThread "Cache worker for cache directory md-rule (E:\gradle-home\caches\9.0.0\md-rule)" [_thread_blocked, id=61896, stack(0x00000004f5800000,0x00000004f5900000)]
  0x00000201c9deb9e0 JavaThread "jar transforms" [_thread_blocked, id=64924, stack(0x00000004f5a00000,0x00000004f5b00000)]
  0x00000201c9de4a80 JavaThread "Cache worker for Build Output Cleanup Cache (E:\FYP\tutorlink-frontend\node_modules\@react-native\gradle-plugin\.gradle\buildOutputCleanup)" [_thread_blocked, id=61664, stack(0x00000004f5b00000,0x00000004f5c00000)]
  0x00000201ca6b7fc0 JavaThread "Unconstrained build operations" [_thread_blocked, id=64984, stack(0x00000004f2c00000,0x00000004f2d00000)]
  0x00000201ca6b1a80 JavaThread "Unconstrained build operations Thread 2" [_thread_blocked, id=64668, stack(0x00000004f5f00000,0x00000004f6000000)]
  0x00000201ca6b29b0 JavaThread "Unconstrained build operations Thread 3" [_thread_blocked, id=61624, stack(0x00000004f6000000,0x00000004f6100000)]
  0x00000201ca6b5740 JavaThread "Kotlin DSL Writer" [_thread_blocked, id=3232, stack(0x00000004f6100000,0x00000004f6200000)]
  0x00000201e4474900 JavaThread "Unconstrained build operations Thread 4" [_thread_blocked, id=64476, stack(0x00000004f6200000,0x00000004f6300000)]
  0x00000201e4472aa0 JavaThread "Unconstrained build operations Thread 5" [_thread_blocked, id=64960, stack(0x00000004f6300000,0x00000004f6400000)]
  0x00000201e4474e10 JavaThread "Unconstrained build operations Thread 6" [_thread_blocked, id=57168, stack(0x00000004f6400000,0x00000004f6500000)]
  0x00000201e4473ee0 JavaThread "Unconstrained build operations Thread 7" [_thread_blocked, id=65428, stack(0x00000004f6500000,0x00000004f6600000)]
  0x00000201e44794f0 JavaThread "Unconstrained build operations Thread 8" [_thread_blocked, id=60552, stack(0x00000004f6600000,0x00000004f6700000)]
  0x00000201e4476c70 JavaThread "Unconstrained build operations Thread 9" [_thread_blocked, id=57308, stack(0x00000004f6700000,0x00000004f6800000)]
  0x00000201e44739d0 JavaThread "Unconstrained build operations Thread 10" [_thread_blocked, id=64036, stack(0x00000004f6800000,0x00000004f6900000)]
  0x00000201e4479a00 JavaThread "Unconstrained build operations Thread 11" [_thread_in_Java, id=62472, stack(0x00000004f6900000,0x00000004f6a00000)]

Other Threads:
  0x00000201a87fbf50 VMThread "VM Thread" [stack: 0x00000004f3300000,0x00000004f3400000] [id=54072]
  0x000002018bf35250 WatcherThread [stack: 0x00000004f3f00000,0x00000004f4000000] [id=58444]
  0x000002018bf80cf0 GCTaskThread "GC Thread#0" [stack: 0x00000004f2e00000,0x00000004f2f00000] [id=64252]
  0x00000201a8b14ca0 GCTaskThread "GC Thread#1" [stack: 0x00000004f4000000,0x00000004f4100000] [id=62700]
  0x00000201a8bccc20 GCTaskThread "GC Thread#2" [stack: 0x00000004f4100000,0x00000004f4200000] [id=60896]
  0x00000201c8078960 GCTaskThread "GC Thread#3" [stack: 0x00000004f4200000,0x00000004f4300000] [id=57648]
  0x000002018bf8d9f0 ConcurrentGCThread "G1 Main Marker" [stack: 0x00000004f2f00000,0x00000004f3000000] [id=64420]
  0x000002018bf8e1c0 ConcurrentGCThread "G1 Conc#0" [stack: 0x00000004f3000000,0x00000004f3100000] [id=60848]
  0x00000201a86c20c0 ConcurrentGCThread "G1 Refine#0" [stack: 0x00000004f3100000,0x00000004f3200000] [id=64228]
  0x00000201c9d07070 ConcurrentGCThread "G1 Refine#1" [stack: 0x00000004f5600000,0x00000004f5700000] [id=64604]
  0x00000201c9d08ae0 ConcurrentGCThread "G1 Refine#2" [stack: 0x00000004f5900000,0x00000004f5a00000] [id=64796]
  0x00000201cb33c540 ConcurrentGCThread "G1 Refine#3" [stack: 0x00000004f5c00000,0x00000004f5d00000] [id=61428]
  0x00000201a86c28a0 ConcurrentGCThread "G1 Service" [stack: 0x00000004f3200000,0x00000004f3300000] [id=57680]

Threads with active compile tasks:
C2 CompilerThread0   144286 16079       4       org.objectweb.asm.AnnotationWriter::visit (935 bytes)

VM state: not at safepoint (normal execution)

VM Mutex/Monitor currently owned by a thread: None

Heap address: 0x00000000a0000000, size: 1536 MB, Compressed Oops mode: 32-bit

CDS archive(s) mapped at: [0x00000201a9000000-0x00000201a9bb0000-0x00000201a9bb0000), size 12255232, SharedBaseAddress: 0x00000201a9000000, ArchiveRelocationMode: 1.
Compressed class space mapped at: 0x00000201aa000000-0x00000201c4000000, reserved size: 436207616
Narrow klass base: 0x00000201a9000000, Narrow klass shift: 0, Narrow klass range: 0x100000000

GC Precious Log:
 CPUs: 4 total, 4 available
 Memory: 8035M
 Large Page Support: Disabled
 NUMA Support: Disabled
 Compressed Oops: Enabled (32-bit)
 Heap Region Size: 1M
 Heap Min Capacity: 8M
 Heap Initial Capacity: 126M
 Heap Max Capacity: 1536M
 Pre-touch: Disabled
 Parallel Workers: 4
 Concurrent Workers: 1
 Concurrent Refinement Workers: 4
 Periodic GC: Disabled

Heap:
 garbage-first heap   total 340992K, used 171302K [0x00000000a0000000, 0x0000000100000000)
  region size 1024K, 36 young (36864K), 12 survivors (12288K)
 Metaspace       used 136211K, committed 137152K, reserved 557056K
  class space    used 17229K, committed 17664K, reserved 425984K

Heap Regions: E=young(eden), S=young(survivor), O=old, HS=humongous(starts), HC=humongous(continues), CS=collection set, F=free, OA=open archive, CA=closed archive, TAMS=top-at-mark-start (previous, next)
|   0|0x00000000a0000000, 0x00000000a0100000, 0x00000000a0100000|100%|HS|  |TAMS 0x00000000a0100000, 0x00000000a0000000| Complete 
|   1|0x00000000a0100000, 0x00000000a0200000, 0x00000000a0200000|100%|HC|  |TAMS 0x00000000a0200000, 0x00000000a0100000| Complete 
|   2|0x00000000a0200000, 0x00000000a0300000, 0x00000000a0300000|100%|HC|  |TAMS 0x00000000a0300000, 0x00000000a0200000| Complete 
|   3|0x00000000a0300000, 0x00000000a0400000, 0x00000000a0400000|100%| O|  |TAMS 0x00000000a0400000, 0x00000000a0300000| Untracked 
|   4|0x00000000a0400000, 0x00000000a0500000, 0x00000000a0500000|100%| O|  |TAMS 0x00000000a0500000, 0x00000000a0400000| Untracked 
|   5|0x00000000a0500000, 0x00000000a0600000, 0x00000000a0600000|100%| O|  |TAMS 0x00000000a0600000, 0x00000000a0500000| Untracked 
|   6|0x00000000a0600000, 0x00000000a0700000, 0x00000000a0700000|100%| O|  |TAMS 0x00000000a0700000, 0x00000000a0600000| Untracked 
|   7|0x00000000a0700000, 0x00000000a0800000, 0x00000000a0800000|100%|HS|  |TAMS 0x00000000a0800000, 0x00000000a0700000| Complete 
|   8|0x00000000a0800000, 0x00000000a0900000, 0x00000000a0900000|100%| O|  |TAMS 0x00000000a0900000, 0x00000000a0800000| Untracked 
|   9|0x00000000a0900000, 0x00000000a0a00000, 0x00000000a0a00000|100%| O|  |TAMS 0x00000000a0a00000, 0x00000000a0900000| Untracked 
|  10|0x00000000a0a00000, 0x00000000a0b00000, 0x00000000a0b00000|100%| O|  |TAMS 0x00000000a0b00000, 0x00000000a0a00000| Untracked 
|  11|0x00000000a0b00000, 0x00000000a0c00000, 0x00000000a0c00000|100%| O|  |TAMS 0x00000000a0c00000, 0x00000000a0b00000| Untracked 
|  12|0x00000000a0c00000, 0x00000000a0d00000, 0x00000000a0d00000|100%| O|  |TAMS 0x00000000a0d00000, 0x00000000a0c00000| Untracked 
|  13|0x00000000a0d00000, 0x00000000a0e00000, 0x00000000a0e00000|100%| O|  |TAMS 0x00000000a0e00000, 0x00000000a0d00000| Untracked 
|  14|0x00000000a0e00000, 0x00000000a0f00000, 0x00000000a0f00000|100%| O|  |TAMS 0x00000000a0f00000, 0x00000000a0e00000| Untracked 
|  15|0x00000000a0f00000, 0x00000000a1000000, 0x00000000a1000000|100%| O|  |TAMS 0x00000000a0f00000, 0x00000000a0f00000| Untracked 
|  16|0x00000000a1000000, 0x00000000a1100000, 0x00000000a1100000|100%| O|  |TAMS 0x00000000a1100000, 0x00000000a1000000| Untracked 
|  17|0x00000000a1100000, 0x00000000a1200000, 0x00000000a1200000|100%| O|  |TAMS 0x00000000a1200000, 0x00000000a1100000| Untracked 
|  18|0x00000000a1200000, 0x00000000a1300000, 0x00000000a1300000|100%| O|  |TAMS 0x00000000a1300000, 0x00000000a1200000| Untracked 
|  19|0x00000000a1300000, 0x00000000a1400000, 0x00000000a1400000|100%| O|  |TAMS 0x00000000a1400000, 0x00000000a1300000| Untracked 
|  20|0x00000000a1400000, 0x00000000a1500000, 0x00000000a1500000|100%| O|  |TAMS 0x00000000a1500000, 0x00000000a1400000| Untracked 
|  21|0x00000000a1500000, 0x00000000a1600000, 0x00000000a1600000|100%| O|  |TAMS 0x00000000a1600000, 0x00000000a1500000| Untracked 
|  22|0x00000000a1600000, 0x00000000a1700000, 0x00000000a1700000|100%| O|  |TAMS 0x00000000a1700000, 0x00000000a1600000| Untracked 
|  23|0x00000000a1700000, 0x00000000a1800000, 0x00000000a1800000|100%| O|  |TAMS 0x00000000a1800000, 0x00000000a1700000| Untracked 
|  24|0x00000000a1800000, 0x00000000a1900000, 0x00000000a1900000|100%| O|  |TAMS 0x00000000a1900000, 0x00000000a1800000| Untracked 
|  25|0x00000000a1900000, 0x00000000a1a00000, 0x00000000a1a00000|100%| O|  |TAMS 0x00000000a1a00000, 0x00000000a1900000| Untracked 
|  26|0x00000000a1a00000, 0x00000000a1b00000, 0x00000000a1b00000|100%| O|  |TAMS 0x00000000a1b00000, 0x00000000a1a00000| Untracked 
|  27|0x00000000a1b00000, 0x00000000a1c00000, 0x00000000a1c00000|100%| O|  |TAMS 0x00000000a1c00000, 0x00000000a1b00000| Untracked 
|  28|0x00000000a1c00000, 0x00000000a1d00000, 0x00000000a1d00000|100%| O|  |TAMS 0x00000000a1d00000, 0x00000000a1c00000| Untracked 
|  29|0x00000000a1d00000, 0x00000000a1e00000, 0x00000000a1e00000|100%| O|  |TAMS 0x00000000a1e00000, 0x00000000a1d00000| Untracked 
|  30|0x00000000a1e00000, 0x00000000a1f00000, 0x00000000a1f00000|100%| O|  |TAMS 0x00000000a1f00000, 0x00000000a1e00000| Untracked 
|  31|0x00000000a1f00000, 0x00000000a2000000, 0x00000000a2000000|100%| O|  |TAMS 0x00000000a2000000, 0x00000000a1f00000| Untracked 
|  32|0x00000000a2000000, 0x00000000a2100000, 0x00000000a2100000|100%| O|  |TAMS 0x00000000a2100000, 0x00000000a2000000| Untracked 
|  33|0x00000000a2100000, 0x00000000a2200000, 0x00000000a2200000|100%| O|  |TAMS 0x00000000a2200000, 0x00000000a2100000| Untracked 
|  34|0x00000000a2200000, 0x00000000a2300000, 0x00000000a2300000|100%| O|  |TAMS 0x00000000a2300000, 0x00000000a2200000| Untracked 
|  35|0x00000000a2300000, 0x00000000a2400000, 0x00000000a2400000|100%| O|  |TAMS 0x00000000a2400000, 0x00000000a2300000| Untracked 
|  36|0x00000000a2400000, 0x00000000a2500000, 0x00000000a2500000|100%| O|  |TAMS 0x00000000a2500000, 0x00000000a2400000| Untracked 
|  37|0x00000000a2500000, 0x00000000a2600000, 0x00000000a2600000|100%| O|  |TAMS 0x00000000a2587e00, 0x00000000a2500000| Untracked 
|  38|0x00000000a2600000, 0x00000000a2700000, 0x00000000a2700000|100%| O|  |TAMS 0x00000000a2600000, 0x00000000a2600000| Untracked 
|  39|0x00000000a2700000, 0x00000000a2800000, 0x00000000a2800000|100%| O|  |TAMS 0x00000000a2700000, 0x00000000a2700000| Untracked 
|  40|0x00000000a2800000, 0x00000000a2900000, 0x00000000a2900000|100%| O|  |TAMS 0x00000000a2900000, 0x00000000a2800000| Untracked 
|  41|0x00000000a2900000, 0x00000000a2a00000, 0x00000000a2a00000|100%| O|  |TAMS 0x00000000a2900000, 0x00000000a2900000| Untracked 
|  42|0x00000000a2a00000, 0x00000000a2b00000, 0x00000000a2b00000|100%| O|  |TAMS 0x00000000a2a00000, 0x00000000a2a00000| Untracked 
|  43|0x00000000a2b00000, 0x00000000a2c00000, 0x00000000a2c00000|100%| O|  |TAMS 0x00000000a2c00000, 0x00000000a2b00000| Untracked 
|  44|0x00000000a2c00000, 0x00000000a2d00000, 0x00000000a2d00000|100%| O|  |TAMS 0x00000000a2c00000, 0x00000000a2c00000| Untracked 
|  45|0x00000000a2d00000, 0x00000000a2e00000, 0x00000000a2e00000|100%| O|  |TAMS 0x00000000a2d00000, 0x00000000a2d00000| Untracked 
|  46|0x00000000a2e00000, 0x00000000a2f00000, 0x00000000a2f00000|100%| O|  |TAMS 0x00000000a2e00000, 0x00000000a2e00000| Untracked 
|  47|0x00000000a2f00000, 0x00000000a3000000, 0x00000000a3000000|100%| O|  |TAMS 0x00000000a2f00000, 0x00000000a2f00000| Untracked 
|  48|0x00000000a3000000, 0x00000000a3100000, 0x00000000a3100000|100%| O|  |TAMS 0x00000000a3000000, 0x00000000a3000000| Untracked 
|  49|0x00000000a3100000, 0x00000000a3200000, 0x00000000a3200000|100%| O|  |TAMS 0x00000000a3100000, 0x00000000a3100000| Untracked 
|  50|0x00000000a3200000, 0x00000000a3300000, 0x00000000a3300000|100%| O|  |TAMS 0x00000000a3200000, 0x00000000a3200000| Untracked 
|  51|0x00000000a3300000, 0x00000000a3400000, 0x00000000a3400000|100%|HS|  |TAMS 0x00000000a3300000, 0x00000000a3300000| Complete 
|  52|0x00000000a3400000, 0x00000000a3500000, 0x00000000a3500000|100%| O|  |TAMS 0x00000000a3500000, 0x00000000a3400000| Untracked 
|  53|0x00000000a3500000, 0x00000000a3600000, 0x00000000a3600000|100%| O|  |TAMS 0x00000000a3500000, 0x00000000a3500000| Untracked 
|  54|0x00000000a3600000, 0x00000000a3700000, 0x00000000a3700000|100%| O|  |TAMS 0x00000000a3700000, 0x00000000a3600000| Untracked 
|  55|0x00000000a3700000, 0x00000000a3800000, 0x00000000a3800000|100%| O|  |TAMS 0x00000000a3800000, 0x00000000a3700000| Untracked 
|  56|0x00000000a3800000, 0x00000000a3900000, 0x00000000a3900000|100%| O|  |TAMS 0x00000000a3900000, 0x00000000a3800000| Untracked 
|  57|0x00000000a3900000, 0x00000000a3a00000, 0x00000000a3a00000|100%| O|  |TAMS 0x00000000a3900000, 0x00000000a3900000| Untracked 
|  58|0x00000000a3a00000, 0x00000000a3b00000, 0x00000000a3b00000|100%| O|  |TAMS 0x00000000a3a00000, 0x00000000a3a00000| Untracked 
|  59|0x00000000a3b00000, 0x00000000a3c00000, 0x00000000a3c00000|100%| O|  |TAMS 0x00000000a3b00000, 0x00000000a3b00000| Untracked 
|  60|0x00000000a3c00000, 0x00000000a3d00000, 0x00000000a3d00000|100%| O|  |TAMS 0x00000000a3c00000, 0x00000000a3c00000| Untracked 
|  61|0x00000000a3d00000, 0x00000000a3e00000, 0x00000000a3e00000|100%| O|  |TAMS 0x00000000a3d00000, 0x00000000a3d00000| Untracked 
|  62|0x00000000a3e00000, 0x00000000a3f00000, 0x00000000a3f00000|100%| O|  |TAMS 0x00000000a3f00000, 0x00000000a3e00000| Untracked 
|  63|0x00000000a3f00000, 0x00000000a4000000, 0x00000000a4000000|100%| O|  |TAMS 0x00000000a3f00000, 0x00000000a3f00000| Untracked 
|  64|0x00000000a4000000, 0x00000000a4100000, 0x00000000a4100000|100%| O|  |TAMS 0x00000000a4000000, 0x00000000a4000000| Untracked 
|  65|0x00000000a4100000, 0x00000000a4200000, 0x00000000a4200000|100%| O|  |TAMS 0x00000000a4100000, 0x00000000a4100000| Untracked 
|  66|0x00000000a4200000, 0x00000000a4300000, 0x00000000a4300000|100%| O|  |TAMS 0x00000000a4200000, 0x00000000a4200000| Untracked 
|  67|0x00000000a4300000, 0x00000000a4400000, 0x00000000a4400000|100%| O|  |TAMS 0x00000000a4300000, 0x00000000a4300000| Untracked 
|  68|0x00000000a4400000, 0x00000000a4500000, 0x00000000a4500000|100%| O|  |TAMS 0x00000000a4400000, 0x00000000a4400000| Untracked 
|  69|0x00000000a4500000, 0x00000000a4600000, 0x00000000a4600000|100%| O|  |TAMS 0x00000000a4500000, 0x00000000a4500000| Untracked 
|  70|0x00000000a4600000, 0x00000000a4700000, 0x00000000a4700000|100%| O|  |TAMS 0x00000000a4600000, 0x00000000a4600000| Untracked 
|  71|0x00000000a4700000, 0x00000000a4800000, 0x00000000a4800000|100%| O|  |TAMS 0x00000000a4700000, 0x00000000a4700000| Untracked 
|  72|0x00000000a4800000, 0x00000000a4900000, 0x00000000a4900000|100%| O|  |TAMS 0x00000000a4800000, 0x00000000a4800000| Untracked 
|  73|0x00000000a4900000, 0x00000000a4a00000, 0x00000000a4a00000|100%| O|  |TAMS 0x00000000a4900000, 0x00000000a4900000| Untracked 
|  74|0x00000000a4a00000, 0x00000000a4b00000, 0x00000000a4b00000|100%| O|  |TAMS 0x00000000a4a00000, 0x00000000a4a00000| Untracked 
|  75|0x00000000a4b00000, 0x00000000a4c00000, 0x00000000a4c00000|100%| O|  |TAMS 0x00000000a4b00000, 0x00000000a4b00000| Untracked 
|  76|0x00000000a4c00000, 0x00000000a4d00000, 0x00000000a4d00000|100%| O|  |TAMS 0x00000000a4c00000, 0x00000000a4c00000| Untracked 
|  77|0x00000000a4d00000, 0x00000000a4e00000, 0x00000000a4e00000|100%| O|  |TAMS 0x00000000a4d00000, 0x00000000a4d00000| Untracked 
|  78|0x00000000a4e00000, 0x00000000a4f00000, 0x00000000a4f00000|100%| O|  |TAMS 0x00000000a4f00000, 0x00000000a4e00000| Untracked 
|  79|0x00000000a4f00000, 0x00000000a5000000, 0x00000000a5000000|100%| O|  |TAMS 0x00000000a4f00000, 0x00000000a4f00000| Untracked 
|  80|0x00000000a5000000, 0x00000000a5100000, 0x00000000a5100000|100%| O|  |TAMS 0x00000000a5100000, 0x00000000a5000000| Untracked 
|  81|0x00000000a5100000, 0x00000000a5200000, 0x00000000a5200000|100%| O|  |TAMS 0x00000000a5100000, 0x00000000a5100000| Untracked 
|  82|0x00000000a5200000, 0x00000000a5300000, 0x00000000a5300000|100%| O|  |TAMS 0x00000000a5200000, 0x00000000a5200000| Untracked 
|  83|0x00000000a5300000, 0x00000000a5400000, 0x00000000a5400000|100%| O|  |TAMS 0x00000000a5400000, 0x00000000a5300000| Untracked 
|  84|0x00000000a5400000, 0x00000000a5500000, 0x00000000a5500000|100%| O|  |TAMS 0x00000000a5500000, 0x00000000a5400000| Untracked 
|  85|0x00000000a5500000, 0x00000000a5600000, 0x00000000a5600000|100%| O|  |TAMS 0x00000000a5500000, 0x00000000a5500000| Untracked 
|  86|0x00000000a5600000, 0x00000000a5700000, 0x00000000a5700000|100%| O|  |TAMS 0x00000000a5700000, 0x00000000a5600000| Untracked 
|  87|0x00000000a5700000, 0x00000000a5800000, 0x00000000a5800000|100%| O|  |TAMS 0x00000000a5800000, 0x00000000a5700000| Untracked 
|  88|0x00000000a5800000, 0x00000000a5900000, 0x00000000a5900000|100%| O|  |TAMS 0x00000000a5900000, 0x00000000a5800000| Untracked 
|  89|0x00000000a5900000, 0x00000000a5a00000, 0x00000000a5a00000|100%| O|  |TAMS 0x00000000a5a00000, 0x00000000a5900000| Untracked 
|  90|0x00000000a5a00000, 0x00000000a5b00000, 0x00000000a5b00000|100%| O|  |TAMS 0x00000000a5b00000, 0x00000000a5a00000| Untracked 
|  91|0x00000000a5b00000, 0x00000000a5c00000, 0x00000000a5c00000|100%| O|  |TAMS 0x00000000a5c00000, 0x00000000a5b00000| Untracked 
|  92|0x00000000a5c00000, 0x00000000a5d00000, 0x00000000a5d00000|100%| O|  |TAMS 0x00000000a5c00000, 0x00000000a5c00000| Untracked 
|  93|0x00000000a5d00000, 0x00000000a5e00000, 0x00000000a5e00000|100%| O|  |TAMS 0x00000000a5d00000, 0x00000000a5d00000| Untracked 
|  94|0x00000000a5e00000, 0x00000000a5f00000, 0x00000000a5f00000|100%| O|  |TAMS 0x00000000a5e00000, 0x00000000a5e00000| Untracked 
|  95|0x00000000a5f00000, 0x00000000a6000000, 0x00000000a6000000|100%| O|  |TAMS 0x00000000a5f00000, 0x00000000a5f00000| Untracked 
|  96|0x00000000a6000000, 0x00000000a6100000, 0x00000000a6100000|100%| O|  |TAMS 0x00000000a6000000, 0x00000000a6000000| Untracked 
|  97|0x00000000a6100000, 0x00000000a6200000, 0x00000000a6200000|100%| O|  |TAMS 0x00000000a6100000, 0x00000000a6100000| Untracked 
|  98|0x00000000a6200000, 0x00000000a6300000, 0x00000000a6300000|100%| O|  |TAMS 0x00000000a6300000, 0x00000000a6200000| Untracked 
|  99|0x00000000a6300000, 0x00000000a6400000, 0x00000000a6400000|100%| O|  |TAMS 0x00000000a6300000, 0x00000000a6300000| Untracked 
| 100|0x00000000a6400000, 0x00000000a6500000, 0x00000000a6500000|100%| O|  |TAMS 0x00000000a6400000, 0x00000000a6400000| Untracked 
| 101|0x00000000a6500000, 0x00000000a6600000, 0x00000000a6600000|100%| O|  |TAMS 0x00000000a6500000, 0x00000000a6500000| Untracked 
| 102|0x00000000a6600000, 0x00000000a6700000, 0x00000000a6700000|100%| O|  |TAMS 0x00000000a6600000, 0x00000000a6600000| Untracked 
| 103|0x00000000a6700000, 0x00000000a6800000, 0x00000000a6800000|100%| O|  |TAMS 0x00000000a6700000, 0x00000000a6700000| Untracked 
| 104|0x00000000a6800000, 0x00000000a6900000, 0x00000000a6900000|100%| O|  |TAMS 0x00000000a6800000, 0x00000000a6800000| Untracked 
| 105|0x00000000a6900000, 0x00000000a6a00000, 0x00000000a6a00000|100%| O|  |TAMS 0x00000000a6900000, 0x00000000a6900000| Untracked 
| 106|0x00000000a6a00000, 0x00000000a6b00000, 0x00000000a6b00000|100%| O|  |TAMS 0x00000000a6a00000, 0x00000000a6a00000| Untracked 
| 107|0x00000000a6b00000, 0x00000000a6c00000, 0x00000000a6c00000|100%| O|  |TAMS 0x00000000a6b00000, 0x00000000a6b00000| Untracked 
| 108|0x00000000a6c00000, 0x00000000a6d00000, 0x00000000a6d00000|100%| O|  |TAMS 0x00000000a6c00000, 0x00000000a6c00000| Untracked 
| 109|0x00000000a6d00000, 0x00000000a6e00000, 0x00000000a6e00000|100%| O|  |TAMS 0x00000000a6d00000, 0x00000000a6d00000| Untracked 
| 110|0x00000000a6e00000, 0x00000000a6f00000, 0x00000000a6f00000|100%| O|  |TAMS 0x00000000a6e00000, 0x00000000a6e00000| Untracked 
| 111|0x00000000a6f00000, 0x00000000a7000000, 0x00000000a7000000|100%| O|  |TAMS 0x00000000a6f00000, 0x00000000a6f00000| Untracked 
| 112|0x00000000a7000000, 0x00000000a7100000, 0x00000000a7100000|100%| O|  |TAMS 0x00000000a7000000, 0x00000000a7000000| Untracked 
| 113|0x00000000a7100000, 0x00000000a7200000, 0x00000000a7200000|100%| O|  |TAMS 0x00000000a7100000, 0x00000000a7100000| Untracked 
| 114|0x00000000a7200000, 0x00000000a7300000, 0x00000000a7300000|100%| O|  |TAMS 0x00000000a7200000, 0x00000000a7200000| Untracked 
| 115|0x00000000a7300000, 0x00000000a7400000, 0x00000000a7400000|100%| O|  |TAMS 0x00000000a7300000, 0x00000000a7300000| Untracked 
| 116|0x00000000a7400000, 0x00000000a7500000, 0x00000000a7500000|100%| O|  |TAMS 0x00000000a7400000, 0x00000000a7400000| Untracked 
| 117|0x00000000a7500000, 0x00000000a7600000, 0x00000000a7600000|100%| O|  |TAMS 0x00000000a7500000, 0x00000000a7500000| Untracked 
| 118|0x00000000a7600000, 0x00000000a7700000, 0x00000000a7700000|100%| O|  |TAMS 0x00000000a7600000, 0x00000000a7600000| Untracked 
| 119|0x00000000a7700000, 0x00000000a7800000, 0x00000000a7800000|100%| O|  |TAMS 0x00000000a7700000, 0x00000000a7700000| Untracked 
| 120|0x00000000a7800000, 0x00000000a7900000, 0x00000000a7900000|100%| O|  |TAMS 0x00000000a7800000, 0x00000000a7800000| Untracked 
| 121|0x00000000a7900000, 0x00000000a7a00000, 0x00000000a7a00000|100%|HS|  |TAMS 0x00000000a7900000, 0x00000000a7900000| Complete 
| 122|0x00000000a7a00000, 0x00000000a7b00000, 0x00000000a7b00000|100%|HC|  |TAMS 0x00000000a7a00000, 0x00000000a7a00000| Complete 
| 123|0x00000000a7b00000, 0x00000000a7c00000, 0x00000000a7c00000|100%|HC|  |TAMS 0x00000000a7b00000, 0x00000000a7b00000| Complete 
| 124|0x00000000a7c00000, 0x00000000a7d00000, 0x00000000a7d00000|100%| O|  |TAMS 0x00000000a7c00000, 0x00000000a7c00000| Untracked 
| 125|0x00000000a7d00000, 0x00000000a7e00000, 0x00000000a7e00000|100%| O|  |TAMS 0x00000000a7d00000, 0x00000000a7d00000| Untracked 
| 126|0x00000000a7e00000, 0x00000000a7f00000, 0x00000000a7f00000|100%| O|  |TAMS 0x00000000a7e00000, 0x00000000a7e00000| Untracked 
| 127|0x00000000a7f00000, 0x00000000a8000000, 0x00000000a8000000|100%| O|  |TAMS 0x00000000a7f00000, 0x00000000a7f00000| Untracked 
| 128|0x00000000a8000000, 0x00000000a8100000, 0x00000000a8100000|100%| O|  |TAMS 0x00000000a8000000, 0x00000000a8000000| Untracked 
| 129|0x00000000a8100000, 0x00000000a8200000, 0x00000000a8200000|100%| O|  |TAMS 0x00000000a8100000, 0x00000000a8100000| Untracked 
| 130|0x00000000a8200000, 0x00000000a8300000, 0x00000000a8300000|100%| O|  |TAMS 0x00000000a8200000, 0x00000000a8200000| Untracked 
| 131|0x00000000a8300000, 0x00000000a8366e00, 0x00000000a8400000| 40%| O|  |TAMS 0x00000000a8300000, 0x00000000a8300000| Untracked 
| 132|0x00000000a8400000, 0x00000000a8400000, 0x00000000a8500000|  0%| F|  |TAMS 0x00000000a8400000, 0x00000000a8400000| Untracked 
| 133|0x00000000a8500000, 0x00000000a8500000, 0x00000000a8600000|  0%| F|  |TAMS 0x00000000a8500000, 0x00000000a8500000| Untracked 
| 134|0x00000000a8600000, 0x00000000a8600000, 0x00000000a8700000|  0%| F|  |TAMS 0x00000000a8600000, 0x00000000a8600000| Untracked 
| 135|0x00000000a8700000, 0x00000000a8700000, 0x00000000a8800000|  0%| F|  |TAMS 0x00000000a8700000, 0x00000000a8700000| Untracked 
| 136|0x00000000a8800000, 0x00000000a8800000, 0x00000000a8900000|  0%| F|  |TAMS 0x00000000a8800000, 0x00000000a8800000| Untracked 
| 137|0x00000000a8900000, 0x00000000a8900000, 0x00000000a8a00000|  0%| F|  |TAMS 0x00000000a8900000, 0x00000000a8900000| Untracked 
| 138|0x00000000a8a00000, 0x00000000a8a00000, 0x00000000a8b00000|  0%| F|  |TAMS 0x00000000a8a00000, 0x00000000a8a00000| Untracked 
| 139|0x00000000a8b00000, 0x00000000a8b00000, 0x00000000a8c00000|  0%| F|  |TAMS 0x00000000a8b00000, 0x00000000a8b00000| Untracked 
| 140|0x00000000a8c00000, 0x00000000a8c00000, 0x00000000a8d00000|  0%| F|  |TAMS 0x00000000a8c00000, 0x00000000a8c00000| Untracked 
| 141|0x00000000a8d00000, 0x00000000a8d00000, 0x00000000a8e00000|  0%| F|  |TAMS 0x00000000a8d00000, 0x00000000a8d00000| Untracked 
| 142|0x00000000a8e00000, 0x00000000a8e00000, 0x00000000a8f00000|  0%| F|  |TAMS 0x00000000a8e00000, 0x00000000a8e00000| Untracked 
| 143|0x00000000a8f00000, 0x00000000a8f00000, 0x00000000a9000000|  0%| F|  |TAMS 0x00000000a8f00000, 0x00000000a8f00000| Untracked 
| 144|0x00000000a9000000, 0x00000000a9000000, 0x00000000a9100000|  0%| F|  |TAMS 0x00000000a9000000, 0x00000000a9000000| Untracked 
| 145|0x00000000a9100000, 0x00000000a9100000, 0x00000000a9200000|  0%| F|  |TAMS 0x00000000a9100000, 0x00000000a9100000| Untracked 
| 146|0x00000000a9200000, 0x00000000a9200000, 0x00000000a9300000|  0%| F|  |TAMS 0x00000000a9200000, 0x00000000a9200000| Untracked 
| 147|0x00000000a9300000, 0x00000000a9300000, 0x00000000a9400000|  0%| F|  |TAMS 0x00000000a9300000, 0x00000000a9300000| Untracked 
| 148|0x00000000a9400000, 0x00000000a9400000, 0x00000000a9500000|  0%| F|  |TAMS 0x00000000a9400000, 0x00000000a9400000| Untracked 
| 149|0x00000000a9500000, 0x00000000a9500000, 0x00000000a9600000|  0%| F|  |TAMS 0x00000000a9500000, 0x00000000a9500000| Untracked 
| 150|0x00000000a9600000, 0x00000000a9600000, 0x00000000a9700000|  0%| F|  |TAMS 0x00000000a9600000, 0x00000000a9600000| Untracked 
| 151|0x00000000a9700000, 0x00000000a9700000, 0x00000000a9800000|  0%| F|  |TAMS 0x00000000a9700000, 0x00000000a9700000| Untracked 
| 152|0x00000000a9800000, 0x00000000a9800000, 0x00000000a9900000|  0%| F|  |TAMS 0x00000000a9800000, 0x00000000a9800000| Untracked 
| 153|0x00000000a9900000, 0x00000000a9900000, 0x00000000a9a00000|  0%| F|  |TAMS 0x00000000a9900000, 0x00000000a9900000| Untracked 
| 154|0x00000000a9a00000, 0x00000000a9a00000, 0x00000000a9b00000|  0%| F|  |TAMS 0x00000000a9a00000, 0x00000000a9a00000| Untracked 
| 155|0x00000000a9b00000, 0x00000000a9b00000, 0x00000000a9c00000|  0%| F|  |TAMS 0x00000000a9b00000, 0x00000000a9b00000| Untracked 
| 156|0x00000000a9c00000, 0x00000000a9c00000, 0x00000000a9d00000|  0%| F|  |TAMS 0x00000000a9c00000, 0x00000000a9c00000| Untracked 
| 157|0x00000000a9d00000, 0x00000000a9d00000, 0x00000000a9e00000|  0%| F|  |TAMS 0x00000000a9d00000, 0x00000000a9d00000| Untracked 
| 158|0x00000000a9e00000, 0x00000000a9e00000, 0x00000000a9f00000|  0%| F|  |TAMS 0x00000000a9e00000, 0x00000000a9e00000| Untracked 
| 159|0x00000000a9f00000, 0x00000000a9f00000, 0x00000000aa000000|  0%| F|  |TAMS 0x00000000a9f00000, 0x00000000a9f00000| Untracked 
| 160|0x00000000aa000000, 0x00000000aa000000, 0x00000000aa100000|  0%| F|  |TAMS 0x00000000aa000000, 0x00000000aa000000| Untracked 
| 161|0x00000000aa100000, 0x00000000aa100000, 0x00000000aa200000|  0%| F|  |TAMS 0x00000000aa100000, 0x00000000aa100000| Untracked 
| 162|0x00000000aa200000, 0x00000000aa200000, 0x00000000aa300000|  0%| F|  |TAMS 0x00000000aa200000, 0x00000000aa200000| Untracked 
| 163|0x00000000aa300000, 0x00000000aa300000, 0x00000000aa400000|  0%| F|  |TAMS 0x00000000aa300000, 0x00000000aa300000| Untracked 
| 164|0x00000000aa400000, 0x00000000aa400000, 0x00000000aa500000|  0%| F|  |TAMS 0x00000000aa400000, 0x00000000aa400000| Untracked 
| 165|0x00000000aa500000, 0x00000000aa500000, 0x00000000aa600000|  0%| F|  |TAMS 0x00000000aa500000, 0x00000000aa500000| Untracked 
| 166|0x00000000aa600000, 0x00000000aa6e2bf0, 0x00000000aa700000| 88%| S|CS|TAMS 0x00000000aa600000, 0x00000000aa600000| Complete 
| 167|0x00000000aa700000, 0x00000000aa800000, 0x00000000aa800000|100%| S|CS|TAMS 0x00000000aa700000, 0x00000000aa700000| Complete 
| 168|0x00000000aa800000, 0x00000000aa900000, 0x00000000aa900000|100%| S|CS|TAMS 0x00000000aa800000, 0x00000000aa800000| Complete 
| 169|0x00000000aa900000, 0x00000000aaa00000, 0x00000000aaa00000|100%| S|CS|TAMS 0x00000000aa900000, 0x00000000aa900000| Complete 
| 170|0x00000000aaa00000, 0x00000000aaa00000, 0x00000000aab00000|  0%| F|  |TAMS 0x00000000aaa00000, 0x00000000aaa00000| Untracked 
| 171|0x00000000aab00000, 0x00000000aab00000, 0x00000000aac00000|  0%| F|  |TAMS 0x00000000aab00000, 0x00000000aab00000| Untracked 
| 172|0x00000000aac00000, 0x00000000aac00000, 0x00000000aad00000|  0%| F|  |TAMS 0x00000000aac00000, 0x00000000aac00000| Untracked 
| 173|0x00000000aad00000, 0x00000000aad00000, 0x00000000aae00000|  0%| F|  |TAMS 0x00000000aad00000, 0x00000000aad00000| Untracked 
| 174|0x00000000aae00000, 0x00000000aaf00000, 0x00000000aaf00000|100%| S|CS|TAMS 0x00000000aae00000, 0x00000000aae00000| Complete 
| 175|0x00000000aaf00000, 0x00000000ab000000, 0x00000000ab000000|100%| S|CS|TAMS 0x00000000aaf00000, 0x00000000aaf00000| Complete 
| 176|0x00000000ab000000, 0x00000000ab100000, 0x00000000ab100000|100%| S|CS|TAMS 0x00000000ab000000, 0x00000000ab000000| Complete 
| 177|0x00000000ab100000, 0x00000000ab200000, 0x00000000ab200000|100%| S|CS|TAMS 0x00000000ab100000, 0x00000000ab100000| Complete 
| 178|0x00000000ab200000, 0x00000000ab300000, 0x00000000ab300000|100%| S|CS|TAMS 0x00000000ab200000, 0x00000000ab200000| Complete 
| 179|0x00000000ab300000, 0x00000000ab400000, 0x00000000ab400000|100%| S|CS|TAMS 0x00000000ab300000, 0x00000000ab300000| Complete 
| 180|0x00000000ab400000, 0x00000000ab500000, 0x00000000ab500000|100%| S|CS|TAMS 0x00000000ab400000, 0x00000000ab400000| Complete 
| 181|0x00000000ab500000, 0x00000000ab500000, 0x00000000ab600000|  0%| F|  |TAMS 0x00000000ab500000, 0x00000000ab500000| Untracked 
| 182|0x00000000ab600000, 0x00000000ab600000, 0x00000000ab700000|  0%| F|  |TAMS 0x00000000ab600000, 0x00000000ab600000| Untracked 
| 183|0x00000000ab700000, 0x00000000ab800000, 0x00000000ab800000|100%| S|CS|TAMS 0x00000000ab700000, 0x00000000ab700000| Complete 
| 184|0x00000000ab800000, 0x00000000ab800000, 0x00000000ab900000|  0%| F|  |TAMS 0x00000000ab800000, 0x00000000ab800000| Untracked 
| 185|0x00000000ab900000, 0x00000000ab900000, 0x00000000aba00000|  0%| F|  |TAMS 0x00000000ab900000, 0x00000000ab900000| Untracked 
| 186|0x00000000aba00000, 0x00000000aba00000, 0x00000000abb00000|  0%| F|  |TAMS 0x00000000aba00000, 0x00000000aba00000| Untracked 
| 187|0x00000000abb00000, 0x00000000abb00000, 0x00000000abc00000|  0%| F|  |TAMS 0x00000000abb00000, 0x00000000abb00000| Untracked 
| 188|0x00000000abc00000, 0x00000000abc00000, 0x00000000abd00000|  0%| F|  |TAMS 0x00000000abc00000, 0x00000000abc00000| Untracked 
| 189|0x00000000abd00000, 0x00000000abd00000, 0x00000000abe00000|  0%| F|  |TAMS 0x00000000abd00000, 0x00000000abd00000| Untracked 
| 190|0x00000000abe00000, 0x00000000abe00000, 0x00000000abf00000|  0%| F|  |TAMS 0x00000000abe00000, 0x00000000abe00000| Untracked 
| 191|0x00000000abf00000, 0x00000000abf00000, 0x00000000ac000000|  0%| F|  |TAMS 0x00000000abf00000, 0x00000000abf00000| Untracked 
| 192|0x00000000ac000000, 0x00000000ac000000, 0x00000000ac100000|  0%| F|  |TAMS 0x00000000ac000000, 0x00000000ac000000| Untracked 
| 193|0x00000000ac100000, 0x00000000ac100000, 0x00000000ac200000|  0%| F|  |TAMS 0x00000000ac100000, 0x00000000ac100000| Untracked 
| 194|0x00000000ac200000, 0x00000000ac200000, 0x00000000ac300000|  0%| F|  |TAMS 0x00000000ac200000, 0x00000000ac200000| Untracked 
| 195|0x00000000ac300000, 0x00000000ac300000, 0x00000000ac400000|  0%| F|  |TAMS 0x00000000ac300000, 0x00000000ac300000| Untracked 
| 196|0x00000000ac400000, 0x00000000ac400000, 0x00000000ac500000|  0%| F|  |TAMS 0x00000000ac400000, 0x00000000ac400000| Untracked 
| 197|0x00000000ac500000, 0x00000000ac500000, 0x00000000ac600000|  0%| F|  |TAMS 0x00000000ac500000, 0x00000000ac500000| Untracked 
| 198|0x00000000ac600000, 0x00000000ac600000, 0x00000000ac700000|  0%| F|  |TAMS 0x00000000ac600000, 0x00000000ac600000| Untracked 
| 199|0x00000000ac700000, 0x00000000ac700000, 0x00000000ac800000|  0%| F|  |TAMS 0x00000000ac700000, 0x00000000ac700000| Untracked 
| 200|0x00000000ac800000, 0x00000000ac800000, 0x00000000ac900000|  0%| F|  |TAMS 0x00000000ac800000, 0x00000000ac800000| Untracked 
| 201|0x00000000ac900000, 0x00000000ac900000, 0x00000000aca00000|  0%| F|  |TAMS 0x00000000ac900000, 0x00000000ac900000| Untracked 
| 202|0x00000000aca00000, 0x00000000aca00000, 0x00000000acb00000|  0%| F|  |TAMS 0x00000000aca00000, 0x00000000aca00000| Untracked 
| 203|0x00000000acb00000, 0x00000000acb00000, 0x00000000acc00000|  0%| F|  |TAMS 0x00000000acb00000, 0x00000000acb00000| Untracked 
| 204|0x00000000acc00000, 0x00000000acc00000, 0x00000000acd00000|  0%| F|  |TAMS 0x00000000acc00000, 0x00000000acc00000| Untracked 
| 205|0x00000000acd00000, 0x00000000acd00000, 0x00000000ace00000|  0%| F|  |TAMS 0x00000000acd00000, 0x00000000acd00000| Untracked 
| 206|0x00000000ace00000, 0x00000000ace00000, 0x00000000acf00000|  0%| F|  |TAMS 0x00000000ace00000, 0x00000000ace00000| Untracked 
| 207|0x00000000acf00000, 0x00000000acf00000, 0x00000000ad000000|  0%| F|  |TAMS 0x00000000acf00000, 0x00000000acf00000| Untracked 
| 208|0x00000000ad000000, 0x00000000ad000000, 0x00000000ad100000|  0%| F|  |TAMS 0x00000000ad000000, 0x00000000ad000000| Untracked 
| 209|0x00000000ad100000, 0x00000000ad100000, 0x00000000ad200000|  0%| F|  |TAMS 0x00000000ad100000, 0x00000000ad100000| Untracked 
| 210|0x00000000ad200000, 0x00000000ad200000, 0x00000000ad300000|  0%| F|  |TAMS 0x00000000ad200000, 0x00000000ad200000| Untracked 
| 211|0x00000000ad300000, 0x00000000ad300000, 0x00000000ad400000|  0%| F|  |TAMS 0x00000000ad300000, 0x00000000ad300000| Untracked 
| 212|0x00000000ad400000, 0x00000000ad400000, 0x00000000ad500000|  0%| F|  |TAMS 0x00000000ad400000, 0x00000000ad400000| Untracked 
| 213|0x00000000ad500000, 0x00000000ad500000, 0x00000000ad600000|  0%| F|  |TAMS 0x00000000ad500000, 0x00000000ad500000| Untracked 
| 214|0x00000000ad600000, 0x00000000ad600000, 0x00000000ad700000|  0%| F|  |TAMS 0x00000000ad600000, 0x00000000ad600000| Untracked 
| 215|0x00000000ad700000, 0x00000000ad700000, 0x00000000ad800000|  0%| F|  |TAMS 0x00000000ad700000, 0x00000000ad700000| Untracked 
| 216|0x00000000ad800000, 0x00000000ad800000, 0x00000000ad900000|  0%| F|  |TAMS 0x00000000ad800000, 0x00000000ad800000| Untracked 
| 217|0x00000000ad900000, 0x00000000ad900000, 0x00000000ada00000|  0%| F|  |TAMS 0x00000000ad900000, 0x00000000ad900000| Untracked 
| 218|0x00000000ada00000, 0x00000000ada00000, 0x00000000adb00000|  0%| F|  |TAMS 0x00000000ada00000, 0x00000000ada00000| Untracked 
| 219|0x00000000adb00000, 0x00000000adb00000, 0x00000000adc00000|  0%| F|  |TAMS 0x00000000adb00000, 0x00000000adb00000| Untracked 
| 220|0x00000000adc00000, 0x00000000adc00000, 0x00000000add00000|  0%| F|  |TAMS 0x00000000adc00000, 0x00000000adc00000| Untracked 
| 221|0x00000000add00000, 0x00000000add00000, 0x00000000ade00000|  0%| F|  |TAMS 0x00000000add00000, 0x00000000add00000| Untracked 
| 222|0x00000000ade00000, 0x00000000ade00000, 0x00000000adf00000|  0%| F|  |TAMS 0x00000000ade00000, 0x00000000ade00000| Untracked 
| 223|0x00000000adf00000, 0x00000000adf00000, 0x00000000ae000000|  0%| F|  |TAMS 0x00000000adf00000, 0x00000000adf00000| Untracked 
| 224|0x00000000ae000000, 0x00000000ae000000, 0x00000000ae100000|  0%| F|  |TAMS 0x00000000ae000000, 0x00000000ae000000| Untracked 
| 225|0x00000000ae100000, 0x00000000ae100000, 0x00000000ae200000|  0%| F|  |TAMS 0x00000000ae100000, 0x00000000ae100000| Untracked 
| 226|0x00000000ae200000, 0x00000000ae200000, 0x00000000ae300000|  0%| F|  |TAMS 0x00000000ae200000, 0x00000000ae200000| Untracked 
| 227|0x00000000ae300000, 0x00000000ae300000, 0x00000000ae400000|  0%| F|  |TAMS 0x00000000ae300000, 0x00000000ae300000| Untracked 
| 228|0x00000000ae400000, 0x00000000ae400000, 0x00000000ae500000|  0%| F|  |TAMS 0x00000000ae400000, 0x00000000ae400000| Untracked 
| 229|0x00000000ae500000, 0x00000000ae500000, 0x00000000ae600000|  0%| F|  |TAMS 0x00000000ae500000, 0x00000000ae500000| Untracked 
| 230|0x00000000ae600000, 0x00000000ae600000, 0x00000000ae700000|  0%| F|  |TAMS 0x00000000ae600000, 0x00000000ae600000| Untracked 
| 231|0x00000000ae700000, 0x00000000ae700000, 0x00000000ae800000|  0%| F|  |TAMS 0x00000000ae700000, 0x00000000ae700000| Untracked 
| 232|0x00000000ae800000, 0x00000000ae800000, 0x00000000ae900000|  0%| F|  |TAMS 0x00000000ae800000, 0x00000000ae800000| Untracked 
| 233|0x00000000ae900000, 0x00000000ae900000, 0x00000000aea00000|  0%| F|  |TAMS 0x00000000ae900000, 0x00000000ae900000| Untracked 
| 234|0x00000000aea00000, 0x00000000aea00000, 0x00000000aeb00000|  0%| F|  |TAMS 0x00000000aea00000, 0x00000000aea00000| Untracked 
| 235|0x00000000aeb00000, 0x00000000aeb00000, 0x00000000aec00000|  0%| F|  |TAMS 0x00000000aeb00000, 0x00000000aeb00000| Untracked 
| 236|0x00000000aec00000, 0x00000000aec00000, 0x00000000aed00000|  0%| F|  |TAMS 0x00000000aec00000, 0x00000000aec00000| Untracked 
| 237|0x00000000aed00000, 0x00000000aed00000, 0x00000000aee00000|  0%| F|  |TAMS 0x00000000aed00000, 0x00000000aed00000| Untracked 
| 238|0x00000000aee00000, 0x00000000aee00000, 0x00000000aef00000|  0%| F|  |TAMS 0x00000000aee00000, 0x00000000aee00000| Untracked 
| 239|0x00000000aef00000, 0x00000000aef00000, 0x00000000af000000|  0%| F|  |TAMS 0x00000000aef00000, 0x00000000aef00000| Untracked 
| 240|0x00000000af000000, 0x00000000af000000, 0x00000000af100000|  0%| F|  |TAMS 0x00000000af000000, 0x00000000af000000| Untracked 
| 241|0x00000000af100000, 0x00000000af100000, 0x00000000af200000|  0%| F|  |TAMS 0x00000000af100000, 0x00000000af100000| Untracked 
| 242|0x00000000af200000, 0x00000000af200000, 0x00000000af300000|  0%| F|  |TAMS 0x00000000af200000, 0x00000000af200000| Untracked 
| 243|0x00000000af300000, 0x00000000af300000, 0x00000000af400000|  0%| F|  |TAMS 0x00000000af300000, 0x00000000af300000| Untracked 
| 244|0x00000000af400000, 0x00000000af400000, 0x00000000af500000|  0%| F|  |TAMS 0x00000000af400000, 0x00000000af400000| Untracked 
| 245|0x00000000af500000, 0x00000000af500000, 0x00000000af600000|  0%| F|  |TAMS 0x00000000af500000, 0x00000000af500000| Untracked 
| 246|0x00000000af600000, 0x00000000af600000, 0x00000000af700000|  0%| F|  |TAMS 0x00000000af600000, 0x00000000af600000| Untracked 
| 247|0x00000000af700000, 0x00000000af700000, 0x00000000af800000|  0%| F|  |TAMS 0x00000000af700000, 0x00000000af700000| Untracked 
| 248|0x00000000af800000, 0x00000000af800000, 0x00000000af900000|  0%| F|  |TAMS 0x00000000af800000, 0x00000000af800000| Untracked 
| 249|0x00000000af900000, 0x00000000af900000, 0x00000000afa00000|  0%| F|  |TAMS 0x00000000af900000, 0x00000000af900000| Untracked 
| 250|0x00000000afa00000, 0x00000000afa00000, 0x00000000afb00000|  0%| F|  |TAMS 0x00000000afa00000, 0x00000000afa00000| Untracked 
| 251|0x00000000afb00000, 0x00000000afb00000, 0x00000000afc00000|  0%| F|  |TAMS 0x00000000afb00000, 0x00000000afb00000| Untracked 
| 252|0x00000000afc00000, 0x00000000afc00000, 0x00000000afd00000|  0%| F|  |TAMS 0x00000000afc00000, 0x00000000afc00000| Untracked 
| 253|0x00000000afd00000, 0x00000000afd00000, 0x00000000afe00000|  0%| F|  |TAMS 0x00000000afd00000, 0x00000000afd00000| Untracked 
| 254|0x00000000afe00000, 0x00000000afe00000, 0x00000000aff00000|  0%| F|  |TAMS 0x00000000afe00000, 0x00000000afe00000| Untracked 
| 255|0x00000000aff00000, 0x00000000aff00000, 0x00000000b0000000|  0%| F|  |TAMS 0x00000000aff00000, 0x00000000aff00000| Untracked 
| 256|0x00000000b0000000, 0x00000000b0000000, 0x00000000b0100000|  0%| F|  |TAMS 0x00000000b0000000, 0x00000000b0000000| Untracked 
| 257|0x00000000b0100000, 0x00000000b0100000, 0x00000000b0200000|  0%| F|  |TAMS 0x00000000b0100000, 0x00000000b0100000| Untracked 
| 258|0x00000000b0200000, 0x00000000b0200000, 0x00000000b0300000|  0%| F|  |TAMS 0x00000000b0200000, 0x00000000b0200000| Untracked 
| 259|0x00000000b0300000, 0x00000000b0300000, 0x00000000b0400000|  0%| F|  |TAMS 0x00000000b0300000, 0x00000000b0300000| Untracked 
| 260|0x00000000b0400000, 0x00000000b0400000, 0x00000000b0500000|  0%| F|  |TAMS 0x00000000b0400000, 0x00000000b0400000| Untracked 
| 261|0x00000000b0500000, 0x00000000b0500000, 0x00000000b0600000|  0%| F|  |TAMS 0x00000000b0500000, 0x00000000b0500000| Untracked 
| 262|0x00000000b0600000, 0x00000000b0600000, 0x00000000b0700000|  0%| F|  |TAMS 0x00000000b0600000, 0x00000000b0600000| Untracked 
| 263|0x00000000b0700000, 0x00000000b0700000, 0x00000000b0800000|  0%| F|  |TAMS 0x00000000b0700000, 0x00000000b0700000| Untracked 
| 264|0x00000000b0800000, 0x00000000b0800000, 0x00000000b0900000|  0%| F|  |TAMS 0x00000000b0800000, 0x00000000b0800000| Untracked 
| 265|0x00000000b0900000, 0x00000000b0900000, 0x00000000b0a00000|  0%| F|  |TAMS 0x00000000b0900000, 0x00000000b0900000| Untracked 
| 266|0x00000000b0a00000, 0x00000000b0a00000, 0x00000000b0b00000|  0%| F|  |TAMS 0x00000000b0a00000, 0x00000000b0a00000| Untracked 
| 267|0x00000000b0b00000, 0x00000000b0b00000, 0x00000000b0c00000|  0%| F|  |TAMS 0x00000000b0b00000, 0x00000000b0b00000| Untracked 
| 268|0x00000000b0c00000, 0x00000000b0c00000, 0x00000000b0d00000|  0%| F|  |TAMS 0x00000000b0c00000, 0x00000000b0c00000| Untracked 
| 269|0x00000000b0d00000, 0x00000000b0d00000, 0x00000000b0e00000|  0%| F|  |TAMS 0x00000000b0d00000, 0x00000000b0d00000| Untracked 
| 270|0x00000000b0e00000, 0x00000000b0e00000, 0x00000000b0f00000|  0%| F|  |TAMS 0x00000000b0e00000, 0x00000000b0e00000| Untracked 
| 271|0x00000000b0f00000, 0x00000000b0f00000, 0x00000000b1000000|  0%| F|  |TAMS 0x00000000b0f00000, 0x00000000b0f00000| Untracked 
| 272|0x00000000b1000000, 0x00000000b1000000, 0x00000000b1100000|  0%| F|  |TAMS 0x00000000b1000000, 0x00000000b1000000| Untracked 
| 273|0x00000000b1100000, 0x00000000b1100000, 0x00000000b1200000|  0%| F|  |TAMS 0x00000000b1100000, 0x00000000b1100000| Untracked 
| 274|0x00000000b1200000, 0x00000000b1200000, 0x00000000b1300000|  0%| F|  |TAMS 0x00000000b1200000, 0x00000000b1200000| Untracked 
| 275|0x00000000b1300000, 0x00000000b1300000, 0x00000000b1400000|  0%| F|  |TAMS 0x00000000b1300000, 0x00000000b1300000| Untracked 
| 276|0x00000000b1400000, 0x00000000b1400000, 0x00000000b1500000|  0%| F|  |TAMS 0x00000000b1400000, 0x00000000b1400000| Untracked 
| 277|0x00000000b1500000, 0x00000000b1500000, 0x00000000b1600000|  0%| F|  |TAMS 0x00000000b1500000, 0x00000000b1500000| Untracked 
| 278|0x00000000b1600000, 0x00000000b1600000, 0x00000000b1700000|  0%| F|  |TAMS 0x00000000b1600000, 0x00000000b1600000| Untracked 
| 279|0x00000000b1700000, 0x00000000b1700000, 0x00000000b1800000|  0%| F|  |TAMS 0x00000000b1700000, 0x00000000b1700000| Untracked 
| 280|0x00000000b1800000, 0x00000000b1800000, 0x00000000b1900000|  0%| F|  |TAMS 0x00000000b1800000, 0x00000000b1800000| Untracked 
| 281|0x00000000b1900000, 0x00000000b1900000, 0x00000000b1a00000|  0%| F|  |TAMS 0x00000000b1900000, 0x00000000b1900000| Untracked 
| 282|0x00000000b1a00000, 0x00000000b1a00000, 0x00000000b1b00000|  0%| F|  |TAMS 0x00000000b1a00000, 0x00000000b1a00000| Untracked 
| 283|0x00000000b1b00000, 0x00000000b1b00000, 0x00000000b1c00000|  0%| F|  |TAMS 0x00000000b1b00000, 0x00000000b1b00000| Untracked 
| 284|0x00000000b1c00000, 0x00000000b1c00000, 0x00000000b1d00000|  0%| F|  |TAMS 0x00000000b1c00000, 0x00000000b1c00000| Untracked 
| 285|0x00000000b1d00000, 0x00000000b1d00000, 0x00000000b1e00000|  0%| F|  |TAMS 0x00000000b1d00000, 0x00000000b1d00000| Untracked 
| 286|0x00000000b1e00000, 0x00000000b1e00000, 0x00000000b1f00000|  0%| F|  |TAMS 0x00000000b1e00000, 0x00000000b1e00000| Untracked 
| 287|0x00000000b1f00000, 0x00000000b1f00000, 0x00000000b2000000|  0%| F|  |TAMS 0x00000000b1f00000, 0x00000000b1f00000| Untracked 
| 288|0x00000000b2000000, 0x00000000b2000000, 0x00000000b2100000|  0%| F|  |TAMS 0x00000000b2000000, 0x00000000b2000000| Untracked 
| 289|0x00000000b2100000, 0x00000000b2100000, 0x00000000b2200000|  0%| F|  |TAMS 0x00000000b2100000, 0x00000000b2100000| Untracked 
| 290|0x00000000b2200000, 0x00000000b2200000, 0x00000000b2300000|  0%| F|  |TAMS 0x00000000b2200000, 0x00000000b2200000| Untracked 
| 291|0x00000000b2300000, 0x00000000b2300000, 0x00000000b2400000|  0%| F|  |TAMS 0x00000000b2300000, 0x00000000b2300000| Untracked 
| 292|0x00000000b2400000, 0x00000000b2400000, 0x00000000b2500000|  0%| F|  |TAMS 0x00000000b2400000, 0x00000000b2400000| Untracked 
| 293|0x00000000b2500000, 0x00000000b2500000, 0x00000000b2600000|  0%| F|  |TAMS 0x00000000b2500000, 0x00000000b2500000| Untracked 
| 294|0x00000000b2600000, 0x00000000b2600000, 0x00000000b2700000|  0%| F|  |TAMS 0x00000000b2600000, 0x00000000b2600000| Untracked 
| 295|0x00000000b2700000, 0x00000000b2700000, 0x00000000b2800000|  0%| F|  |TAMS 0x00000000b2700000, 0x00000000b2700000| Untracked 
| 296|0x00000000b2800000, 0x00000000b2800000, 0x00000000b2900000|  0%| F|  |TAMS 0x00000000b2800000, 0x00000000b2800000| Untracked 
| 297|0x00000000b2900000, 0x00000000b2900000, 0x00000000b2a00000|  0%| F|  |TAMS 0x00000000b2900000, 0x00000000b2900000| Untracked 
| 298|0x00000000b2a00000, 0x00000000b2a00000, 0x00000000b2b00000|  0%| F|  |TAMS 0x00000000b2a00000, 0x00000000b2a00000| Untracked 
| 299|0x00000000b2b00000, 0x00000000b2b00000, 0x00000000b2c00000|  0%| F|  |TAMS 0x00000000b2b00000, 0x00000000b2b00000| Untracked 
| 300|0x00000000b2c00000, 0x00000000b2c00000, 0x00000000b2d00000|  0%| F|  |TAMS 0x00000000b2c00000, 0x00000000b2c00000| Untracked 
| 301|0x00000000b2d00000, 0x00000000b2d00000, 0x00000000b2e00000|  0%| F|  |TAMS 0x00000000b2d00000, 0x00000000b2d00000| Untracked 
| 302|0x00000000b2e00000, 0x00000000b2e00000, 0x00000000b2f00000|  0%| F|  |TAMS 0x00000000b2e00000, 0x00000000b2e00000| Untracked 
| 303|0x00000000b2f00000, 0x00000000b2f00000, 0x00000000b3000000|  0%| F|  |TAMS 0x00000000b2f00000, 0x00000000b2f00000| Untracked 
| 304|0x00000000b3000000, 0x00000000b3000000, 0x00000000b3100000|  0%| F|  |TAMS 0x00000000b3000000, 0x00000000b3000000| Untracked 
| 305|0x00000000b3100000, 0x00000000b3100000, 0x00000000b3200000|  0%| F|  |TAMS 0x00000000b3100000, 0x00000000b3100000| Untracked 
| 306|0x00000000b3200000, 0x00000000b3200000, 0x00000000b3300000|  0%| F|  |TAMS 0x00000000b3200000, 0x00000000b3200000| Untracked 
| 307|0x00000000b3300000, 0x00000000b3300000, 0x00000000b3400000|  0%| F|  |TAMS 0x00000000b3300000, 0x00000000b3300000| Untracked 
| 308|0x00000000b3400000, 0x00000000b3500000, 0x00000000b3500000|100%| E|  |TAMS 0x00000000b3400000, 0x00000000b3400000| Complete 
| 309|0x00000000b3500000, 0x00000000b3600000, 0x00000000b3600000|100%| E|CS|TAMS 0x00000000b3500000, 0x00000000b3500000| Complete 
| 310|0x00000000b3600000, 0x00000000b3700000, 0x00000000b3700000|100%| E|CS|TAMS 0x00000000b3600000, 0x00000000b3600000| Complete 
| 311|0x00000000b3700000, 0x00000000b3800000, 0x00000000b3800000|100%| E|CS|TAMS 0x00000000b3700000, 0x00000000b3700000| Complete 
| 312|0x00000000b3800000, 0x00000000b3900000, 0x00000000b3900000|100%| E|CS|TAMS 0x00000000b3800000, 0x00000000b3800000| Complete 
| 313|0x00000000b3900000, 0x00000000b3a00000, 0x00000000b3a00000|100%| E|CS|TAMS 0x00000000b3900000, 0x00000000b3900000| Complete 
| 314|0x00000000b3a00000, 0x00000000b3b00000, 0x00000000b3b00000|100%| E|CS|TAMS 0x00000000b3a00000, 0x00000000b3a00000| Complete 
| 315|0x00000000b3b00000, 0x00000000b3c00000, 0x00000000b3c00000|100%| E|CS|TAMS 0x00000000b3b00000, 0x00000000b3b00000| Complete 
| 316|0x00000000b3c00000, 0x00000000b3d00000, 0x00000000b3d00000|100%| E|CS|TAMS 0x00000000b3c00000, 0x00000000b3c00000| Complete 
| 317|0x00000000b3d00000, 0x00000000b3e00000, 0x00000000b3e00000|100%| E|CS|TAMS 0x00000000b3d00000, 0x00000000b3d00000| Complete 
| 318|0x00000000b3e00000, 0x00000000b3f00000, 0x00000000b3f00000|100%| E|CS|TAMS 0x00000000b3e00000, 0x00000000b3e00000| Complete 
| 319|0x00000000b3f00000, 0x00000000b4000000, 0x00000000b4000000|100%| E|CS|TAMS 0x00000000b3f00000, 0x00000000b3f00000| Complete 
| 320|0x00000000b4000000, 0x00000000b4100000, 0x00000000b4100000|100%| E|CS|TAMS 0x00000000b4000000, 0x00000000b4000000| Complete 
| 321|0x00000000b4100000, 0x00000000b4200000, 0x00000000b4200000|100%| E|CS|TAMS 0x00000000b4100000, 0x00000000b4100000| Complete 
| 322|0x00000000b4200000, 0x00000000b4300000, 0x00000000b4300000|100%| E|CS|TAMS 0x00000000b4200000, 0x00000000b4200000| Complete 
| 323|0x00000000b4300000, 0x00000000b4400000, 0x00000000b4400000|100%| E|CS|TAMS 0x00000000b4300000, 0x00000000b4300000| Complete 
| 324|0x00000000b4400000, 0x00000000b4500000, 0x00000000b4500000|100%| E|CS|TAMS 0x00000000b4400000, 0x00000000b4400000| Complete 
| 325|0x00000000b4500000, 0x00000000b4600000, 0x00000000b4600000|100%| E|CS|TAMS 0x00000000b4500000, 0x00000000b4500000| Complete 
| 326|0x00000000b4600000, 0x00000000b4700000, 0x00000000b4700000|100%| E|CS|TAMS 0x00000000b4600000, 0x00000000b4600000| Complete 
| 327|0x00000000b4700000, 0x00000000b4800000, 0x00000000b4800000|100%| E|CS|TAMS 0x00000000b4700000, 0x00000000b4700000| Complete 
| 328|0x00000000b4800000, 0x00000000b4900000, 0x00000000b4900000|100%| E|CS|TAMS 0x00000000b4800000, 0x00000000b4800000| Complete 
| 329|0x00000000b4900000, 0x00000000b4a00000, 0x00000000b4a00000|100%| E|CS|TAMS 0x00000000b4900000, 0x00000000b4900000| Complete 
| 330|0x00000000b4a00000, 0x00000000b4b00000, 0x00000000b4b00000|100%| E|CS|TAMS 0x00000000b4a00000, 0x00000000b4a00000| Complete 
| 331|0x00000000b4b00000, 0x00000000b4c00000, 0x00000000b4c00000|100%| E|CS|TAMS 0x00000000b4b00000, 0x00000000b4b00000| Complete 
|1535|0x00000000fff00000, 0x0000000100000000, 0x0000000100000000|100%| O|  |TAMS 0x0000000100000000, 0x00000000fff00000| Untracked 

Card table byte_map: [0x00000201a2d60000,0x00000201a3060000] _byte_map_base: 0x00000201a2860000

Marking Bits (Prev, Next): (CMBitMap*) 0x000002018bf81100, (CMBitMap*) 0x000002018bf810c0
 Prev Bits: [0x00000201a4b60000, 0x00000201a6360000)
 Next Bits: [0x00000201a3360000, 0x00000201a4b60000)

Polling page: 0x0000020189c50000

Metaspace:

Usage:
  Non-class:    116.19 MB used.
      Class:     16.83 MB used.
       Both:    133.02 MB used.

Virtual space:
  Non-class space:      128.00 MB reserved,     116.69 MB ( 91%) committed,  2 nodes.
      Class space:      416.00 MB reserved,      17.25 MB (  4%) committed,  1 nodes.
             Both:      544.00 MB reserved,     133.94 MB ( 25%) committed. 

Chunk freelists:
   Non-Class:  11.27 MB
       Class:  14.67 MB
        Both:  25.93 MB

MaxMetaspaceSize: 512.00 MB
CompressedClassSpaceSize: 416.00 MB
Initial GC threshold: 21.00 MB
Current GC threshold: 190.56 MB
CDS: on
MetaspaceReclaimPolicy: balanced
 - commit_granule_bytes: 65536.
 - commit_granule_words: 8192.
 - virtual_space_node_default_size: 8388608.
 - enlarge_chunks_in_place: 1.
 - new_chunks_are_fully_committed: 0.
 - uncommit_free_chunks: 1.
 - use_allocation_guard: 0.
 - handle_deallocations: 1.


Internal statistics:

num_allocs_failed_limit: 6.
num_arena_births: 1244.
num_arena_deaths: 0.
num_vsnodes_births: 3.
num_vsnodes_deaths: 0.
num_space_committed: 2142.
num_space_uncommitted: 0.
num_chunks_returned_to_freelist: 6.
num_chunks_taken_from_freelist: 6156.
num_chunk_merges: 6.
num_chunk_splits: 4637.
num_chunks_enlarged: 3682.
num_inconsistent_stats: 0.

CodeHeap 'non-profiled nmethods': size=120000Kb used=8644Kb max_used=8644Kb free=111355Kb
 bounds [0x000002019b530000, 0x000002019bdb0000, 0x00000201a2a60000]
CodeHeap 'profiled nmethods': size=120000Kb used=30178Kb max_used=30178Kb free=89821Kb
 bounds [0x0000020193a60000, 0x00000201957e0000, 0x000002019af90000]
CodeHeap 'non-nmethods': size=5760Kb used=1938Kb max_used=2033Kb free=3821Kb
 bounds [0x000002019af90000, 0x000002019b200000, 0x000002019b530000]
 total_blobs=14995 nmethods=13913 adapters=992
 compilation: enabled
              stopped_count=0, restarted_count=0
 full_count=0

Compilation events (20 events):
Event: 142.834 Thread 0x00000201a881fd60 nmethod 15942 0x000002019bd7fb90 code [0x000002019bd800a0, 0x000002019bd86d60]
Event: 142.835 Thread 0x00000201a881fd60 16162 %     4       org.objectweb.asm.ByteVector::encodeUtf8 @ 12 (337 bytes)
Event: 142.876 Thread 0x00000201a881fd60 nmethod 16162% 0x000002019bd89590 code [0x000002019bd89740, 0x000002019bd8a818]
Event: 142.876 Thread 0x00000201a881fd60 16094       4       org.objectweb.asm.AnnotationWriter::computeAnnotationsSize (42 bytes)
Event: 142.878 Thread 0x00000201a881fd60 nmethod 16094 0x000002019bd8ad90 code [0x000002019bd8af20, 0x000002019bd8b028]
Event: 142.878 Thread 0x00000201a881fd60 15391       4       org.objectweb.asm.ClassReader::readElementValues (88 bytes)
Event: 142.888 Thread 0x00000201a881fd60 nmethod 15391 0x000002019bd8b190 code [0x000002019bd8b360, 0x000002019bd8b708]
Event: 142.888 Thread 0x00000201a881fd60 16172       4       org.objectweb.asm.ByteVector::encodeUtf8 (337 bytes)
Event: 142.935 Thread 0x00000201a881fd60 nmethod 16172 0x000002019bd8bb90 code [0x000002019bd8bd40, 0x000002019bd8ce18]
Event: 142.935 Thread 0x00000201a881fd60 15584       4       java.util.HashMap$KeySpliterator::forEachRemaining (186 bytes)
Event: 142.941 Thread 0x00000201a881fd60 nmethod 15584 0x000002019bd8d310 code [0x000002019bd8d4a0, 0x000002019bd8d8b8]
Event: 142.942 Thread 0x00000201a881fd60 16175       4       org.objectweb.asm.ByteVector::encodeUtf8 (337 bytes)
Event: 142.973 Thread 0x00000201a881fd60 nmethod 16175 0x000002019bd8dc10 code [0x000002019bd8ddc0, 0x000002019bd8ebd8]
Event: 142.974 Thread 0x00000201a881fd60 16159       4       org.objectweb.asm.ClassWriter::toByteArray (1535 bytes)
Event: 143.410 Thread 0x00000201a881fd60 nmethod 16159 0x000002019bd8f110 code [0x000002019bd8f880, 0x000002019bd95b78]
Event: 143.411 Thread 0x00000201a881fd60 15378       4       org.objectweb.asm.ClassReader::readElementValue (1237 bytes)
Event: 143.732 Thread 0x00000201a881fd60 nmethod 15378 0x000002019bd99d90 code [0x000002019bd9a2e0, 0x000002019bd9e060]
Event: 143.733 Thread 0x00000201a881fd60 16079       4       org.objectweb.asm.AnnotationWriter::visit (935 bytes)
Event: 144.151 Thread 0x00000201a8822680 16181       1       org.gradle.launcher.daemon.server.health.gc.GarbageCollectionEvent::getCount (5 bytes)
Event: 144.151 Thread 0x00000201a8822680 nmethod 16181 0x000002019bda0e90 code [0x000002019bda1020, 0x000002019bda10f8]

GC Heap History (20 events):
Event: 112.049 GC heap before
{Heap before GC invocations=67 (full 0):
 garbage-first heap   total 340992K, used 268386K [0x00000000a0000000, 0x0000000100000000)
  region size 1024K, 167 young (171008K), 17 survivors (17408K)
 Metaspace       used 135024K, committed 135936K, reserved 557056K
  class space    used 17191K, committed 17600K, reserved 425984K
}
Event: 112.070 GC heap after
{Heap after GC invocations=68 (full 0):
 garbage-first heap   total 340992K, used 116736K [0x00000000a0000000, 0x0000000100000000)
  region size 1024K, 4 young (4096K), 4 survivors (4096K)
 Metaspace       used 135024K, committed 135936K, reserved 557056K
  class space    used 17191K, committed 17600K, reserved 425984K
}
Event: 130.181 GC heap before
{Heap before GC invocations=68 (full 0):
 garbage-first heap   total 340992K, used 275456K [0x00000000a0000000, 0x0000000100000000)
  region size 1024K, 156 young (159744K), 4 survivors (4096K)
 Metaspace       used 135460K, committed 136320K, reserved 557056K
  class space    used 17204K, committed 17600K, reserved 425984K
}
Event: 130.196 GC heap after
{Heap after GC invocations=69 (full 0):
 garbage-first heap   total 340992K, used 124015K [0x00000000a0000000, 0x0000000100000000)
  region size 1024K, 8 young (8192K), 8 survivors (8192K)
 Metaspace       used 135460K, committed 136320K, reserved 557056K
  class space    used 17204K, committed 17600K, reserved 425984K
}
Event: 131.651 GC heap before
{Heap before GC invocations=69 (full 0):
 garbage-first heap   total 340992K, used 276591K [0x00000000a0000000, 0x0000000100000000)
  region size 1024K, 157 young (160768K), 8 survivors (8192K)
 Metaspace       used 135494K, committed 136384K, reserved 557056K
  class space    used 17205K, committed 17600K, reserved 425984K
}
Event: 131.668 GC heap after
{Heap after GC invocations=70 (full 0):
 garbage-first heap   total 340992K, used 129323K [0x00000000a0000000, 0x0000000100000000)
  region size 1024K, 16 young (16384K), 16 survivors (16384K)
 Metaspace       used 135494K, committed 136384K, reserved 557056K
  class space    used 17205K, committed 17600K, reserved 425984K
}
Event: 134.397 GC heap before
{Heap before GC invocations=70 (full 0):
 garbage-first heap   total 340992K, used 278827K [0x00000000a0000000, 0x0000000100000000)
  region size 1024K, 161 young (164864K), 16 survivors (16384K)
 Metaspace       used 135893K, committed 136832K, reserved 557056K
  class space    used 17227K, committed 17664K, reserved 425984K
}
Event: 134.419 GC heap after
{Heap after GC invocations=71 (full 0):
 garbage-first heap   total 340992K, used 133835K [0x00000000a0000000, 0x0000000100000000)
  region size 1024K, 14 young (14336K), 14 survivors (14336K)
 Metaspace       used 135893K, committed 136832K, reserved 557056K
  class space    used 17227K, committed 17664K, reserved 425984K
}
Event: 135.914 GC heap before
{Heap before GC invocations=71 (full 0):
 garbage-first heap   total 340992K, used 275147K [0x00000000a0000000, 0x0000000100000000)
  region size 1024K, 153 young (156672K), 14 survivors (14336K)
 Metaspace       used 135973K, committed 136896K, reserved 557056K
  class space    used 17228K, committed 17664K, reserved 425984K
}
Event: 135.936 GC heap after
{Heap after GC invocations=72 (full 0):
 garbage-first heap   total 340992K, used 138496K [0x00000000a0000000, 0x0000000100000000)
  region size 1024K, 14 young (14336K), 14 survivors (14336K)
 Metaspace       used 135973K, committed 136896K, reserved 557056K
  class space    used 17228K, committed 17664K, reserved 425984K
}
Event: 136.809 GC heap before
{Heap before GC invocations=72 (full 0):
 garbage-first heap   total 340992K, used 282880K [0x00000000a0000000, 0x0000000100000000)
  region size 1024K, 152 young (155648K), 14 survivors (14336K)
 Metaspace       used 136020K, committed 136960K, reserved 557056K
  class space    used 17229K, committed 17664K, reserved 425984K
}
Event: 136.827 GC heap after
{Heap after GC invocations=73 (full 0):
 garbage-first heap   total 340992K, used 142747K [0x00000000a0000000, 0x0000000100000000)
  region size 1024K, 7 young (7168K), 7 survivors (7168K)
 Metaspace       used 136020K, committed 136960K, reserved 557056K
  class space    used 17229K, committed 17664K, reserved 425984K
}
Event: 138.695 GC heap before
{Heap before GC invocations=73 (full 0):
 garbage-first heap   total 340992K, used 284059K [0x00000000a0000000, 0x0000000100000000)
  region size 1024K, 145 young (148480K), 7 survivors (7168K)
 Metaspace       used 136115K, committed 137024K, reserved 557056K
  class space    used 17229K, committed 17664K, reserved 425984K
}
Event: 138.710 GC heap after
{Heap after GC invocations=74 (full 0):
 garbage-first heap   total 340992K, used 143133K [0x00000000a0000000, 0x0000000100000000)
  region size 1024K, 8 young (8192K), 8 survivors (8192K)
 Metaspace       used 136115K, committed 137024K, reserved 557056K
  class space    used 17229K, committed 17664K, reserved 425984K
}
Event: 140.205 GC heap before
{Heap before GC invocations=74 (full 0):
 garbage-first heap   total 340992K, used 287517K [0x00000000a0000000, 0x0000000100000000)
  region size 1024K, 149 young (152576K), 8 survivors (8192K)
 Metaspace       used 136187K, committed 137152K, reserved 557056K
  class space    used 17229K, committed 17664K, reserved 425984K
}
Event: 140.215 GC heap after
{Heap after GC invocations=75 (full 0):
 garbage-first heap   total 340992K, used 144488K [0x00000000a0000000, 0x0000000100000000)
  region size 1024K, 9 young (9216K), 9 survivors (9216K)
 Metaspace       used 136187K, committed 137152K, reserved 557056K
  class space    used 17229K, committed 17664K, reserved 425984K
}
Event: 141.659 GC heap before
{Heap before GC invocations=75 (full 0):
 garbage-first heap   total 340992K, used 289896K [0x00000000a0000000, 0x0000000100000000)
  region size 1024K, 151 young (154624K), 9 survivors (9216K)
 Metaspace       used 136203K, committed 137152K, reserved 557056K
  class space    used 17229K, committed 17664K, reserved 425984K
}
Event: 141.672 GC heap after
{Heap after GC invocations=76 (full 0):
 garbage-first heap   total 340992K, used 146213K [0x00000000a0000000, 0x0000000100000000)
  region size 1024K, 11 young (11264K), 11 survivors (11264K)
 Metaspace       used 136203K, committed 137152K, reserved 557056K
  class space    used 17229K, committed 17664K, reserved 425984K
}
Event: 143.073 GC heap before
{Heap before GC invocations=76 (full 0):
 garbage-first heap   total 340992K, used 291621K [0x00000000a0000000, 0x0000000100000000)
  region size 1024K, 154 young (157696K), 11 survivors (11264K)
 Metaspace       used 136211K, committed 137152K, reserved 557056K
  class space    used 17229K, committed 17664K, reserved 425984K
}
Event: 143.087 GC heap after
{Heap after GC invocations=77 (full 0):
 garbage-first heap   total 340992K, used 147750K [0x00000000a0000000, 0x0000000100000000)
  region size 1024K, 12 young (12288K), 12 survivors (12288K)
 Metaspace       used 136211K, committed 137152K, reserved 557056K
  class space    used 17229K, committed 17664K, reserved 425984K
}

Dll operation events (15 events):
Event: 0.023 Loaded shared library C:\Program Files\Microsoft\jdk-17.0.13.11-hotspot\bin\java.dll
Event: 0.129 Loaded shared library C:\Program Files\Microsoft\jdk-17.0.13.11-hotspot\bin\jsvml.dll
Event: 0.816 Loaded shared library C:\Program Files\Microsoft\jdk-17.0.13.11-hotspot\bin\zip.dll
Event: 0.825 Loaded shared library C:\Program Files\Microsoft\jdk-17.0.13.11-hotspot\bin\instrument.dll
Event: 0.832 Loaded shared library C:\Program Files\Microsoft\jdk-17.0.13.11-hotspot\bin\net.dll
Event: 0.835 Loaded shared library C:\Program Files\Microsoft\jdk-17.0.13.11-hotspot\bin\nio.dll
Event: 0.841 Loaded shared library C:\Program Files\Microsoft\jdk-17.0.13.11-hotspot\bin\zip.dll
Event: 1.901 Loaded shared library C:\Program Files\Microsoft\jdk-17.0.13.11-hotspot\bin\jimage.dll
Event: 4.695 Loaded shared library C:\Program Files\Microsoft\jdk-17.0.13.11-hotspot\bin\verify.dll
Event: 5.614 Loaded shared library E:\gradle-home\native\1def1411415f61bf3af743bc5b6707747c0891f09f0c88961ee8f79bc544acac\windows-amd64\native-platform.dll
Event: 5.839 Loaded shared library E:\gradle-home\native\0.2.8\x86_64-windows-gnu\gradle-fileevents.dll
Event: 14.345 Loaded shared library C:\Program Files\Microsoft\jdk-17.0.13.11-hotspot\bin\management.dll
Event: 14.355 Loaded shared library C:\Program Files\Microsoft\jdk-17.0.13.11-hotspot\bin\management_ext.dll
Event: 15.220 Loaded shared library C:\Program Files\Microsoft\jdk-17.0.13.11-hotspot\bin\extnet.dll
Event: 15.931 Loaded shared library C:\Program Files\Microsoft\jdk-17.0.13.11-hotspot\bin\sunmscapi.dll

Deoptimization events (20 events):
Event: 142.935 Thread 0x00000201e4479a00 Uncommon trap: reason=profile_predicate action=maybe_recompile pc=0x000002019bd8cb0c method=org.objectweb.asm.ByteVector.encodeUtf8(Ljava/lang/String;II)Lorg/objectweb/asm/ByteVector; @ 16 c2
Event: 142.935 Thread 0x00000201c91b79e0 DEOPT UNPACKING pc=0x000002019afe69a3 sp=0x00000004f49f1018 mode 2
Event: 142.935 Thread 0x00000201e4479a00 DEOPT PACKING pc=0x000002019bd8cb0c sp=0x00000004f69f9fa0
Event: 142.935 Thread 0x00000201e4479a00 DEOPT UNPACKING pc=0x000002019afe69a3 sp=0x00000004f69f9f48 mode 2
Event: 142.936 Thread 0x00000201c91b79e0 Uncommon trap: trap_request=0xffffffbe fr.pc=0x000002019bd8cb0c relative=0x0000000000000dcc
Event: 142.936 Thread 0x00000201e4479a00 Uncommon trap: trap_request=0xffffffbe fr.pc=0x000002019bd8cb0c relative=0x0000000000000dcc
Event: 142.936 Thread 0x00000201c91b79e0 Uncommon trap: reason=profile_predicate action=maybe_recompile pc=0x000002019bd8cb0c method=org.objectweb.asm.ByteVector.encodeUtf8(Ljava/lang/String;II)Lorg/objectweb/asm/ByteVector; @ 16 c2
Event: 142.936 Thread 0x00000201e4479a00 Uncommon trap: reason=profile_predicate action=maybe_recompile pc=0x000002019bd8cb0c method=org.objectweb.asm.ByteVector.encodeUtf8(Ljava/lang/String;II)Lorg/objectweb/asm/ByteVector; @ 16 c2
Event: 142.936 Thread 0x00000201e4479a00 DEOPT PACKING pc=0x000002019bd8cb0c sp=0x00000004f69fa530
Event: 142.936 Thread 0x00000201c91b79e0 DEOPT PACKING pc=0x000002019bd8cb0c sp=0x00000004f49f1600
Event: 142.936 Thread 0x00000201e4479a00 DEOPT UNPACKING pc=0x000002019afe69a3 sp=0x00000004f69fa4d8 mode 2
Event: 142.936 Thread 0x00000201c91b79e0 DEOPT UNPACKING pc=0x000002019afe69a3 sp=0x00000004f49f15a8 mode 2
Event: 142.937 Thread 0x00000201c91b79e0 Uncommon trap: trap_request=0xffffffbe fr.pc=0x000002019bd8a4ac relative=0x0000000000000d6c
Event: 142.937 Thread 0x00000201c91b79e0 Uncommon trap: reason=profile_predicate action=maybe_recompile pc=0x000002019bd8a4ac method=org.objectweb.asm.ByteVector.encodeUtf8(Ljava/lang/String;II)Lorg/objectweb/asm/ByteVector; @ 163 c2
Event: 142.937 Thread 0x00000201c91b79e0 DEOPT PACKING pc=0x000002019bd8a4ac sp=0x00000004f49f1080
Event: 142.937 Thread 0x00000201c91b79e0 DEOPT UNPACKING pc=0x000002019afe69a3 sp=0x00000004f49f1018 mode 2
Event: 142.937 Thread 0x00000201c91b79e0 Uncommon trap: trap_request=0xffffffbe fr.pc=0x000002019bd8a4ac relative=0x0000000000000d6c
Event: 142.937 Thread 0x00000201c91b79e0 Uncommon trap: reason=profile_predicate action=maybe_recompile pc=0x000002019bd8a4ac method=org.objectweb.asm.ByteVector.encodeUtf8(Ljava/lang/String;II)Lorg/objectweb/asm/ByteVector; @ 163 c2
Event: 142.937 Thread 0x00000201c91b79e0 DEOPT PACKING pc=0x000002019bd8a4ac sp=0x00000004f49f1610
Event: 142.937 Thread 0x00000201c91b79e0 DEOPT UNPACKING pc=0x000002019afe69a3 sp=0x00000004f49f15a8 mode 2

Classes loaded (20 events):
Event: 104.725 Loading class java/io/ObjectInputStream$HandleTable$HandleList
Event: 104.725 Loading class java/io/ObjectInputStream$HandleTable$HandleList done
Event: 104.725 Loading class java/io/ObjectInputStream$ValidationList
Event: 104.726 Loading class java/io/ObjectInputStream$ValidationList done
Event: 104.726 Loading class java/io/ObjectInputFilter$Config
Event: 104.726 Loading class java/io/ObjectInputFilter$Config done
Event: 104.727 Loading class java/io/ObjectInputFilter
Event: 104.727 Loading class java/io/ObjectInputFilter done
Event: 104.728 Loading class java/io/ObjectInputFilter$Config$BuiltinFilterFactory
Event: 104.728 Loading class java/io/ObjectInputFilter$Config$BuiltinFilterFactory done
Event: 104.728 Loading class jdk/internal/access/JavaObjectInputFilterAccess
Event: 104.728 Loading class jdk/internal/access/JavaObjectInputFilterAccess done
Event: 104.729 Loading class jdk/internal/event/DeserializationEvent
Event: 104.732 Loading class jdk/internal/event/DeserializationEvent done
Event: 104.733 Loading class java/io/ObjectInputStream$FieldValues
Event: 104.734 Loading class java/io/ObjectInputStream$GetField
Event: 104.734 Loading class java/io/ObjectInputStream$GetField done
Event: 104.734 Loading class java/io/ObjectInputStream$FieldValues done
Event: 113.470 Loading class java/util/LinkedList$LLSpliterator
Event: 113.471 Loading class java/util/LinkedList$LLSpliterator done

Classes unloaded (0 events):
No events

Classes redefined (0 events):
No events

Internal exceptions (20 events):
Event: 134.559 Thread 0x00000201e4479a00 Exception <a 'sun/nio/fs/WindowsException'{0x00000000b42a4950}> (0x00000000b42a4950) 
thrown [s\src\hotspot\share\prims\jni.cpp, line 516]
Event: 134.888 Thread 0x00000201e4479a00 Exception <a 'sun/nio/fs/WindowsException'{0x00000000b39a1fe8}> (0x00000000b39a1fe8) 
thrown [s\src\hotspot\share\prims\jni.cpp, line 516]
Event: 134.911 Thread 0x00000201c91b79e0 Exception <a 'sun/nio/fs/WindowsException'{0x00000000b3759428}> (0x00000000b3759428) 
thrown [s\src\hotspot\share\prims\jni.cpp, line 516]
Event: 135.298 Thread 0x00000201e4479a00 Exception <a 'sun/nio/fs/WindowsException'{0x00000000b1a94e88}> (0x00000000b1a94e88) 
thrown [s\src\hotspot\share\prims\jni.cpp, line 516]
Event: 135.983 Thread 0x00000201c91b79e0 Exception <a 'sun/nio/fs/WindowsException'{0x00000000b4279b50}> (0x00000000b4279b50) 
thrown [s\src\hotspot\share\prims\jni.cpp, line 516]
Event: 136.776 Thread 0x00000201e4479a00 Exception <a 'sun/nio/fs/WindowsException'{0x00000000ac886210}> (0x00000000ac886210) 
thrown [s\src\hotspot\share\prims\jni.cpp, line 516]
Event: 137.563 Thread 0x00000201e4479a00 Exception <a 'sun/nio/fs/WindowsException'{0x00000000b2674760}> (0x00000000b2674760) 
thrown [s\src\hotspot\share\prims\jni.cpp, line 516]
Event: 137.864 Thread 0x00000201e4479a00 Exception <a 'sun/nio/fs/WindowsException'{0x00000000b1062230}> (0x00000000b1062230) 
thrown [s\src\hotspot\share\prims\jni.cpp, line 516]
Event: 138.205 Thread 0x00000201e4479a00 Exception <a 'sun/nio/fs/WindowsException'{0x00000000af3b8610}> (0x00000000af3b8610) 
thrown [s\src\hotspot\share\prims\jni.cpp, line 516]
Event: 138.752 Thread 0x00000201e4479a00 Exception <a 'sun/nio/fs/WindowsException'{0x00000000b4bc1ae8}> (0x00000000b4bc1ae8) 
thrown [s\src\hotspot\share\prims\jni.cpp, line 516]
Event: 139.074 Thread 0x00000201e4479a00 Exception <a 'sun/nio/fs/WindowsException'{0x00000000b3665e28}> (0x00000000b3665e28) 
thrown [s\src\hotspot\share\prims\jni.cpp, line 516]
Event: 139.326 Thread 0x00000201e4479a00 Exception <a 'sun/nio/fs/WindowsException'{0x00000000b170da78}> (0x00000000b170da78) 
thrown [s\src\hotspot\share\prims\jni.cpp, line 516]
Event: 139.581 Thread 0x00000201e4479a00 Exception <a 'sun/nio/fs/WindowsException'{0x00000000b052e6b0}> (0x00000000b052e6b0) 
thrown [s\src\hotspot\share\prims\jni.cpp, line 516]
Event: 140.124 Thread 0x00000201e4479a00 Exception <a 'sun/nio/fs/WindowsException'{0x00000000accaa460}> (0x00000000accaa460) 
thrown [s\src\hotspot\share\prims\jni.cpp, line 516]
Event: 140.477 Thread 0x00000201e4479a00 Exception <a 'sun/nio/fs/WindowsException'{0x00000000b3e52a18}> (0x00000000b3e52a18) 
thrown [s\src\hotspot\share\prims\jni.cpp, line 516]
Event: 140.758 Thread 0x00000201e4479a00 Exception <a 'sun/nio/fs/WindowsException'{0x00000000b228c3f0}> (0x00000000b228c3f0) 
thrown [s\src\hotspot\share\prims\jni.cpp, line 516]
Event: 141.268 Thread 0x00000201e4479a00 Exception <a 'sun/nio/fs/WindowsException'{0x00000000aec0b730}> (0x00000000aec0b730) 
thrown [s\src\hotspot\share\prims\jni.cpp, line 516]
Event: 141.964 Thread 0x00000201e4479a00 Exception <a 'sun/nio/fs/WindowsException'{0x00000000b3679f18}> (0x00000000b3679f18) 
thrown [s\src\hotspot\share\prims\jni.cpp, line 516]
Event: 142.239 Thread 0x00000201e4479a00 Exception <a 'sun/nio/fs/WindowsException'{0x00000000b198c548}> (0x00000000b198c548) 
thrown [s\src\hotspot\share\prims\jni.cpp, line 516]
Event: 142.871 Thread 0x00000201e4479a00 Exception <a 'sun/nio/fs/WindowsException'{0x00000000ae871e48}> (0x00000000ae871e48) 
thrown [s\src\hotspot\share\prims\jni.cpp, line 516]

VM Operations (20 events):
Event: 136.808 Executing VM operation: G1CollectForAllocation
Event: 136.827 Executing VM operation: G1CollectForAllocation done
Event: 137.839 Executing VM operation: Cleanup
Event: 137.840 Executing VM operation: Cleanup done
Event: 138.694 Executing VM operation: G1CollectForAllocation
Event: 138.710 Executing VM operation: G1CollectForAllocation done
Event: 139.723 Executing VM operation: Cleanup
Event: 139.723 Executing VM operation: Cleanup done
Event: 140.205 Executing VM operation: G1CollectForAllocation
Event: 140.215 Executing VM operation: G1CollectForAllocation done
Event: 141.220 Executing VM operation: Cleanup
Event: 141.221 Executing VM operation: Cleanup done
Event: 141.659 Executing VM operation: G1CollectForAllocation
Event: 141.672 Executing VM operation: G1CollectForAllocation done
Event: 142.674 Executing VM operation: Cleanup
Event: 142.674 Executing VM operation: Cleanup done
Event: 143.071 Executing VM operation: G1CollectForAllocation
Event: 143.071 Executing VM operation: G1CollectForAllocation done
Event: 143.073 Executing VM operation: G1CollectForAllocation
Event: 143.087 Executing VM operation: G1CollectForAllocation done

Memory protections (0 events):
No events

Nmethod flushes (20 events):
Event: 113.561 Thread 0x00000201a8898810 flushing  nmethod 0x0000020195211e10
Event: 113.561 Thread 0x00000201a8898810 flushing  nmethod 0x0000020195213710
Event: 113.562 Thread 0x00000201a8898810 flushing  nmethod 0x000002019524a090
Event: 113.562 Thread 0x00000201a8898810 flushing  nmethod 0x0000020195282710
Event: 113.562 Thread 0x00000201a8898810 flushing  nmethod 0x00000201952d9310
Event: 113.564 Thread 0x00000201a8898810 flushing  nmethod 0x0000020195443210
Event: 113.564 Thread 0x00000201a8898810 flushing  nmethod 0x000002019544b310
Event: 113.564 Thread 0x00000201a8898810 flushing  nmethod 0x0000020195475a10
Event: 113.564 Thread 0x00000201a8898810 flushing  nmethod 0x00000201954aae10
Event: 113.564 Thread 0x00000201a8898810 flushing  nmethod 0x00000201954ad690
Event: 113.564 Thread 0x00000201a8898810 flushing  nmethod 0x00000201954adf90
Event: 113.564 Thread 0x00000201a8898810 flushing  nmethod 0x00000201954b0310
Event: 136.712 Thread 0x00000201a8898810 flushing  nmethod 0x000002019bc3aa10
Event: 136.718 Thread 0x00000201a8898810 flushing  nmethod 0x0000020193f42310
Event: 136.719 Thread 0x00000201a8898810 flushing  nmethod 0x0000020194009e90
Event: 136.723 Thread 0x00000201a8898810 flushing  nmethod 0x000002019446c110
Event: 136.729 Thread 0x00000201a8898810 flushing  nmethod 0x0000020194ba9b90
Event: 136.729 Thread 0x00000201a8898810 flushing  nmethod 0x0000020194bc0a10
Event: 136.731 Thread 0x00000201a8898810 flushing  nmethod 0x0000020194cdce90
Event: 136.735 Thread 0x00000201a8898810 flushing  nmethod 0x0000020195122290

Events (20 events):
Event: 27.059 Thread 0x00000201c91b79e0 Thread added: 0x00000201c9deb9e0
Event: 28.435 Thread 0x00000201c91b79e0 Thread added: 0x00000201c9de4a80
Event: 66.852 Thread 0x00000201a8822680 Thread added: 0x00000201cc3e6460
Event: 67.943 Thread 0x00000201cc3e6460 Thread exited: 0x00000201cc3e6460
Event: 73.603 Thread 0x00000201a8822680 Thread added: 0x00000201e4451060
Event: 74.097 Thread 0x00000201e4451060 Thread exited: 0x00000201e4451060
Event: 80.903 Thread 0x00000201c91b79e0 Thread added: 0x00000201ca6b7fc0
Event: 82.141 Thread 0x00000201c91b79e0 Thread added: 0x00000201ca6b1a80
Event: 82.501 Thread 0x00000201c91b79e0 Thread added: 0x00000201ca6b29b0
Event: 85.527 Thread 0x00000201a881fd60 Thread added: 0x00000201e4452af0
Event: 88.265 Thread 0x00000201e4452af0 Thread exited: 0x00000201e4452af0
Event: 90.012 Thread 0x00000201c91b79e0 Thread added: 0x00000201ca6b5740
Event: 110.204 Thread 0x00000201c91b79e0 Thread added: 0x00000201e4474900
Event: 111.913 Thread 0x00000201c91b79e0 Thread added: 0x00000201e4472aa0
Event: 112.195 Thread 0x00000201c91b79e0 Thread added: 0x00000201e4474e10
Event: 112.457 Thread 0x00000201c91b79e0 Thread added: 0x00000201e4473ee0
Event: 112.586 Thread 0x00000201c91b79e0 Thread added: 0x00000201e44794f0
Event: 113.537 Thread 0x00000201c91b79e0 Thread added: 0x00000201e4476c70
Event: 127.582 Thread 0x00000201c91b79e0 Thread added: 0x00000201e44739d0
Event: 132.725 Thread 0x00000201c91b79e0 Thread added: 0x00000201e4479a00


Dynamic libraries:
0x00007ff7ed350000 - 0x00007ff7ed35e000 	C:\Program Files\Microsoft\jdk-17.0.13.11-hotspot\bin\java.exe
0x00007fff5e9d0000 - 0x00007fff5ebe7000 	C:\WINDOWS\SYSTEM32\ntdll.dll
0x00007fff5d190000 - 0x00007fff5d254000 	C:\WINDOWS\System32\KERNEL32.DLL
0x00007fff5c150000 - 0x00007fff5c520000 	C:\WINDOWS\System32\KERNELBASE.dll
0x00007fff5c030000 - 0x00007fff5c141000 	C:\WINDOWS\System32\ucrtbase.dll
0x00007fff01a60000 - 0x00007fff01a77000 	C:\Program Files\Microsoft\jdk-17.0.13.11-hotspot\bin\jli.dll
0x00007fff01a40000 - 0x00007fff01a5d000 	C:\Program Files\Microsoft\jdk-17.0.13.11-hotspot\bin\VCRUNTIME140.dll
0x00007fff5e7e0000 - 0x00007fff5e98e000 	C:\WINDOWS\System32\USER32.dll
0x00007fff5bdf0000 - 0x00007fff5be16000 	C:\WINDOWS\System32\win32u.dll
0x00007fff5d340000 - 0x00007fff5d369000 	C:\WINDOWS\System32\GDI32.dll
0x00007fff5bf10000 - 0x00007fff5c02b000 	C:\WINDOWS\System32\gdi32full.dll
0x00007fff45540000 - 0x00007fff457d2000 	C:\WINDOWS\WinSxS\amd64_microsoft.windows.common-controls_6595b64144ccf1df_6.0.22621.4830_none_270fe7d773858e80\COMCTL32.dll
0x00007fff5c620000 - 0x00007fff5c6ba000 	C:\WINDOWS\System32\msvcp_win.dll
0x00007fff5c800000 - 0x00007fff5c8a7000 	C:\WINDOWS\System32\msvcrt.dll
0x00007fff5c920000 - 0x00007fff5c951000 	C:\WINDOWS\System32\IMM32.DLL
0x00007fff43930000 - 0x00007fff4393c000 	C:\Program Files\Microsoft\jdk-17.0.13.11-hotspot\bin\vcruntime140_1.dll
0x00007fff019b0000 - 0x00007fff01a3d000 	C:\Program Files\Microsoft\jdk-17.0.13.11-hotspot\bin\msvcp140.dll
0x00007ffefe540000 - 0x00007ffeff1b1000 	C:\Program Files\Microsoft\jdk-17.0.13.11-hotspot\bin\server\jvm.dll
0x00007fff5ddd0000 - 0x00007fff5de81000 	C:\WINDOWS\System32\ADVAPI32.dll
0x00007fff5c740000 - 0x00007fff5c7e7000 	C:\WINDOWS\System32\sechost.dll
0x00007fff5bee0000 - 0x00007fff5bf08000 	C:\WINDOWS\System32\bcrypt.dll
0x00007fff5c970000 - 0x00007fff5ca84000 	C:\WINDOWS\System32\RPCRT4.dll
0x00007fff5c6c0000 - 0x00007fff5c731000 	C:\WINDOWS\System32\WS2_32.dll
0x00007fff5bb50000 - 0x00007fff5bb9d000 	C:\WINDOWS\SYSTEM32\POWRPROF.dll
0x00007fff53df0000 - 0x00007fff53e24000 	C:\WINDOWS\SYSTEM32\WINMM.dll
0x00007fff52070000 - 0x00007fff5207a000 	C:\WINDOWS\SYSTEM32\VERSION.dll
0x00007fff5bb30000 - 0x00007fff5bb43000 	C:\WINDOWS\SYSTEM32\UMPDC.dll
0x00007fff5ac80000 - 0x00007fff5ac98000 	C:\WINDOWS\SYSTEM32\kernel.appcore.dll
0x00007fff42780000 - 0x00007fff4278a000 	C:\Program Files\Microsoft\jdk-17.0.13.11-hotspot\bin\jimage.dll
0x00007fff56520000 - 0x00007fff56752000 	C:\WINDOWS\SYSTEM32\DBGHELP.DLL
0x00007fff5d370000 - 0x00007fff5d700000 	C:\WINDOWS\System32\combase.dll
0x00007fff5d260000 - 0x00007fff5d337000 	C:\WINDOWS\System32\OLEAUT32.dll
0x00007fff333c0000 - 0x00007fff333f2000 	C:\WINDOWS\SYSTEM32\dbgcore.DLL
0x00007fff5c5a0000 - 0x00007fff5c61b000 	C:\WINDOWS\System32\bcryptPrimitives.dll
0x00007fff44fb0000 - 0x00007fff44fbe000 	C:\Program Files\Microsoft\jdk-17.0.13.11-hotspot\bin\instrument.dll
0x00007fff01980000 - 0x00007fff019a5000 	C:\Program Files\Microsoft\jdk-17.0.13.11-hotspot\bin\java.dll
0x00007ffefe460000 - 0x00007ffefe537000 	C:\Program Files\Microsoft\jdk-17.0.13.11-hotspot\bin\jsvml.dll
0x00007fff5de90000 - 0x00007fff5e708000 	C:\WINDOWS\System32\SHELL32.dll
0x00007fff59b80000 - 0x00007fff5a490000 	C:\WINDOWS\SYSTEM32\windows.storage.dll
0x00007fff59a40000 - 0x00007fff59b7f000 	C:\WINDOWS\SYSTEM32\wintypes.dll
0x00007fff5dab0000 - 0x00007fff5dbba000 	C:\WINDOWS\System32\SHCORE.dll
0x00007fff5c8c0000 - 0x00007fff5c91e000 	C:\WINDOWS\System32\shlwapi.dll
0x00007fff5bbb0000 - 0x00007fff5bbdb000 	C:\WINDOWS\SYSTEM32\profapi.dll
0x00007fff013e0000 - 0x00007fff013f8000 	C:\Program Files\Microsoft\jdk-17.0.13.11-hotspot\bin\zip.dll
0x00007fff01420000 - 0x00007fff0143a000 	C:\Program Files\Microsoft\jdk-17.0.13.11-hotspot\bin\net.dll
0x00007fff52210000 - 0x00007fff5233c000 	C:\WINDOWS\SYSTEM32\WINHTTP.dll
0x00007fff5b0f0000 - 0x00007fff5b15a000 	C:\WINDOWS\system32\mswsock.dll
0x00007fff01400000 - 0x00007fff01416000 	C:\Program Files\Microsoft\jdk-17.0.13.11-hotspot\bin\nio.dll
0x00007fff54a90000 - 0x00007fff54aa0000 	C:\Program Files\Microsoft\jdk-17.0.13.11-hotspot\bin\verify.dll
0x00007fff039b0000 - 0x00007fff039d7000 	E:\gradle-home\native\1def1411415f61bf3af743bc5b6707747c0891f09f0c88961ee8f79bc544acac\windows-amd64\native-platform.dll
0x00007ffebb030000 - 0x00007ffebb0a7000 	E:\gradle-home\native\0.2.8\x86_64-windows-gnu\gradle-fileevents.dll
0x00007fff54360000 - 0x00007fff5436a000 	C:\Program Files\Microsoft\jdk-17.0.13.11-hotspot\bin\management.dll
0x00007fff54350000 - 0x00007fff5435b000 	C:\Program Files\Microsoft\jdk-17.0.13.11-hotspot\bin\management_ext.dll
0x00007fff5c7f0000 - 0x00007fff5c7f8000 	C:\WINDOWS\System32\PSAPI.DLL
0x00007fff5a6f0000 - 0x00007fff5a71d000 	C:\WINDOWS\SYSTEM32\IPHLPAPI.DLL
0x00007fff5c960000 - 0x00007fff5c969000 	C:\WINDOWS\System32\NSI.dll
0x00007fff520a0000 - 0x00007fff520b9000 	C:\WINDOWS\SYSTEM32\dhcpcsvc6.DLL
0x00007fff52080000 - 0x00007fff5209f000 	C:\WINDOWS\SYSTEM32\dhcpcsvc.DLL
0x00007fff5a760000 - 0x00007fff5a862000 	C:\WINDOWS\SYSTEM32\DNSAPI.dll
0x00007fff49280000 - 0x00007fff49289000 	C:\Program Files\Microsoft\jdk-17.0.13.11-hotspot\bin\extnet.dll
0x00007fff5b440000 - 0x00007fff5b45b000 	C:\WINDOWS\SYSTEM32\CRYPTSP.dll
0x00007fff5abe0000 - 0x00007fff5ac15000 	C:\WINDOWS\system32\rsaenh.dll
0x00007fff5b190000 - 0x00007fff5b1b8000 	C:\WINDOWS\SYSTEM32\USERENV.dll
0x00007fff5b420000 - 0x00007fff5b42c000 	C:\WINDOWS\SYSTEM32\CRYPTBASE.dll
0x00007fff54a60000 - 0x00007fff54a6e000 	C:\Program Files\Microsoft\jdk-17.0.13.11-hotspot\bin\sunmscapi.dll
0x00007fff5bc80000 - 0x00007fff5bde6000 	C:\WINDOWS\System32\CRYPT32.dll
0x00007fff5b550000 - 0x00007fff5b57d000 	C:\WINDOWS\SYSTEM32\ncrypt.dll
0x00007fff5b510000 - 0x00007fff5b547000 	C:\WINDOWS\SYSTEM32\NTASN1.dll
0x00007fff32d70000 - 0x00007fff32d78000 	C:\WINDOWS\system32\wshunix.dll
0x00007fff425d0000 - 0x00007fff425da000 	C:\Windows\System32\rasadhlp.dll
0x00007fff50850000 - 0x00007fff508d3000 	C:\WINDOWS\System32\fwpuclnt.dll

dbghelp: loaded successfully - version: 4.0.5 - missing functions: none
symbol engine: initialized successfully - sym options: 0x614 - pdb path: .;C:\Program Files\Microsoft\jdk-17.0.13.11-hotspot\bin;C:\WINDOWS\SYSTEM32;C:\WINDOWS\WinSxS\amd64_microsoft.windows.common-controls_6595b64144ccf1df_6.0.22621.4830_none_270fe7d773858e80;C:\Program Files\Microsoft\jdk-17.0.13.11-hotspot\bin\server;E:\gradle-home\native\1def1411415f61bf3af743bc5b6707747c0891f09f0c88961ee8f79bc544acac\windows-amd64;E:\gradle-home\native\0.2.8\x86_64-windows-gnu

VM Arguments:
jvm_args: --add-opens=java.base/java.lang=ALL-UNNAMED --add-opens=java.base/java.lang.invoke=ALL-UNNAMED --add-opens=java.base/java.util=ALL-UNNAMED --add-opens=java.prefs/java.util.prefs=ALL-UNNAMED --add-exports=jdk.compiler/com.sun.tools.javac.api=ALL-UNNAMED --add-exports=jdk.compiler/com.sun.tools.javac.util=ALL-UNNAMED --add-opens=java.base/java.util=ALL-UNNAMED --add-opens=java.prefs/java.util.prefs=ALL-UNNAMED --add-opens=java.base/java.nio.charset=ALL-UNNAMED --add-opens=java.base/java.net=ALL-UNNAMED --add-opens=java.base/java.util.concurrent=ALL-UNNAMED --add-opens=java.base/java.util.concurrent.atomic=ALL-UNNAMED --add-opens=java.xml/javax.xml.namespace=ALL-UNNAMED -XX:MaxMetaspaceSize=512m -XX:+HeapDumpOnOutOfMemoryError -Xmx1536m -Dfile.encoding=windows-1252 -Duser.country=US -Duser.language=en -Duser.variant -javaagent:E:\gradle-home\wrapper\dists\gradle-9.0.0-bin\d6wjpkvcgsg3oed0qlfss3wgl\gradle-9.0.0\lib\agents\gradle-instrumentation-agent-9.0.0.jar 
java_command: org.gradle.launcher.daemon.bootstrap.GradleDaemon 9.0.0
java_class_path (initial): E:\gradle-home\wrapper\dists\gradle-9.0.0-bin\d6wjpkvcgsg3oed0qlfss3wgl\gradle-9.0.0\lib\gradle-daemon-main-9.0.0.jar
Launcher Type: SUN_STANDARD

[Global flags]
     intx CICompilerCount                          = 3                                         {product} {ergonomic}
   size_t CompressedClassSpaceSize                 = 436207616                                 {product} {ergonomic}
     uint ConcGCThreads                            = 1                                         {product} {ergonomic}
     uint G1ConcRefinementThreads                  = 4                                         {product} {ergonomic}
   size_t G1HeapRegionSize                         = 1048576                                   {product} {ergonomic}
    uintx GCDrainStackTargetSize                   = 64                                        {product} {ergonomic}
     bool HeapDumpOnOutOfMemoryError               = true                                   {manageable} {command line}
   size_t InitialHeapSize                          = 132120576                                 {product} {ergonomic}
   size_t MarkStackSize                            = 4194304                                   {product} {ergonomic}
   size_t MaxHeapSize                              = 1610612736                                {product} {command line}
   size_t MaxMetaspaceSize                         = 536870912                                 {product} {command line}
   size_t MaxNewSize                               = 965738496                                 {product} {ergonomic}
   size_t MinHeapDeltaBytes                        = 1048576                                   {product} {ergonomic}
   size_t MinHeapSize                              = 8388608                                   {product} {ergonomic}
    uintx NonNMethodCodeHeapSize                   = 5832780                                {pd product} {ergonomic}
    uintx NonProfiledCodeHeapSize                  = 122912730                              {pd product} {ergonomic}
    uintx ProfiledCodeHeapSize                     = 122912730                              {pd product} {ergonomic}
    uintx ReservedCodeCacheSize                    = 251658240                              {pd product} {ergonomic}
     bool SegmentedCodeCache                       = true                                      {product} {ergonomic}
   size_t SoftMaxHeapSize                          = 1610612736                             {manageable} {ergonomic}
     bool UseCompressedClassPointers               = true                           {product lp64_product} {ergonomic}
     bool UseCompressedOops                        = true                           {product lp64_product} {ergonomic}
     bool UseG1GC                                  = true                                      {product} {ergonomic}
     bool UseLargePagesIndividualAllocation        = false                                  {pd product} {ergonomic}

Logging:
Log output configuration:
 #0: stdout all=warning uptime,level,tags
 #1: stderr all=off uptime,level,tags

Environment Variables:
JAVA_HOME=C:\Program Files\Microsoft\jdk-17.0.13.11-hotspot
PATH=c:\Users\zaind\AppData\Local\Programs\cursor\resources\app\node_modules\@vscode\ripgrep\bin;C:\Python312\Scripts\;C:\Python312\;C:\Program Files\Microsoft\jdk-17.0.13.11-hotspot\bin;C:\WINDOWS\system32;C:\WINDOWS;C:\WINDOWS\System32\Wbem;C:\WINDOWS\System32\WindowsPowerShell\v1.0\;C:\WINDOWS\System32\OpenSSH\;C:\ProgramData\chocolatey\bin;C:\Users\zaind\AppData\Roaming\nvm;C:\Program Files\nodejs;C:\Program Files\CMake\bin;C:\Program Files\Git\cmd;C:\Program Files\nodejs\;C:\Users\zaind\AppData\Local\Microsoft\WindowsApps;C:\Users\zaind\AppData\Local\Programs\Microsoft VS Code\bin;C:\Users\zaind\AppData\Roaming\nvm;C:\Program Files\nodejs;D:\Android\Sdk\platform-tools;C:\Users\zaind\AppData\Local\GitHubDesktop\bin;C:\Users\zaind\AppData\Roaming\npm;C:\Users\zaind\Downloads\openjfx-17.0.14_windows-x64_bin-sdk\javafx-sdk-17.0.14\lib;C:\Users\zaind\AppData\Local\Programs\cursor\resources\app\bin
USERNAME=zaind
TERM=dumb
OS=Windows_NT
PROCESSOR_IDENTIFIER=Intel64 Family 6 Model 142 Stepping 9, GenuineIntel
TMP=E:\temp
TEMP=E:\temp



Periodic native trim disabled


---------------  S Y S T E M  ---------------

OS:
 Windows 11 , 64 bit Build 22621 (10.0.22621.4830)
OS uptime: 0 days 6:34 hours
Hyper-V role detected

CPU: total 4 (initial active 4) (2 cores per cpu, 2 threads per core) family 6 model 142 stepping 9 microcode 0xf6, cx8, cmov, fxsr, ht, mmx, 3dnowpref, sse, sse2, sse3, ssse3, sse4.1, sse4.2, popcnt, lzcnt, tsc, tscinvbit, avx, avx2, aes, erms, clmul, bmi1, bmi2, rtm, adx, fma, vzeroupper, clflush, clflushopt, hv
Processor Information for the first 4 processors :
  Max Mhz: 2712, Current Mhz: 2611, Mhz Limit: 2603

Memory: 4k page, system-wide physical 8035M (129M free)
TotalPageFile size 23187M (AvailPageFile size 8M)
current process WorkingSet (physical memory assigned to process): 528M, peak: 621M
current process commit charge ("private bytes"): 702M, peak: 710M

vm_info: OpenJDK 64-Bit Server VM (17.0.13+11-LTS) for windows-amd64 JRE (17.0.13+11-LTS), built on Oct 11 2024 23:25:05 by "MicrosoftCorporation" with unknown MS VC++:1939

END.
