#
# There is insufficient memory for the Java Runtime Environment to continue.
# Native memory allocation (mmap) failed to map 318767104 bytes. Error detail: G1 virtual space
# Possible reasons:
#   The system is out of physical RAM or swap space
#   This process is running with CompressedOops enabled, and the Java Heap may be blocking the growth of the native heap
# Possible solutions:
#   Reduce memory load on the system
#   Increase physical memory or swap space
#   Check if swap backing store is full
#   Decrease Java heap size (-Xmx/-Xms)
#   Decrease number of Java threads
#   Decrease Java thread stack sizes (-Xss)
#   Set larger code cache with -XX:ReservedCodeCacheSize=
#   JVM is running with Zero Based Compressed Oops mode in which the Java heap is
#     placed in the first 32GB address space. The Java Heap base address is the
#     maximum limit for the native heap growth. Please use -XX:HeapBaseMinAddress
#     to set the Java Heap base and to place the Java Heap above 32GB virtual address.
# This output file may be truncated or incomplete.
#
#  Out of Memory Error (os_windows.cpp:3679), pid=59284, tid=62976
#
# JRE version: OpenJDK Runtime Environment Microsoft-10376486 (17.0.13+11) (build 17.0.13+11-LTS)
# Java VM: OpenJDK 64-Bit Server VM Microsoft-10376486 (17.0.13+11-LTS, mixed mode, sharing, tiered, compressed oops, compressed class ptrs, g1 gc, windows-amd64)
# No core dump will be written. Minidumps are not enabled by default on client versions of Windows
#

---------------  S U M M A R Y ------------

Command Line: --add-opens=java.base/java.lang=ALL-UNNAMED --add-opens=java.base/java.lang.invoke=ALL-UNNAMED --add-opens=java.base/java.util=ALL-UNNAMED --add-opens=java.prefs/java.util.prefs=ALL-UNNAMED --add-exports=jdk.compiler/com.sun.tools.javac.api=ALL-UNNAMED --add-exports=jdk.compiler/com.sun.tools.javac.util=ALL-UNNAMED --add-opens=java.base/java.util=ALL-UNNAMED --add-opens=java.prefs/java.util.prefs=ALL-UNNAMED --add-opens=java.base/java.nio.charset=ALL-UNNAMED --add-opens=java.base/java.net=ALL-UNNAMED --add-opens=java.base/java.util.concurrent=ALL-UNNAMED --add-opens=java.base/java.util.concurrent.atomic=ALL-UNNAMED --add-opens=java.xml/javax.xml.namespace=ALL-UNNAMED -XX:MaxMetaspaceSize=1024m -Xmx4096m -Dfile.encoding=windows-1252 -Duser.country=US -Duser.language=en -Duser.variant -javaagent:E:\gradle-home\wrapper\dists\gradle-9.0.0-bin\d6wjpkvcgsg3oed0qlfss3wgl\gradle-9.0.0\lib\agents\gradle-instrumentation-agent-9.0.0.jar org.gradle.launcher.daemon.bootstrap.GradleDaemon 9.0.0

Host: Intel(R) Core(TM) i5-7300U CPU @ 2.60GHz, 4 cores, 7G,  Windows 11 , 64 bit Build 22621 (10.0.22621.4830)
Time: Sat Jul 25 19:52:45 2026 Pakistan Standard Time elapsed time: 148.074265 seconds (0d 0h 2m 28s)

---------------  T H R E A D  ---------------

Current thread (0x00000220b7a98180):  VMThread "VM Thread" [stack: 0x0000007bdb100000,0x0000007bdb200000] [id=62976]

Stack: [0x0000007bdb100000,0x0000007bdb200000]
Native frames: (J=compiled Java code, j=interpreted, Vv=VM code, C=native code)
V  [jvm.dll+0x687fc9]
V  [jvm.dll+0x83eeb8]
V  [jvm.dll+0x840963]
V  [jvm.dll+0x840fd3]
V  [jvm.dll+0x24951f]
V  [jvm.dll+0x684f89]
V  [jvm.dll+0x6794aa]
V  [jvm.dll+0x30ad27]
V  [jvm.dll+0x312296]
V  [jvm.dll+0x362bde]
V  [jvm.dll+0x362e1d]
V  [jvm.dll+0x2e1fbc]
V  [jvm.dll+0x2e0369]
V  [jvm.dll+0x2dfacc]
V  [jvm.dll+0x32267b]
V  [jvm.dll+0x84580d]
V  [jvm.dll+0x846543]
V  [jvm.dll+0x846a6f]
V  [jvm.dll+0x846e54]
V  [jvm.dll+0x846f1e]
V  [jvm.dll+0x7eea6c]
V  [jvm.dll+0x686ea7]
C  [ucrtbase.dll+0x29333]
C  [KERNEL32.DLL+0x1259d]
C  [ntdll.dll+0x5af38]

VM_Operation (0x0000007bdc6f2550): G1CollectForAllocation, mode: safepoint, requested by thread 0x00000220b7bdd260


---------------  P R O C E S S  ---------------

Threads class SMR info:
_java_thread_list=0x00000220f523c390, length=35, elements={
0x00000220952a3840, 0x00000220b7a9e180, 0x00000220b7a9fb60, 0x00000220b7ab82e0,
0x00000220b7ab8bb0, 0x00000220b7ab9480, 0x00000220b7ab9d50, 0x00000220b7aba950,
0x00000220b7afddc0, 0x00000220b7afe2e0, 0x00000220b7a8a320, 0x00000220b7ce7bb0,
0x00000220f210c880, 0x00000220f236d030, 0x00000220f19d5860, 0x00000220f1b26f70,
0x00000220b7bdc840, 0x00000220b7bdcd50, 0x00000220b7bdd260, 0x00000220b7bdbe20,
0x00000220b7bdf5d0, 0x00000220b7bdc330, 0x00000220b7bdd770, 0x00000220b7bddc80,
0x00000220b7bde190, 0x00000220b7bdebb0, 0x00000220b7bde6a0, 0x00000220b7bdf0c0,
0x00000220f3294040, 0x00000220f3293110, 0x00000220f32963b0, 0x00000220f3299b60,
0x00000220f3298210, 0x00000220f3294a60, 0x00000220f3292c00
}

Java Threads: ( => current thread )
  0x00000220952a3840 JavaThread "main" [_thread_blocked, id=61924, stack(0x0000007bdab00000,0x0000007bdac00000)]
  0x00000220b7a9e180 JavaThread "Reference Handler" daemon [_thread_blocked, id=62436, stack(0x0000007bdb200000,0x0000007bdb300000)]
  0x00000220b7a9fb60 JavaThread "Finalizer" daemon [_thread_blocked, id=62452, stack(0x0000007bdb300000,0x0000007bdb400000)]
  0x00000220b7ab82e0 JavaThread "Signal Dispatcher" daemon [_thread_blocked, id=59968, stack(0x0000007bdb400000,0x0000007bdb500000)]
  0x00000220b7ab8bb0 JavaThread "Attach Listener" daemon [_thread_blocked, id=57492, stack(0x0000007bdb500000,0x0000007bdb600000)]
  0x00000220b7ab9480 JavaThread "Service Thread" daemon [_thread_blocked, id=60880, stack(0x0000007bdb600000,0x0000007bdb700000)]
  0x00000220b7ab9d50 JavaThread "Monitor Deflation Thread" daemon [_thread_blocked, id=61832, stack(0x0000007bdb700000,0x0000007bdb800000)]
  0x00000220b7aba950 JavaThread "C2 CompilerThread0" daemon [_thread_blocked, id=62580, stack(0x0000007bdb800000,0x0000007bdb900000)]
  0x00000220b7afddc0 JavaThread "C1 CompilerThread0" daemon [_thread_blocked, id=41780, stack(0x0000007bdb900000,0x0000007bdba00000)]
  0x00000220b7afe2e0 JavaThread "Sweeper thread" daemon [_thread_blocked, id=63080, stack(0x0000007bdba00000,0x0000007bdbb00000)]
  0x00000220b7a8a320 JavaThread "Common-Cleaner" daemon [_thread_blocked, id=62276, stack(0x0000007bdbb00000,0x0000007bdbc00000)]
  0x00000220b7ce7bb0 JavaThread "Notification Thread" daemon [_thread_blocked, id=62348, stack(0x0000007bdbc00000,0x0000007bdbd00000)]
  0x00000220f210c880 JavaThread "Daemon health stats" [_thread_blocked, id=63904, stack(0x0000007bdc000000,0x0000007bdc100000)]
  0x00000220f236d030 JavaThread "Incoming local TCP Connector on port 50288" [_thread_in_native, id=63608, stack(0x0000007bdc100000,0x0000007bdc200000)]
  0x00000220f19d5860 JavaThread "Daemon periodic checks" [_thread_blocked, id=63808, stack(0x0000007bdc200000,0x0000007bdc300000)]
  0x00000220f1b26f70 JavaThread "Daemon" [_thread_blocked, id=63668, stack(0x0000007bdc300000,0x0000007bdc400000)]
  0x00000220b7bdc840 JavaThread "Handler for socket connection from /127.0.0.1:50288 to /127.0.0.1:50289" [_thread_in_native, id=63888, stack(0x0000007bdc400000,0x0000007bdc500000)]
  0x00000220b7bdcd50 JavaThread "Cancel handler" [_thread_blocked, id=63912, stack(0x0000007bdc500000,0x0000007bdc600000)]
  0x00000220b7bdd260 JavaThread "Daemon worker" [_thread_blocked, id=63876, stack(0x0000007bdc600000,0x0000007bdc700000)]
  0x00000220b7bdbe20 JavaThread "Asynchronous log dispatcher for DefaultDaemonConnection: socket connection from /127.0.0.1:50288 to /127.0.0.1:50289" [_thread_blocked, id=63564, stack(0x0000007bdc700000,0x0000007bdc800000)]
  0x00000220b7bdf5d0 JavaThread "Stdin handler" [_thread_blocked, id=63720, stack(0x0000007bdc800000,0x0000007bdc900000)]
  0x00000220b7bdc330 JavaThread "Daemon client event forwarder" [_thread_blocked, id=63752, stack(0x0000007bdc900000,0x0000007bdca00000)]
  0x00000220b7bdd770 JavaThread "Cache worker for journal cache (E:\gradle-home\caches\journal-1)" [_thread_blocked, id=63680, stack(0x0000007bdca00000,0x0000007bdcb00000)]
  0x00000220b7bddc80 JavaThread "File lock request listener" [_thread_in_native, id=63724, stack(0x0000007bdcb00000,0x0000007bdcc00000)]
  0x00000220b7bde190 JavaThread "Cache worker for file hash cache (E:\gradle-home\caches\9.0.0\fileHashes)" [_thread_blocked, id=63684, stack(0x0000007bdcc00000,0x0000007bdcd00000)]
  0x00000220b7bdebb0 JavaThread "Cache worker for file hash cache (E:\FYP\tutorlink-frontend\android\.gradle\9.0.0\fileHashes)" [_thread_blocked, id=63896, stack(0x0000007bdcd00000,0x0000007bdce00000)]
  0x00000220b7bde6a0 JavaThread "Cache worker for Build Output Cleanup Cache (E:\FYP\tutorlink-frontend\android\.gradle\buildOutputCleanup)" [_thread_blocked, id=63848, stack(0x0000007bdce00000,0x0000007bdcf00000)]
  0x00000220b7bdf0c0 JavaThread "File watcher server" daemon [_thread_in_native, id=64084, stack(0x0000007bdcf00000,0x0000007bdd000000)]
  0x00000220f3294040 JavaThread "File watcher consumer" daemon [_thread_blocked, id=64068, stack(0x0000007bdd000000,0x0000007bdd100000)]
  0x00000220f3293110 JavaThread "Cache worker for checksums cache (E:\FYP\tutorlink-frontend\android\.gradle\9.0.0\checksums)" [_thread_blocked, id=64032, stack(0x0000007bdd100000,0x0000007bdd200000)]
  0x00000220f32963b0 JavaThread "Cache worker for file content cache (E:\gradle-home\caches\9.0.0\fileContent)" [_thread_blocked, id=64132, stack(0x0000007bdd200000,0x0000007bdd300000)]
  0x00000220f3299b60 JavaThread "Cache worker for cache directory md-supplier (E:\gradle-home\caches\9.0.0\md-supplier)" [_thread_blocked, id=62972, stack(0x0000007bdd400000,0x0000007bdd500000)]
  0x00000220f3298210 JavaThread "Cache worker for cache directory md-rule (E:\gradle-home\caches\9.0.0\md-rule)" [_thread_blocked, id=54768, stack(0x0000007bdd500000,0x0000007bdd600000)]
  0x00000220f3294a60 JavaThread "jar transforms" [_thread_blocked, id=64192, stack(0x0000007bdd600000,0x0000007bdd700000)]
  0x00000220f3292c00 JavaThread "Cache worker for Build Output Cleanup Cache (E:\FYP\tutorlink-frontend\node_modules\@react-native\gradle-plugin\.gradle\buildOutputCleanup)" [_thread_blocked, id=64240, stack(0x0000007bdd700000,0x0000007bdd800000)]

Other Threads:
=>0x00000220b7a98180 VMThread "VM Thread" [stack: 0x0000007bdb100000,0x0000007bdb200000] [id=62976]
  0x00000220952a4310 WatcherThread [stack: 0x0000007bdbd00000,0x0000007bdbe00000] [id=60076]
  0x0000022095310a60 GCTaskThread "GC Thread#0" [stack: 0x0000007bdac00000,0x0000007bdad00000] [id=53676]
  0x00000220b7cf2310 GCTaskThread "GC Thread#1" [stack: 0x0000007bdbe00000,0x0000007bdbf00000] [id=60360]
  0x00000220b7cf7630 GCTaskThread "GC Thread#2" [stack: 0x0000007bdbf00000,0x0000007bdc000000] [id=42872]
  0x00000220b7badc90 GCTaskThread "GC Thread#3" [stack: 0x0000007bda800000,0x0000007bda900000] [id=63644]
  0x0000022095321760 ConcurrentGCThread "G1 Main Marker" [stack: 0x0000007bdad00000,0x0000007bdae00000] [id=62548]
  0x00000220953226d0 ConcurrentGCThread "G1 Conc#0" [stack: 0x0000007bdae00000,0x0000007bdaf00000] [id=61500]
  0x000002209534e350 ConcurrentGCThread "G1 Refine#0" [stack: 0x0000007bdaf00000,0x0000007bdb000000] [id=63144]
  0x00000220f3a4c0a0 ConcurrentGCThread "G1 Refine#1" [stack: 0x0000007bdd300000,0x0000007bdd400000] [id=64136]
  0x000002209534eb30 ConcurrentGCThread "G1 Service" [stack: 0x0000007bdb000000,0x0000007bdb100000] [id=61240]

Threads with active compile tasks:
C2 CompilerThread0   148165 11042       4       org.jetbrains.org.objectweb.asm.ClassReader::readMethod (1093 bytes)

VM state: at safepoint (normal execution)

VM Mutex/Monitor currently owned by a thread:  ([mutex/lock_event])
[0x000002209529ea70] Threads_lock - owner thread: 0x00000220b7a98180
[0x000002209529e5f0] Heap_lock - owner thread: 0x00000220b7bdd260

Heap address: 0x0000000700000000, size: 4096 MB, Compressed Oops mode: Zero based, Oop shift amount: 3

CDS archive(s) mapped at: [0x00000220b8000000-0x00000220b8bb0000-0x00000220b8bb0000), size 12255232, SharedBaseAddress: 0x00000220b8000000, ArchiveRelocationMode: 1.
Compressed class space mapped at: 0x00000220b9000000-0x00000220ed000000, reserved size: 872415232
Narrow klass base: 0x00000220b8000000, Narrow klass shift: 0, Narrow klass range: 0x100000000

GC Precious Log:
 CPUs: 4 total, 4 available
 Memory: 8035M
 Large Page Support: Disabled
 NUMA Support: Disabled
 Compressed Oops: Enabled (Zero based)
 Heap Region Size: 2M
 Heap Min Capacity: 8M
 Heap Initial Capacity: 126M
 Heap Max Capacity: 4G
 Pre-touch: Disabled
 Parallel Workers: 4
 Concurrent Workers: 1
 Concurrent Refinement Workers: 4
 Periodic GC: Disabled

Heap:
 garbage-first heap   total 399360K, used 125153K [0x0000000700000000, 0x0000000800000000)
  region size 2048K, 13 young (26624K), 13 survivors (26624K)
 Metaspace       used 97113K, committed 97856K, reserved 983040K
  class space    used 12410K, committed 12736K, reserved 851968K

Heap Regions: E=young(eden), S=young(survivor), O=old, HS=humongous(starts), HC=humongous(continues), CS=collection set, F=free, OA=open archive, CA=closed archive, TAMS=top-at-mark-start (previous, next)
|   0|0x0000000700000000, 0x0000000700200000, 0x0000000700200000|100%|HS|  |TAMS 0x0000000700200000, 0x0000000700200000| Complete 
|   1|0x0000000700200000, 0x0000000700400000, 0x0000000700400000|100%|HC|  |TAMS 0x0000000700400000, 0x0000000700400000| Complete 
|   2|0x0000000700400000, 0x0000000700600000, 0x0000000700600000|100%| O|  |TAMS 0x0000000700600000, 0x0000000700600000| Untracked 
|   3|0x0000000700600000, 0x0000000700800000, 0x0000000700800000|100%| O|  |TAMS 0x0000000700800000, 0x0000000700800000| Untracked 
|   4|0x0000000700800000, 0x0000000700a00000, 0x0000000700a00000|100%| O|  |TAMS 0x0000000700a00000, 0x0000000700a00000| Untracked 
|   5|0x0000000700a00000, 0x0000000700c00000, 0x0000000700c00000|100%| O|  |TAMS 0x0000000700c00000, 0x0000000700c00000| Untracked 
|   6|0x0000000700c00000, 0x0000000700e00000, 0x0000000700e00000|100%| O|  |TAMS 0x0000000700e00000, 0x0000000700e00000| Untracked 
|   7|0x0000000700e00000, 0x0000000701000000, 0x0000000701000000|100%| O|  |TAMS 0x0000000701000000, 0x0000000701000000| Untracked 
|   8|0x0000000701000000, 0x0000000701200000, 0x0000000701200000|100%| O|  |TAMS 0x0000000701200000, 0x0000000701200000| Untracked 
|   9|0x0000000701200000, 0x0000000701400000, 0x0000000701400000|100%| O|  |TAMS 0x0000000701400000, 0x0000000701400000| Untracked 
|  10|0x0000000701400000, 0x0000000701600000, 0x0000000701600000|100%| O|  |TAMS 0x0000000701600000, 0x0000000701600000| Untracked 
|  11|0x0000000701600000, 0x0000000701800000, 0x0000000701800000|100%| O|  |TAMS 0x0000000701800000, 0x0000000701800000| Untracked 
|  12|0x0000000701800000, 0x0000000701a00000, 0x0000000701a00000|100%| O|  |TAMS 0x0000000701a00000, 0x0000000701a00000| Untracked 
|  13|0x0000000701a00000, 0x0000000701c00000, 0x0000000701c00000|100%| O|  |TAMS 0x0000000701c00000, 0x0000000701c00000| Untracked 
|  14|0x0000000701c00000, 0x0000000701e00000, 0x0000000701e00000|100%| O|  |TAMS 0x0000000701e00000, 0x0000000701e00000| Untracked 
|  15|0x0000000701e00000, 0x0000000702000000, 0x0000000702000000|100%| O|  |TAMS 0x0000000702000000, 0x0000000702000000| Untracked 
|  16|0x0000000702000000, 0x0000000702200000, 0x0000000702200000|100%| O|  |TAMS 0x0000000702200000, 0x0000000702200000| Untracked 
|  17|0x0000000702200000, 0x0000000702400000, 0x0000000702400000|100%| O|  |TAMS 0x0000000702400000, 0x0000000702400000| Untracked 
|  18|0x0000000702400000, 0x0000000702400000, 0x0000000702600000|  0%| F|  |TAMS 0x0000000702400000, 0x0000000702400000| Untracked 
|  19|0x0000000702600000, 0x0000000702600000, 0x0000000702800000|  0%| F|  |TAMS 0x0000000702600000, 0x0000000702600000| Untracked 
|  20|0x0000000702800000, 0x0000000702800000, 0x0000000702a00000|  0%| F|  |TAMS 0x0000000702800000, 0x0000000702800000| Untracked 
|  21|0x0000000702a00000, 0x0000000702a00000, 0x0000000702c00000|  0%| F|  |TAMS 0x0000000702a00000, 0x0000000702a00000| Untracked 
|  22|0x0000000702c00000, 0x0000000702c00000, 0x0000000702e00000|  0%| F|  |TAMS 0x0000000702c00000, 0x0000000702c00000| Untracked 
|  23|0x0000000702e00000, 0x0000000702e00000, 0x0000000703000000|  0%| F|  |TAMS 0x0000000702e00000, 0x0000000702e00000| Untracked 
|  24|0x0000000703000000, 0x0000000703000000, 0x0000000703200000|  0%| F|  |TAMS 0x0000000703000000, 0x0000000703000000| Untracked 
|  25|0x0000000703200000, 0x0000000703400000, 0x0000000703400000|100%| O|  |TAMS 0x0000000703200000, 0x0000000703400000| Untracked 
|  26|0x0000000703400000, 0x0000000703600000, 0x0000000703600000|100%| O|  |TAMS 0x0000000703400000, 0x0000000703600000| Untracked 
|  27|0x0000000703600000, 0x0000000703800000, 0x0000000703800000|100%| O|  |TAMS 0x0000000703800000, 0x0000000703800000| Untracked 
|  28|0x0000000703800000, 0x0000000703889c00, 0x0000000703a00000| 26%| O|  |TAMS 0x0000000703889c00, 0x0000000703889c00| Untracked 
|  29|0x0000000703a00000, 0x0000000703c00000, 0x0000000703c00000|100%| O|  |TAMS 0x0000000703a00000, 0x0000000703c00000| Untracked 
|  30|0x0000000703c00000, 0x0000000703e00000, 0x0000000703e00000|100%| O|  |TAMS 0x0000000703c00000, 0x0000000703e00000| Untracked 
|  31|0x0000000703e00000, 0x0000000704000000, 0x0000000704000000|100%| O|  |TAMS 0x0000000704000000, 0x0000000704000000| Untracked 
|  32|0x0000000704000000, 0x0000000704000000, 0x0000000704200000|  0%| F|  |TAMS 0x0000000704000000, 0x0000000704000000| Untracked 
|  33|0x0000000704200000, 0x0000000704200000, 0x0000000704400000|  0%| F|  |TAMS 0x0000000704200000, 0x0000000704200000| Untracked 
|  34|0x0000000704400000, 0x0000000704400000, 0x0000000704600000|  0%| F|  |TAMS 0x0000000704400000, 0x0000000704400000| Untracked 
|  35|0x0000000704600000, 0x0000000704800000, 0x0000000704800000|100%| O|  |TAMS 0x0000000704800000, 0x0000000704800000| Untracked 
|  36|0x0000000704800000, 0x0000000704a00000, 0x0000000704a00000|100%| O|  |TAMS 0x0000000704a00000, 0x0000000704a00000| Untracked 
|  37|0x0000000704a00000, 0x0000000704c00000, 0x0000000704c00000|100%| O|  |TAMS 0x0000000704c00000, 0x0000000704c00000| Untracked 
|  38|0x0000000704c00000, 0x0000000704e00000, 0x0000000704e00000|100%| O|  |TAMS 0x0000000704e00000, 0x0000000704e00000| Untracked 
|  39|0x0000000704e00000, 0x0000000705000000, 0x0000000705000000|100%| O|  |TAMS 0x0000000705000000, 0x0000000705000000| Untracked 
|  40|0x0000000705000000, 0x0000000705200000, 0x0000000705200000|100%| O|  |TAMS 0x0000000705200000, 0x0000000705200000| Untracked 
|  41|0x0000000705200000, 0x0000000705400000, 0x0000000705400000|100%| O|  |TAMS 0x0000000705400000, 0x0000000705400000| Untracked 
|  42|0x0000000705400000, 0x0000000705600000, 0x0000000705600000|100%| O|  |TAMS 0x0000000705600000, 0x0000000705600000| Untracked 
|  43|0x0000000705600000, 0x0000000705600000, 0x0000000705800000|  0%| F|  |TAMS 0x0000000705600000, 0x0000000705600000| Untracked 
|  44|0x0000000705800000, 0x0000000705a00000, 0x0000000705a00000|100%| O|  |TAMS 0x0000000705a00000, 0x0000000705a00000| Untracked 
|  45|0x0000000705a00000, 0x0000000705c00000, 0x0000000705c00000|100%| O|  |TAMS 0x0000000705c00000, 0x0000000705c00000| Untracked 
|  46|0x0000000705c00000, 0x0000000705e00000, 0x0000000705e00000|100%| O|  |TAMS 0x0000000705e00000, 0x0000000705e00000| Untracked 
|  47|0x0000000705e00000, 0x0000000706000000, 0x0000000706000000|100%| O|  |TAMS 0x0000000706000000, 0x0000000706000000| Untracked 
|  48|0x0000000706000000, 0x0000000706200000, 0x0000000706200000|100%| O|  |TAMS 0x0000000706200000, 0x0000000706200000| Untracked 
|  49|0x0000000706200000, 0x0000000706400000, 0x0000000706400000|100%| O|  |TAMS 0x0000000706400000, 0x0000000706400000| Untracked 
|  50|0x0000000706400000, 0x0000000706600000, 0x0000000706600000|100%| O|  |TAMS 0x0000000706600000, 0x0000000706600000| Untracked 
|  51|0x0000000706600000, 0x0000000706800000, 0x0000000706800000|100%| O|  |TAMS 0x0000000706600000, 0x0000000706800000| Untracked 
|  52|0x0000000706800000, 0x0000000706a00000, 0x0000000706a00000|100%| O|  |TAMS 0x0000000706800000, 0x0000000706a00000| Untracked 
|  53|0x0000000706a00000, 0x0000000706c00000, 0x0000000706c00000|100%| O|  |TAMS 0x0000000706a00000, 0x0000000706c00000| Untracked 
|  54|0x0000000706c00000, 0x0000000706e00000, 0x0000000706e00000|100%| O|  |TAMS 0x0000000706c00000, 0x0000000706e00000| Untracked 
|  55|0x0000000706e00000, 0x0000000707000000, 0x0000000707000000|100%| O|  |TAMS 0x0000000706e00000, 0x0000000707000000| Untracked 
|  56|0x0000000707000000, 0x0000000707200000, 0x0000000707200000|100%| O|  |TAMS 0x0000000707000000, 0x0000000707200000| Untracked 
|  57|0x0000000707200000, 0x0000000707400000, 0x0000000707400000|100%| O|  |TAMS 0x0000000707200000, 0x0000000707400000| Untracked 
|  58|0x0000000707400000, 0x0000000707600000, 0x0000000707600000|100%| O|  |TAMS 0x0000000707400000, 0x0000000707600000| Untracked 
|  59|0x0000000707600000, 0x00000007077f9800, 0x0000000707800000| 98%| O|  |TAMS 0x0000000707600000, 0x00000007077f9800| Untracked 
|  60|0x0000000707800000, 0x0000000707800000, 0x0000000707a00000|  0%| F|  |TAMS 0x0000000707800000, 0x0000000707800000| Untracked 
|  61|0x0000000707a00000, 0x0000000707a00000, 0x0000000707c00000|  0%| F|  |TAMS 0x0000000707a00000, 0x0000000707a00000| Untracked 
|  62|0x0000000707c00000, 0x0000000707c00000, 0x0000000707e00000|  0%| F|  |TAMS 0x0000000707c00000, 0x0000000707c00000| Untracked 
|  63|0x0000000707e00000, 0x0000000707e00000, 0x0000000708000000|  0%| F|  |TAMS 0x0000000707e00000, 0x0000000707e00000| Untracked 
|  64|0x0000000708000000, 0x0000000708000000, 0x0000000708200000|  0%| F|  |TAMS 0x0000000708000000, 0x0000000708000000| Untracked 
|  65|0x0000000708200000, 0x0000000708200000, 0x0000000708400000|  0%| F|  |TAMS 0x0000000708200000, 0x0000000708200000| Untracked 
|  66|0x0000000708400000, 0x0000000708400000, 0x0000000708600000|  0%| F|  |TAMS 0x0000000708400000, 0x0000000708400000| Untracked 
|  67|0x0000000708600000, 0x0000000708600000, 0x0000000708800000|  0%| F|  |TAMS 0x0000000708600000, 0x0000000708600000| Untracked 
|  68|0x0000000708800000, 0x0000000708800000, 0x0000000708a00000|  0%| F|  |TAMS 0x0000000708800000, 0x0000000708800000| Untracked 
|  69|0x0000000708a00000, 0x0000000708a00000, 0x0000000708c00000|  0%| F|  |TAMS 0x0000000708a00000, 0x0000000708a00000| Untracked 
|  70|0x0000000708c00000, 0x0000000708c00000, 0x0000000708e00000|  0%| F|  |TAMS 0x0000000708c00000, 0x0000000708c00000| Untracked 
|  71|0x0000000708e00000, 0x0000000708e00000, 0x0000000709000000|  0%| F|  |TAMS 0x0000000708e00000, 0x0000000708e00000| Untracked 
|  72|0x0000000709000000, 0x00000007091b51f0, 0x0000000709200000| 85%| S|CS|TAMS 0x0000000709000000, 0x0000000709000000| Complete 
|  73|0x0000000709200000, 0x0000000709400000, 0x0000000709400000|100%| S|CS|TAMS 0x0000000709200000, 0x0000000709200000| Complete 
|  74|0x0000000709400000, 0x0000000709600000, 0x0000000709600000|100%| S|CS|TAMS 0x0000000709400000, 0x0000000709400000| Complete 
|  75|0x0000000709600000, 0x0000000709800000, 0x0000000709800000|100%| S|CS|TAMS 0x0000000709600000, 0x0000000709600000| Complete 
|  76|0x0000000709800000, 0x0000000709a00000, 0x0000000709a00000|100%| S|CS|TAMS 0x0000000709800000, 0x0000000709800000| Complete 
|  77|0x0000000709a00000, 0x0000000709c00000, 0x0000000709c00000|100%| S|CS|TAMS 0x0000000709a00000, 0x0000000709a00000| Complete 
|  78|0x0000000709c00000, 0x0000000709e00000, 0x0000000709e00000|100%| S|CS|TAMS 0x0000000709c00000, 0x0000000709c00000| Complete 
|  79|0x0000000709e00000, 0x000000070a000000, 0x000000070a000000|100%| S|CS|TAMS 0x0000000709e00000, 0x0000000709e00000| Complete 
|  80|0x000000070a000000, 0x000000070a200000, 0x000000070a200000|100%| S|CS|TAMS 0x000000070a000000, 0x000000070a000000| Complete 
|  81|0x000000070a200000, 0x000000070a400000, 0x000000070a400000|100%| S|CS|TAMS 0x000000070a200000, 0x000000070a200000| Complete 
|  82|0x000000070a400000, 0x000000070a600000, 0x000000070a600000|100%| S|CS|TAMS 0x000000070a400000, 0x000000070a400000| Complete 
|  83|0x000000070a600000, 0x000000070a800000, 0x000000070a800000|100%| S|CS|TAMS 0x000000070a600000, 0x000000070a600000| Complete 
|  84|0x000000070a800000, 0x000000070aa00000, 0x000000070aa00000|100%| S|CS|TAMS 0x000000070a800000, 0x000000070a800000| Complete 
|  85|0x000000070aa00000, 0x000000070aa00000, 0x000000070ac00000|  0%| F|  |TAMS 0x000000070aa00000, 0x000000070aa00000| Untracked 
|  86|0x000000070ac00000, 0x000000070ac00000, 0x000000070ae00000|  0%| F|  |TAMS 0x000000070ac00000, 0x000000070ac00000| Untracked 
|  87|0x000000070ae00000, 0x000000070ae00000, 0x000000070b000000|  0%| F|  |TAMS 0x000000070ae00000, 0x000000070ae00000| Untracked 
|  88|0x000000070b000000, 0x000000070b000000, 0x000000070b200000|  0%| F|  |TAMS 0x000000070b000000, 0x000000070b000000| Untracked 
|  89|0x000000070b200000, 0x000000070b200000, 0x000000070b400000|  0%| F|  |TAMS 0x000000070b200000, 0x000000070b200000| Untracked 
|  90|0x000000070b400000, 0x000000070b400000, 0x000000070b600000|  0%| F|  |TAMS 0x000000070b400000, 0x000000070b400000| Untracked 
|  91|0x000000070b600000, 0x000000070b600000, 0x000000070b800000|  0%| F|  |TAMS 0x000000070b600000, 0x000000070b600000| Untracked 
|  92|0x000000070b800000, 0x000000070b800000, 0x000000070ba00000|  0%| F|  |TAMS 0x000000070b800000, 0x000000070b800000| Untracked 
|  93|0x000000070ba00000, 0x000000070ba00000, 0x000000070bc00000|  0%| F|  |TAMS 0x000000070ba00000, 0x000000070ba00000| Untracked 
|  94|0x000000070bc00000, 0x000000070bc00000, 0x000000070be00000|  0%| F|  |TAMS 0x000000070bc00000, 0x000000070bc00000| Untracked 
|  95|0x000000070be00000, 0x000000070be00000, 0x000000070c000000|  0%| F|  |TAMS 0x000000070be00000, 0x000000070be00000| Untracked 
|  96|0x000000070c000000, 0x000000070c000000, 0x000000070c200000|  0%| F|  |TAMS 0x000000070c000000, 0x000000070c000000| Untracked 
|  97|0x000000070c200000, 0x000000070c200000, 0x000000070c400000|  0%| F|  |TAMS 0x000000070c200000, 0x000000070c200000| Untracked 
|  98|0x000000070c400000, 0x000000070c400000, 0x000000070c600000|  0%| F|  |TAMS 0x000000070c400000, 0x000000070c400000| Untracked 
|  99|0x000000070c600000, 0x000000070c600000, 0x000000070c800000|  0%| F|  |TAMS 0x000000070c600000, 0x000000070c600000| Untracked 
| 100|0x000000070c800000, 0x000000070c800000, 0x000000070ca00000|  0%| F|  |TAMS 0x000000070c800000, 0x000000070c800000| Untracked 
| 101|0x000000070ca00000, 0x000000070ca00000, 0x000000070cc00000|  0%| F|  |TAMS 0x000000070ca00000, 0x000000070ca00000| Untracked 
| 102|0x000000070cc00000, 0x000000070cc00000, 0x000000070ce00000|  0%| F|  |TAMS 0x000000070cc00000, 0x000000070cc00000| Untracked 
| 103|0x000000070ce00000, 0x000000070ce00000, 0x000000070d000000|  0%| F|  |TAMS 0x000000070ce00000, 0x000000070ce00000| Untracked 
| 104|0x000000070d000000, 0x000000070d000000, 0x000000070d200000|  0%| F|  |TAMS 0x000000070d000000, 0x000000070d000000| Untracked 
| 105|0x000000070d200000, 0x000000070d200000, 0x000000070d400000|  0%| F|  |TAMS 0x000000070d200000, 0x000000070d200000| Untracked 
| 106|0x000000070d400000, 0x000000070d400000, 0x000000070d600000|  0%| F|  |TAMS 0x000000070d400000, 0x000000070d400000| Untracked 
| 107|0x000000070d600000, 0x000000070d600000, 0x000000070d800000|  0%| F|  |TAMS 0x000000070d600000, 0x000000070d600000| Untracked 
| 108|0x000000070d800000, 0x000000070d800000, 0x000000070da00000|  0%| F|  |TAMS 0x000000070d800000, 0x000000070d800000| Untracked 
| 109|0x000000070da00000, 0x000000070da00000, 0x000000070dc00000|  0%| F|  |TAMS 0x000000070da00000, 0x000000070da00000| Untracked 
| 110|0x000000070dc00000, 0x000000070dc00000, 0x000000070de00000|  0%| F|  |TAMS 0x000000070dc00000, 0x000000070dc00000| Untracked 
| 111|0x000000070de00000, 0x000000070de00000, 0x000000070e000000|  0%| F|  |TAMS 0x000000070de00000, 0x000000070de00000| Untracked 
| 112|0x000000070e000000, 0x000000070e000000, 0x000000070e200000|  0%| F|  |TAMS 0x000000070e000000, 0x000000070e000000| Untracked 
| 113|0x000000070e200000, 0x000000070e200000, 0x000000070e400000|  0%| F|  |TAMS 0x000000070e200000, 0x000000070e200000| Untracked 
| 114|0x000000070e400000, 0x000000070e400000, 0x000000070e600000|  0%| F|  |TAMS 0x000000070e400000, 0x000000070e400000| Untracked 
| 115|0x000000070e600000, 0x000000070e600000, 0x000000070e800000|  0%| F|  |TAMS 0x000000070e600000, 0x000000070e600000| Untracked 
| 116|0x000000070e800000, 0x000000070e800000, 0x000000070ea00000|  0%| F|  |TAMS 0x000000070e800000, 0x000000070e800000| Untracked 
| 117|0x000000070ea00000, 0x000000070ea00000, 0x000000070ec00000|  0%| F|  |TAMS 0x000000070ea00000, 0x000000070ea00000| Untracked 
| 118|0x000000070ec00000, 0x000000070ec00000, 0x000000070ee00000|  0%| F|  |TAMS 0x000000070ec00000, 0x000000070ec00000| Untracked 
| 119|0x000000070ee00000, 0x000000070ee00000, 0x000000070f000000|  0%| F|  |TAMS 0x000000070ee00000, 0x000000070ee00000| Untracked 
| 120|0x000000070f000000, 0x000000070f000000, 0x000000070f200000|  0%| F|  |TAMS 0x000000070f000000, 0x000000070f000000| Untracked 
| 121|0x000000070f200000, 0x000000070f200000, 0x000000070f400000|  0%| F|  |TAMS 0x000000070f200000, 0x000000070f200000| Untracked 
| 122|0x000000070f400000, 0x000000070f400000, 0x000000070f600000|  0%| F|  |TAMS 0x000000070f400000, 0x000000070f400000| Untracked 
| 123|0x000000070f600000, 0x000000070f600000, 0x000000070f800000|  0%| F|  |TAMS 0x000000070f600000, 0x000000070f600000| Untracked 
| 124|0x000000070f800000, 0x000000070f800000, 0x000000070fa00000|  0%| F|  |TAMS 0x000000070f800000, 0x000000070f800000| Untracked 
| 125|0x000000070fa00000, 0x000000070fa00000, 0x000000070fc00000|  0%| F|  |TAMS 0x000000070fa00000, 0x000000070fa00000| Untracked 
| 126|0x000000070fc00000, 0x000000070fc00000, 0x000000070fe00000|  0%| F|  |TAMS 0x000000070fc00000, 0x000000070fc00000| Untracked 
| 127|0x000000070fe00000, 0x000000070fe00000, 0x0000000710000000|  0%| F|  |TAMS 0x000000070fe00000, 0x000000070fe00000| Untracked 
| 128|0x0000000710000000, 0x0000000710000000, 0x0000000710200000|  0%| F|  |TAMS 0x0000000710000000, 0x0000000710000000| Untracked 
| 129|0x0000000710200000, 0x0000000710200000, 0x0000000710400000|  0%| F|  |TAMS 0x0000000710200000, 0x0000000710200000| Untracked 
| 130|0x0000000710400000, 0x0000000710400000, 0x0000000710600000|  0%| F|  |TAMS 0x0000000710400000, 0x0000000710400000| Untracked 
| 131|0x0000000710600000, 0x0000000710600000, 0x0000000710800000|  0%| F|  |TAMS 0x0000000710600000, 0x0000000710600000| Untracked 
| 132|0x0000000710800000, 0x0000000710800000, 0x0000000710a00000|  0%| F|  |TAMS 0x0000000710800000, 0x0000000710800000| Untracked 
| 133|0x0000000710a00000, 0x0000000710a00000, 0x0000000710c00000|  0%| F|  |TAMS 0x0000000710a00000, 0x0000000710a00000| Untracked 
| 134|0x0000000710c00000, 0x0000000710c00000, 0x0000000710e00000|  0%| F|  |TAMS 0x0000000710c00000, 0x0000000710c00000| Untracked 
| 135|0x0000000710e00000, 0x0000000710e00000, 0x0000000711000000|  0%| F|  |TAMS 0x0000000710e00000, 0x0000000710e00000| Untracked 
| 136|0x0000000711000000, 0x0000000711000000, 0x0000000711200000|  0%| F|  |TAMS 0x0000000711000000, 0x0000000711000000| Untracked 
| 137|0x0000000711200000, 0x0000000711200000, 0x0000000711400000|  0%| F|  |TAMS 0x0000000711200000, 0x0000000711200000| Untracked 
| 138|0x0000000711400000, 0x0000000711400000, 0x0000000711600000|  0%| F|  |TAMS 0x0000000711400000, 0x0000000711400000| Untracked 
| 139|0x0000000711600000, 0x0000000711600000, 0x0000000711800000|  0%| F|  |TAMS 0x0000000711600000, 0x0000000711600000| Untracked 
| 140|0x0000000711800000, 0x0000000711800000, 0x0000000711a00000|  0%| F|  |TAMS 0x0000000711800000, 0x0000000711800000| Untracked 
| 141|0x0000000711a00000, 0x0000000711a00000, 0x0000000711c00000|  0%| F|  |TAMS 0x0000000711a00000, 0x0000000711a00000| Untracked 
| 142|0x0000000711c00000, 0x0000000711c00000, 0x0000000711e00000|  0%| F|  |TAMS 0x0000000711c00000, 0x0000000711c00000| Untracked 
| 143|0x0000000711e00000, 0x0000000711e00000, 0x0000000712000000|  0%| F|  |TAMS 0x0000000711e00000, 0x0000000711e00000| Untracked 
| 144|0x0000000712000000, 0x0000000712000000, 0x0000000712200000|  0%| F|  |TAMS 0x0000000712000000, 0x0000000712000000| Untracked 
| 145|0x0000000712200000, 0x0000000712200000, 0x0000000712400000|  0%| F|  |TAMS 0x0000000712200000, 0x0000000712200000| Untracked 
| 146|0x0000000712400000, 0x0000000712400000, 0x0000000712600000|  0%| F|  |TAMS 0x0000000712400000, 0x0000000712400000| Untracked 
| 147|0x0000000712600000, 0x0000000712600000, 0x0000000712800000|  0%| F|  |TAMS 0x0000000712600000, 0x0000000712600000| Untracked 
| 148|0x0000000712800000, 0x0000000712800000, 0x0000000712a00000|  0%| F|  |TAMS 0x0000000712800000, 0x0000000712800000| Untracked 
| 149|0x0000000712a00000, 0x0000000712a00000, 0x0000000712c00000|  0%| F|  |TAMS 0x0000000712a00000, 0x0000000712a00000| Untracked 
| 150|0x0000000712c00000, 0x0000000712c00000, 0x0000000712e00000|  0%| F|  |TAMS 0x0000000712c00000, 0x0000000712c00000| Untracked 
| 151|0x0000000712e00000, 0x0000000712e00000, 0x0000000713000000|  0%| F|  |TAMS 0x0000000712e00000, 0x0000000712e00000| Untracked 
| 152|0x0000000713000000, 0x0000000713000000, 0x0000000713200000|  0%| F|  |TAMS 0x0000000713000000, 0x0000000713000000| Untracked 
| 153|0x0000000713200000, 0x0000000713200000, 0x0000000713400000|  0%| F|  |TAMS 0x0000000713200000, 0x0000000713200000| Untracked 
| 154|0x0000000713400000, 0x0000000713400000, 0x0000000713600000|  0%| F|  |TAMS 0x0000000713400000, 0x0000000713400000| Untracked 
| 155|0x0000000713600000, 0x0000000713600000, 0x0000000713800000|  0%| F|  |TAMS 0x0000000713600000, 0x0000000713600000| Untracked 
| 156|0x0000000713800000, 0x0000000713800000, 0x0000000713a00000|  0%| F|  |TAMS 0x0000000713800000, 0x0000000713800000| Untracked 
| 157|0x0000000713a00000, 0x0000000713a00000, 0x0000000713c00000|  0%| F|  |TAMS 0x0000000713a00000, 0x0000000713a00000| Untracked 
| 158|0x0000000713c00000, 0x0000000713c00000, 0x0000000713e00000|  0%| F|  |TAMS 0x0000000713c00000, 0x0000000713c00000| Untracked 
| 159|0x0000000713e00000, 0x0000000713e00000, 0x0000000714000000|  0%| F|  |TAMS 0x0000000713e00000, 0x0000000713e00000| Untracked 
| 160|0x0000000714000000, 0x0000000714000000, 0x0000000714200000|  0%| F|  |TAMS 0x0000000714000000, 0x0000000714000000| Untracked 
| 161|0x0000000714200000, 0x0000000714200000, 0x0000000714400000|  0%| F|  |TAMS 0x0000000714200000, 0x0000000714200000| Untracked 
| 162|0x0000000714400000, 0x0000000714400000, 0x0000000714600000|  0%| F|  |TAMS 0x0000000714400000, 0x0000000714400000| Untracked 
| 163|0x0000000714600000, 0x0000000714600000, 0x0000000714800000|  0%| F|  |TAMS 0x0000000714600000, 0x0000000714600000| Untracked 
| 164|0x0000000714800000, 0x0000000714800000, 0x0000000714a00000|  0%| F|  |TAMS 0x0000000714800000, 0x0000000714800000| Untracked 
| 165|0x0000000714a00000, 0x0000000714a00000, 0x0000000714c00000|  0%| F|  |TAMS 0x0000000714a00000, 0x0000000714a00000| Untracked 
| 166|0x0000000714c00000, 0x0000000714c00000, 0x0000000714e00000|  0%| F|  |TAMS 0x0000000714c00000, 0x0000000714c00000| Untracked 
| 167|0x0000000714e00000, 0x0000000714e00000, 0x0000000715000000|  0%| F|  |TAMS 0x0000000714e00000, 0x0000000714e00000| Untracked 
| 168|0x0000000715000000, 0x0000000715000000, 0x0000000715200000|  0%| F|  |TAMS 0x0000000715000000, 0x0000000715000000| Untracked 
| 169|0x0000000715200000, 0x0000000715200000, 0x0000000715400000|  0%| F|  |TAMS 0x0000000715200000, 0x0000000715200000| Untracked 
| 170|0x0000000715400000, 0x0000000715400000, 0x0000000715600000|  0%| F|  |TAMS 0x0000000715400000, 0x0000000715400000| Untracked 
| 171|0x0000000715600000, 0x0000000715600000, 0x0000000715800000|  0%| F|  |TAMS 0x0000000715600000, 0x0000000715600000| Untracked 
| 172|0x0000000715800000, 0x0000000715800000, 0x0000000715a00000|  0%| F|  |TAMS 0x0000000715800000, 0x0000000715800000| Untracked 
| 173|0x0000000715a00000, 0x0000000715a00000, 0x0000000715c00000|  0%| F|  |TAMS 0x0000000715a00000, 0x0000000715a00000| Untracked 
| 174|0x0000000715c00000, 0x0000000715c00000, 0x0000000715e00000|  0%| F|  |TAMS 0x0000000715c00000, 0x0000000715c00000| Untracked 
| 175|0x0000000715e00000, 0x0000000715e00000, 0x0000000716000000|  0%| F|  |TAMS 0x0000000715e00000, 0x0000000715e00000| Untracked 
| 176|0x0000000716000000, 0x0000000716000000, 0x0000000716200000|  0%| F|  |TAMS 0x0000000716000000, 0x0000000716000000| Untracked 
| 177|0x0000000716200000, 0x0000000716200000, 0x0000000716400000|  0%| F|  |TAMS 0x0000000716200000, 0x0000000716200000| Untracked 
| 178|0x0000000716400000, 0x0000000716400000, 0x0000000716600000|  0%| F|  |TAMS 0x0000000716400000, 0x0000000716400000| Untracked 
| 179|0x0000000716600000, 0x0000000716600000, 0x0000000716800000|  0%| F|  |TAMS 0x0000000716600000, 0x0000000716600000| Untracked 
| 180|0x0000000716800000, 0x0000000716800000, 0x0000000716a00000|  0%| F|  |TAMS 0x0000000716800000, 0x0000000716800000| Untracked 
| 181|0x0000000716a00000, 0x0000000716a00000, 0x0000000716c00000|  0%| F|  |TAMS 0x0000000716a00000, 0x0000000716a00000| Untracked 
| 182|0x0000000716c00000, 0x0000000716c00000, 0x0000000716e00000|  0%| F|  |TAMS 0x0000000716c00000, 0x0000000716c00000| Untracked 
| 183|0x0000000716e00000, 0x0000000716e00000, 0x0000000717000000|  0%| F|  |TAMS 0x0000000716e00000, 0x0000000716e00000| Untracked 
| 184|0x0000000717000000, 0x0000000717000000, 0x0000000717200000|  0%| F|  |TAMS 0x0000000717000000, 0x0000000717000000| Untracked 
| 185|0x0000000717200000, 0x0000000717200000, 0x0000000717400000|  0%| F|  |TAMS 0x0000000717200000, 0x0000000717200000| Untracked 
| 186|0x0000000717400000, 0x0000000717400000, 0x0000000717600000|  0%| F|  |TAMS 0x0000000717400000, 0x0000000717400000| Untracked 
| 187|0x0000000717600000, 0x0000000717600000, 0x0000000717800000|  0%| F|  |TAMS 0x0000000717600000, 0x0000000717600000| Untracked 
| 188|0x0000000717800000, 0x0000000717800000, 0x0000000717a00000|  0%| F|  |TAMS 0x0000000717800000, 0x0000000717800000| Untracked 
| 189|0x0000000717a00000, 0x0000000717a00000, 0x0000000717c00000|  0%| F|  |TAMS 0x0000000717a00000, 0x0000000717a00000| Untracked 
| 190|0x0000000717c00000, 0x0000000717c00000, 0x0000000717e00000|  0%| F|  |TAMS 0x0000000717c00000, 0x0000000717c00000| Untracked 
| 191|0x0000000717e00000, 0x0000000717e00000, 0x0000000718000000|  0%| F|  |TAMS 0x0000000717e00000, 0x0000000717e00000| Untracked 
| 192|0x0000000718000000, 0x0000000718000000, 0x0000000718200000|  0%| F|  |TAMS 0x0000000718000000, 0x0000000718000000| Untracked 
| 193|0x0000000718200000, 0x0000000718200000, 0x0000000718400000|  0%| F|  |TAMS 0x0000000718200000, 0x0000000718200000| Untracked 
| 194|0x0000000718400000, 0x0000000718400000, 0x0000000718600000|  0%| F|  |TAMS 0x0000000718400000, 0x0000000718400000| Untracked 

Card table byte_map: [0x00000220ac5d0000,0x00000220acdd0000] _byte_map_base: 0x00000220a8dd0000

Marking Bits (Prev, Next): (CMBitMap*) 0x0000022095310e70, (CMBitMap*) 0x0000022095310e30
 Prev Bits: [0x00000220b15d0000, 0x00000220b55d0000)
 Next Bits: [0x00000220ad5d0000, 0x00000220b15d0000)

Polling page: 0x00000220930b0000

Metaspace:

Usage:
  Non-class:     82.72 MB used.
      Class:     12.12 MB used.
       Both:     94.84 MB used.

Virtual space:
  Non-class space:      128.00 MB reserved,      83.12 MB ( 65%) committed,  2 nodes.
      Class space:      832.00 MB reserved,      12.44 MB (  1%) committed,  1 nodes.
             Both:      960.00 MB reserved,      95.56 MB ( 10%) committed. 

Chunk freelists:
   Non-Class:  12.80 MB
       Class:  3.58 MB
        Both:  16.38 MB

MaxMetaspaceSize: 1.00 GB
CompressedClassSpaceSize: 832.00 MB
Initial GC threshold: 21.00 MB
Current GC threshold: 99.06 MB
CDS: on
MetaspaceReclaimPolicy: balanced
 - commit_granule_bytes: 65536.
 - commit_granule_words: 8192.
 - virtual_space_node_default_size: 8388608.
 - enlarge_chunks_in_place: 1.
 - new_chunks_are_fully_committed: 0.
 - uncommit_free_chunks: 1.
 - use_allocation_guard: 0.
 - handle_deallocations: 1.


Internal statistics:

num_allocs_failed_limit: 12.
num_arena_births: 940.
num_arena_deaths: 2.
num_vsnodes_births: 3.
num_vsnodes_deaths: 0.
num_space_committed: 1529.
num_space_uncommitted: 0.
num_chunks_returned_to_freelist: 17.
num_chunks_taken_from_freelist: 4505.
num_chunk_merges: 12.
num_chunk_splits: 3445.
num_chunks_enlarged: 2782.
num_inconsistent_stats: 0.

CodeHeap 'non-profiled nmethods': size=120000Kb used=8111Kb max_used=8280Kb free=111889Kb
 bounds [0x00000220a48a0000, 0x00000220a50d0000, 0x00000220abdd0000]
CodeHeap 'profiled nmethods': size=120000Kb used=15233Kb max_used=15233Kb free=104766Kb
 bounds [0x000002209cdd0000, 0x000002209dcc0000, 0x00000220a4300000]
CodeHeap 'non-nmethods': size=5760Kb used=1842Kb max_used=1913Kb free=3917Kb
 bounds [0x00000220a4300000, 0x00000220a4570000, 0x00000220a48a0000]
 total_blobs=9192 nmethods=8219 adapters=885
 compilation: enabled
              stopped_count=0, restarted_count=0
 full_count=0

Compilation events (20 events):
Event: 147.842 Thread 0x00000220b7afddc0 11106       2       org.jetbrains.kotlin.fir.ClassMembersKt::containingClassLookupTag (20 bytes)
Event: 147.843 Thread 0x00000220b7afddc0 nmethod 11106 0x000002209dcad190 code [0x000002209dcad420, 0x000002209dcadac8]
Event: 147.843 Thread 0x00000220b7afddc0 11107       2       org.jetbrains.kotlin.fir.ClassMembersKt::dispatchReceiverClassLookupTagOrNull (23 bytes)
Event: 147.844 Thread 0x00000220b7afddc0 nmethod 11107 0x000002209dcadf10 code [0x000002209dcae100, 0x000002209dcae418]
Event: 147.844 Thread 0x00000220b7afddc0 11108       2       org.jetbrains.kotlin.fir.declarations.impl.FirSimpleFunctionImpl::getContextParameters (8 bytes)
Event: 147.844 Thread 0x00000220b7afddc0 nmethod 11108 0x000002209dcae610 code [0x000002209dcae7a0, 0x000002209dcae958]
Event: 147.844 Thread 0x00000220b7afddc0 11109       1       org.jetbrains.kotlin.fir.scopes.impl.AbstractFirUseSiteMemberScope::getSupertypeScopeContext (5 bytes)
Event: 147.844 Thread 0x00000220b7afddc0 nmethod 11109 0x00000220a4e6fe90 code [0x00000220a4e70020, 0x00000220a4e700f8]
Event: 147.870 Thread 0x00000220b7afddc0 11110       1       org.jetbrains.kotlin.ir.types.impl.IrSimpleTypeImpl::getArguments (5 bytes)
Event: 147.870 Thread 0x00000220b7afddc0 nmethod 11110 0x00000220a4e6fb90 code [0x00000220a4e6fd20, 0x00000220a4e6fdf8]
Event: 148.030 Thread 0x00000220b7afddc0 11111       2       org.jetbrains.kotlin.com.intellij.reference.SoftReference::dereference (13 bytes)
Event: 148.030 Thread 0x00000220b7afddc0 nmethod 11111 0x000002209dcaea10 code [0x000002209dcaeba0, 0x000002209dcaecc8]
Event: 148.032 Thread 0x00000220b7afddc0 11112   !   2       org.jetbrains.kotlin.com.intellij.openapi.util.Key::<init> (58 bytes)
Event: 148.032 Thread 0x00000220b7afddc0 nmethod 11112 0x000002209dcaed90 code [0x000002209dcaef60, 0x000002209dcaf228]
Event: 148.032 Thread 0x00000220b7afddc0 11113       2       org.jetbrains.kotlin.com.intellij.util.containers.IntKeyWeakValueHashMap::put (49 bytes)
Event: 148.035 Thread 0x00000220b7afddc0 nmethod 11113 0x000002209dcaf390 code [0x000002209dcaf5a0, 0x000002209dcafb78]
Event: 148.039 Thread 0x00000220b7afddc0 11114       2       org.jetbrains.kotlin.it.unimi.dsi.fastutil.ints.Int2ObjectOpenHashMap::a (63 bytes)
Event: 148.039 Thread 0x00000220b7afddc0 nmethod 11114 0x000002209dcaff90 code [0x000002209dcb0140, 0x000002209dcb03f8]
Event: 148.042 Thread 0x00000220b7aba950 nmethod 10966 0x00000220a4c12b10 code [0x00000220a4c13060, 0x00000220a4c1aba0]
Event: 148.043 Thread 0x00000220b7aba950 11042       4       org.jetbrains.org.objectweb.asm.ClassReader::readMethod (1093 bytes)

GC Heap History (20 events):
Event: 121.444 GC heap after
{Heap after GC invocations=95 (full 0):
 garbage-first heap   total 331776K, used 109558K [0x0000000700000000, 0x0000000800000000)
  region size 2048K, 7 young (14336K), 7 survivors (14336K)
 Metaspace       used 48884K, committed 49536K, reserved 917504K
  class space    used 6595K, committed 6912K, reserved 851968K
}
Event: 121.975 GC heap before
{Heap before GC invocations=95 (full 0):
 garbage-first heap   total 331776K, used 281590K [0x0000000700000000, 0x0000000800000000)
  region size 2048K, 91 young (186368K), 7 survivors (14336K)
 Metaspace       used 48889K, committed 49536K, reserved 917504K
  class space    used 6595K, committed 6912K, reserved 851968K
}
Event: 121.990 GC heap after
{Heap after GC invocations=96 (full 0):
 garbage-first heap   total 331776K, used 112650K [0x0000000700000000, 0x0000000800000000)
  region size 2048K, 8 young (16384K), 8 survivors (16384K)
 Metaspace       used 48889K, committed 49536K, reserved 917504K
  class space    used 6595K, committed 6912K, reserved 851968K
}
Event: 122.820 GC heap before
{Heap before GC invocations=96 (full 0):
 garbage-first heap   total 331776K, used 278538K [0x0000000700000000, 0x0000000800000000)
  region size 2048K, 89 young (182272K), 8 survivors (16384K)
 Metaspace       used 48889K, committed 49536K, reserved 917504K
  class space    used 6595K, committed 6912K, reserved 851968K
}
Event: 122.838 GC heap after
{Heap after GC invocations=97 (full 0):
 garbage-first heap   total 331776K, used 114585K [0x0000000700000000, 0x0000000800000000)
  region size 2048K, 8 young (16384K), 8 survivors (16384K)
 Metaspace       used 48889K, committed 49536K, reserved 917504K
  class space    used 6595K, committed 6912K, reserved 851968K
}
Event: 123.784 GC heap before
{Heap before GC invocations=97 (full 0):
 garbage-first heap   total 331776K, used 278425K [0x0000000700000000, 0x0000000800000000)
  region size 2048K, 88 young (180224K), 8 survivors (16384K)
 Metaspace       used 48890K, committed 49536K, reserved 917504K
  class space    used 6595K, committed 6912K, reserved 851968K
}
Event: 123.803 GC heap after
{Heap after GC invocations=98 (full 0):
 garbage-first heap   total 399360K, used 116638K [0x0000000700000000, 0x0000000800000000)
  region size 2048K, 7 young (14336K), 7 survivors (14336K)
 Metaspace       used 48890K, committed 49536K, reserved 917504K
  class space    used 6595K, committed 6912K, reserved 851968K
}
Event: 125.066 GC heap before
{Heap before GC invocations=98 (full 0):
 garbage-first heap   total 399360K, used 350110K [0x0000000700000000, 0x0000000800000000)
  region size 2048K, 117 young (239616K), 7 survivors (14336K)
 Metaspace       used 48936K, committed 49600K, reserved 917504K
  class space    used 6601K, committed 6912K, reserved 851968K
}
Event: 125.088 GC heap after
{Heap after GC invocations=99 (full 0):
 garbage-first heap   total 399360K, used 116554K [0x0000000700000000, 0x0000000800000000)
  region size 2048K, 10 young (20480K), 10 survivors (20480K)
 Metaspace       used 48936K, committed 49600K, reserved 917504K
  class space    used 6601K, committed 6912K, reserved 851968K
}
Event: 126.137 GC heap before
{Heap before GC invocations=99 (full 0):
 garbage-first heap   total 399360K, used 333642K [0x0000000700000000, 0x0000000800000000)
  region size 2048K, 117 young (239616K), 10 survivors (20480K)
 Metaspace       used 49013K, committed 49664K, reserved 917504K
  class space    used 6601K, committed 6912K, reserved 851968K
}
Event: 126.156 GC heap after
{Heap after GC invocations=100 (full 0):
 garbage-first heap   total 399360K, used 115239K [0x0000000700000000, 0x0000000800000000)
  region size 2048K, 7 young (14336K), 7 survivors (14336K)
 Metaspace       used 49013K, committed 49664K, reserved 917504K
  class space    used 6601K, committed 6912K, reserved 851968K
}
Event: 127.633 GC heap before
{Heap before GC invocations=100 (full 0):
 garbage-first heap   total 399360K, used 340519K [0x0000000700000000, 0x0000000800000000)
  region size 2048K, 117 young (239616K), 7 survivors (14336K)
 Metaspace       used 49039K, committed 49664K, reserved 917504K
  class space    used 6601K, committed 6912K, reserved 851968K
}
Event: 127.648 GC heap after
{Heap after GC invocations=101 (full 0):
 garbage-first heap   total 399360K, used 113900K [0x0000000700000000, 0x0000000800000000)
  region size 2048K, 7 young (14336K), 7 survivors (14336K)
 Metaspace       used 49039K, committed 49664K, reserved 917504K
  class space    used 6601K, committed 6912K, reserved 851968K
}
Event: 132.637 GC heap before
{Heap before GC invocations=101 (full 0):
 garbage-first heap   total 399360K, used 316652K [0x0000000700000000, 0x0000000800000000)
  region size 2048K, 107 young (219136K), 7 survivors (14336K)
 Metaspace       used 59746K, committed 60416K, reserved 917504K
  class space    used 8371K, committed 8704K, reserved 851968K
}
Event: 132.654 GC heap after
{Heap after GC invocations=102 (full 0):
 garbage-first heap   total 399360K, used 115081K [0x0000000700000000, 0x0000000800000000)
  region size 2048K, 7 young (14336K), 7 survivors (14336K)
 Metaspace       used 59746K, committed 60416K, reserved 917504K
  class space    used 8371K, committed 8704K, reserved 851968K
}
Event: 140.865 GC heap before
{Heap before GC invocations=103 (full 0):
 garbage-first heap   total 382976K, used 323977K [0x0000000700000000, 0x0000000800000000)
  region size 2048K, 112 young (229376K), 7 survivors (14336K)
 Metaspace       used 78883K, committed 79552K, reserved 983040K
  class space    used 10485K, committed 10816K, reserved 851968K
}
Event: 140.892 GC heap after
{Heap after GC invocations=104 (full 0):
 garbage-first heap   total 382976K, used 122029K [0x0000000700000000, 0x0000000800000000)
  region size 2048K, 14 young (28672K), 14 survivors (28672K)
 Metaspace       used 78883K, committed 79552K, reserved 983040K
  class space    used 10485K, committed 10816K, reserved 851968K
}
Event: 140.954 GC heap before
{Heap before GC invocations=104 (full 0):
 garbage-first heap   total 382976K, used 124077K [0x0000000700000000, 0x0000000800000000)
  region size 2048K, 15 young (30720K), 14 survivors (28672K)
 Metaspace       used 79030K, committed 79744K, reserved 983040K
  class space    used 10502K, committed 10816K, reserved 851968K
}
Event: 140.977 GC heap after
{Heap after GC invocations=105 (full 0):
 garbage-first heap   total 382976K, used 102925K [0x0000000700000000, 0x0000000800000000)
  region size 2048K, 2 young (4096K), 2 survivors (4096K)
 Metaspace       used 79030K, committed 79744K, reserved 983040K
  class space    used 10502K, committed 10816K, reserved 851968K
}
Event: 148.045 GC heap before
{Heap before GC invocations=105 (full 0):
 garbage-first heap   total 382976K, used 307725K [0x0000000700000000, 0x0000000800000000)
  region size 2048K, 102 young (208896K), 2 survivors (4096K)
 Metaspace       used 97113K, committed 97856K, reserved 983040K
  class space    used 12410K, committed 12736K, reserved 851968K
}

Dll operation events (15 events):
Event: 0.032 Loaded shared library C:\Program Files\Microsoft\jdk-17.0.13.11-hotspot\bin\java.dll
Event: 0.067 Loaded shared library C:\Program Files\Microsoft\jdk-17.0.13.11-hotspot\bin\jsvml.dll
Event: 0.405 Loaded shared library C:\Program Files\Microsoft\jdk-17.0.13.11-hotspot\bin\zip.dll
Event: 0.454 Loaded shared library C:\Program Files\Microsoft\jdk-17.0.13.11-hotspot\bin\instrument.dll
Event: 0.467 Loaded shared library C:\Program Files\Microsoft\jdk-17.0.13.11-hotspot\bin\net.dll
Event: 0.473 Loaded shared library C:\Program Files\Microsoft\jdk-17.0.13.11-hotspot\bin\nio.dll
Event: 0.481 Loaded shared library C:\Program Files\Microsoft\jdk-17.0.13.11-hotspot\bin\zip.dll
Event: 1.282 Loaded shared library C:\Program Files\Microsoft\jdk-17.0.13.11-hotspot\bin\jimage.dll
Event: 2.079 Loaded shared library C:\Program Files\Microsoft\jdk-17.0.13.11-hotspot\bin\verify.dll
Event: 2.205 Loaded shared library E:\gradle-home\native\1def1411415f61bf3af743bc5b6707747c0891f09f0c88961ee8f79bc544acac\windows-amd64\native-platform.dll
Event: 2.820 Loaded shared library E:\gradle-home\native\0.2.8\x86_64-windows-gnu\gradle-fileevents.dll
Event: 37.432 Loaded shared library C:\Program Files\Microsoft\jdk-17.0.13.11-hotspot\bin\management.dll
Event: 37.438 Loaded shared library C:\Program Files\Microsoft\jdk-17.0.13.11-hotspot\bin\management_ext.dll
Event: 38.020 Loaded shared library C:\Program Files\Microsoft\jdk-17.0.13.11-hotspot\bin\extnet.dll
Event: 38.717 Loaded shared library C:\Program Files\Microsoft\jdk-17.0.13.11-hotspot\bin\sunmscapi.dll

Deoptimization events (20 events):
Event: 147.058 Thread 0x00000220b7bdd260 Uncommon trap: trap_request=0xffffff45 fr.pc=0x00000220a50956f8 relative=0x0000000000000358
Event: 147.058 Thread 0x00000220b7bdd260 Uncommon trap: reason=unstable_if action=reinterpret pc=0x00000220a50956f8 method=java.lang.String.indexOf([BBILjava/lang/String;I)I @ 54 c2
Event: 147.058 Thread 0x00000220b7bdd260 DEOPT PACKING pc=0x00000220a50956f8 sp=0x0000007bdc6f2230
Event: 147.058 Thread 0x00000220b7bdd260 DEOPT UNPACKING pc=0x00000220a43569a3 sp=0x0000007bdc6f2140 mode 2
Event: 147.076 Thread 0x00000220b7bdd260 Uncommon trap: trap_request=0xffffff45 fr.pc=0x00000220a5095e30 relative=0x0000000000000310
Event: 147.076 Thread 0x00000220b7bdd260 Uncommon trap: reason=unstable_if action=reinterpret pc=0x00000220a5095e30 method=java.lang.String.indexOf([BBILjava/lang/String;I)I @ 54 c2
Event: 147.076 Thread 0x00000220b7bdd260 DEOPT PACKING pc=0x00000220a5095e30 sp=0x0000007bdc6f21b0
Event: 147.076 Thread 0x00000220b7bdd260 DEOPT UNPACKING pc=0x00000220a43569a3 sp=0x0000007bdc6f2140 mode 2
Event: 147.597 Thread 0x00000220b7bdd260 Uncommon trap: trap_request=0xffffffde fr.pc=0x00000220a50bda9c relative=0x000000000000715c
Event: 147.597 Thread 0x00000220b7bdd260 Uncommon trap: reason=class_check action=maybe_recompile pc=0x00000220a50bda9c method=org.jetbrains.org.objectweb.asm.ClassReader.readMethod(Lorg/jetbrains/org/objectweb/asm/ClassVisitor;Lorg/jetbrains/org/objectweb/asm/Context;I)I @ 674 c2
Event: 147.597 Thread 0x00000220b7bdd260 DEOPT PACKING pc=0x00000220a50bda9c sp=0x0000007bdc6f08a0
Event: 147.597 Thread 0x00000220b7bdd260 DEOPT UNPACKING pc=0x00000220a43569a3 sp=0x0000007bdc6f08a8 mode 2
Event: 147.597 Thread 0x00000220b7bdd260 Uncommon trap: trap_request=0xffffffde fr.pc=0x00000220a50bda9c relative=0x000000000000715c
Event: 147.597 Thread 0x00000220b7bdd260 Uncommon trap: reason=class_check action=maybe_recompile pc=0x00000220a50bda9c method=org.jetbrains.org.objectweb.asm.ClassReader.readMethod(Lorg/jetbrains/org/objectweb/asm/ClassVisitor;Lorg/jetbrains/org/objectweb/asm/Context;I)I @ 674 c2
Event: 147.597 Thread 0x00000220b7bdd260 DEOPT PACKING pc=0x00000220a50bda9c sp=0x0000007bdc6f08a0
Event: 147.597 Thread 0x00000220b7bdd260 DEOPT UNPACKING pc=0x00000220a43569a3 sp=0x0000007bdc6f08a8 mode 2
Event: 147.597 Thread 0x00000220b7bdd260 Uncommon trap: trap_request=0xffffffc6 fr.pc=0x00000220a4a630a8 relative=0x0000000000001c48
Event: 147.597 Thread 0x00000220b7bdd260 Uncommon trap: reason=bimorphic_or_optimized_type_check action=maybe_recompile pc=0x00000220a4a630a8 method=org.jetbrains.org.objectweb.asm.ClassReader.readElementValue(Lorg/jetbrains/org/objectweb/asm/AnnotationVisitor;ILjava/lang/String;[C)I @ 398 c2
Event: 147.597 Thread 0x00000220b7bdd260 DEOPT PACKING pc=0x00000220a4a630a8 sp=0x0000007bdc6f0810
Event: 147.597 Thread 0x00000220b7bdd260 DEOPT UNPACKING pc=0x00000220a43569a3 sp=0x0000007bdc6f07b8 mode 2

Classes loaded (20 events):
Event: 140.272 Loading class java/text/StringCharacterIterator
Event: 140.273 Loading class java/text/CharacterIterator
Event: 140.274 Loading class java/text/CharacterIterator done
Event: 140.274 Loading class java/text/StringCharacterIterator done
Event: 140.778 Loading class java/util/PriorityQueue
Event: 140.779 Loading class java/util/PriorityQueue done
Event: 142.853 Loading class java/util/EnumMap$EntrySet
Event: 142.854 Loading class java/util/EnumMap$EntrySet done
Event: 142.854 Loading class java/util/EnumMap$EntryIterator
Event: 142.854 Loading class java/util/EnumMap$EnumMapIterator
Event: 142.854 Loading class java/util/EnumMap$EnumMapIterator done
Event: 142.854 Loading class java/util/EnumMap$EntryIterator done
Event: 142.854 Loading class java/util/EnumMap$EntryIterator$Entry
Event: 142.855 Loading class java/util/EnumMap$EntryIterator$Entry done
Event: 144.116 Loading class java/util/ArrayList$SubList$1
Event: 144.117 Loading class java/util/ArrayList$SubList$1 done
Event: 144.731 Loading class java/text/MessageFormat
Event: 144.732 Loading class java/text/MessageFormat done
Event: 144.873 Loading class java/text/ChoiceFormat
Event: 144.874 Loading class java/text/ChoiceFormat done

Classes unloaded (3 events):
Event: 132.868 Thread 0x00000220b7a98180 Unloading class 0x00000220b959d000 '_BuildScript_$_run_closure2'
Event: 132.868 Thread 0x00000220b7a98180 Unloading class 0x00000220b959cc00 '_BuildScript_$_run_closure1'
Event: 132.868 Thread 0x00000220b7a98180 Unloading class 0x00000220b959c000 '_BuildScript_'

Classes redefined (0 events):
No events

Internal exceptions (20 events):
Event: 131.018 Thread 0x00000220b7bdd260 Exception <a 'java/lang/NoSuchMethodError'{0x000000070dfa3328}: 'long java.lang.invoke.Invokers$Holder.invokeExact_MT(java.lang.Object, java.lang.Object, java.lang.Object)'> (0x000000070dfa3328) 
thrown [s\src\hotspot\share\interpreter\linkResolver.cpp, line 759]
Event: 131.318 Thread 0x00000220b7bdd260 Exception <a 'java/lang/NoSuchMethodError'{0x000000070db7d218}: 'java.lang.Object java.lang.invoke.DirectMethodHandle$Holder.invokeStatic(java.lang.Object, java.lang.Object, int, java.lang.Object, int)'> (0x000000070db7d218) 
thrown [s\src\hotspot\share\interpreter\linkResolver.cpp, line 759]
Event: 133.376 Thread 0x00000220b7bdd260 Exception <a 'java/lang/NoSuchMethodError'{0x0000000716d67770}: 'java.lang.Object java.lang.invoke.DirectMethodHandle$Holder.invokeStatic(java.lang.Object, java.lang.Object, java.lang.Object, java.lang.Object, int, java.lang.Object)'> (0x0000000716d67770) 
thrown [s\src\hotspot\share\interpreter\linkResolver.cpp, line 759]
Event: 133.426 Thread 0x00000220b7bdd260 Exception <a 'java/lang/NoSuchMethodError'{0x0000000716a7bfc0}: 'java.lang.Object java.lang.invoke.Invokers$Holder.invoke_MT(java.lang.Object, java.lang.Object, java.lang.Object)'> (0x0000000716a7bfc0) 
thrown [s\src\hotspot\share\interpreter\linkResolver.cpp, line 759]
Event: 134.291 Thread 0x00000220b7bdd260 Exception <a 'java/lang/NoSuchMethodError'{0x0000000715ba96f8}: 'java.lang.Object java.lang.invoke.Invokers$Holder.invokeExact_MT(java.lang.Object, java.lang.Object, long, java.lang.Object)'> (0x0000000715ba96f8) 
thrown [s\src\hotspot\share\interpreter\linkResolver.cpp, line 759]
Event: 134.480 Thread 0x00000220b7bdd260 Exception <a 'java/lang/NoSuchMethodError'{0x0000000715208c80}: 'java.lang.Object java.lang.invoke.DirectMethodHandle$Holder.invokeStatic(java.lang.Object, java.lang.Object, long, long)'> (0x0000000715208c80) 
thrown [s\src\hotspot\share\interpreter\linkResolver.cpp, line 759]
Event: 134.493 Thread 0x00000220b7bdd260 Exception <a 'java/lang/NoSuchMethodError'{0x000000071525c780}: 'java.lang.Object java.lang.invoke.DirectMethodHandle$Holder.invokeStatic(java.lang.Object, java.lang.Object, java.lang.Object, long, java.lang.Object)'> (0x000000071525c780) 
thrown [s\src\hotspot\share\interpreter\linkResolver.cpp, line 759]
Event: 134.494 Thread 0x00000220b7bdd260 Exception <a 'java/lang/NoSuchMethodError'{0x0000000715265ee0}: 'java.lang.Object java.lang.invoke.DirectMethodHandle$Holder.newInvokeSpecial(java.lang.Object, java.lang.Object, java.lang.Object, long)'> (0x0000000715265ee0) 
thrown [s\src\hotspot\share\interpreter\linkResolver.cpp, line 759]
Event: 134.495 Thread 0x00000220b7bdd260 Exception <a 'java/lang/NoSuchMethodError'{0x000000071526b6e8}: 'java.lang.Object java.lang.invoke.Invokers$Holder.linkToTargetMethod(java.lang.Object, java.lang.Object, long, java.lang.Object)'> (0x000000071526b6e8) 
thrown [s\src\hotspot\share\interpreter\linkResolver.cpp, line 759]
Event: 135.275 Thread 0x00000220b7bdd260 Exception <a 'java/lang/NoSuchMethodError'{0x00000007125d2238}: 'int java.lang.invoke.DirectMethodHandle$Holder.invokeSpecial(java.lang.Object, java.lang.Object, int, int)'> (0x00000007125d2238) 
thrown [s\src\hotspot\share\interpreter\linkResolver.cpp, line 759]
Event: 139.742 Thread 0x00000220b7bdd260 Exception <a 'java/lang/NoSuchMethodError'{0x000000070c3d8160}: 'java.lang.Object java.lang.invoke.DirectMethodHandle$Holder.newInvokeSpecial(java.lang.Object, java.lang.Object, java.lang.Object, int, java.lang.Object)'> (0x000000070c3d8160) 
thrown [s\src\hotspot\share\interpreter\linkResolver.cpp, line 759]
Event: 139.742 Thread 0x00000220b7bdd260 Exception <a 'java/lang/NoSuchMethodError'{0x000000070c3ddb58}: 'java.lang.Object java.lang.invoke.Invokers$Holder.linkToTargetMethod(java.lang.Object, java.lang.Object, int, java.lang.Object, java.lang.Object)'> (0x000000070c3ddb58) 
thrown [s\src\hotspot\share\interpreter\linkResolver.cpp, line 759]
Event: 139.883 Thread 0x00000220b7bdd260 Exception <a 'java/lang/NoSuchMethodError'{0x000000070be6dc48}: 'java.lang.Object java.lang.invoke.DirectMethodHandle$Holder.newInvokeSpecial(java.lang.Object, java.lang.Object, java.lang.Object, java.lang.Object, int)'> (0x000000070be6dc48) 
thrown [s\src\hotspot\share\interpreter\linkResolver.cpp, line 759]
Event: 139.884 Thread 0x00000220b7bdd260 Exception <a 'java/lang/NoSuchMethodError'{0x000000070be73640}: 'java.lang.Object java.lang.invoke.Invokers$Holder.linkToTargetMethod(java.lang.Object, java.lang.Object, java.lang.Object, int, java.lang.Object)'> (0x000000070be73640) 
thrown [s\src\hotspot\share\interpreter\linkResolver.cpp, line 759]
Event: 141.443 Thread 0x00000220b7bdd260 Implicit null exception at 0x00000220a4d8576c to 0x00000220a4d85814
Event: 143.364 Thread 0x00000220b7bdd260 Exception <a 'java/lang/NoSuchMethodError'{0x0000000712ec0b08}: 'java.lang.Object java.lang.invoke.DirectMethodHandle$Holder.newInvokeSpecial(java.lang.Object, int, java.lang.Object)'> (0x0000000712ec0b08) 
thrown [s\src\hotspot\share\interpreter\linkResolver.cpp, line 759]
Event: 144.879 Thread 0x00000220b7bdd260 Exception <a 'java/lang/NoSuchMethodError'{0x000000070f06a168}: 'java.lang.Object java.lang.invoke.DirectMethodHandle$Holder.newInvokeSpecial(java.lang.Object, java.lang.Object, java.lang.Object, java.lang.Object, int, java.lang.Object, java.lang.Object)'> (0x000000070f06a168) 
thrown [s\src\hotspot\share\interpreter\linkResolver.cpp, line 759]
Event: 146.566 Thread 0x00000220b7bdd260 Exception <a 'java/lang/NoSuchMethodError'{0x000000070cb74dc0}: 'java.lang.Object java.lang.invoke.DirectMethodHandle$Holder.newInvokeSpecial(java.lang.Object, java.lang.Object, java.lang.Object, java.lang.Object, java.lang.Object, java.lang.Object, java.lang.Object, java.lang.Object, int)'> (0x000000070cb74dc0) 
thrown [s\src\hotspot\share\interpreter\linkResolver.cpp, line 759]
Event: 146.568 Thread 0x00000220b7bdd260 Exception <a 'java/lang/NoSuchMethodError'{0x000000070cb7c018}: 'java.lang.Object java.lang.invoke.DirectMethodHandle$Holder.invokeSpecial(java.lang.Object, java.lang.Object, java.lang.Object, java.lang.Object, java.lang.Object, java.lang.Object, java.lang.Object, java.lang.Object, java.lang.Object, int)'> (0x000000070cb7c018) 
thrown [s\src\hotspot\share\interpreter\linkResolver.cpp, line 759]
Event: 146.569 Thread 0x00000220b7bdd260 Exception <a 'java/lang/NoSuchMethodError'{0x000000070cb82a60}: 'java.lang.Object java.lang.invoke.Invokers$Holder.linkToTargetMethod(java.lang.Object, java.lang.Object, java.lang.Object, java.lang.Object, java.lang.Object, java.lang.Object, java.lang.Object, int, java.lang.Object)'> (0x000000070cb82a60) 
thrown [s\src\hotspot\share\interpreter\linkResolver.cpp, line 759]

VM Operations (20 events):
Event: 144.875 Executing VM operation: HandshakeAllThreads done
Event: 145.394 Executing VM operation: HandshakeAllThreads
Event: 145.394 Executing VM operation: HandshakeAllThreads done
Event: 146.402 Executing VM operation: Cleanup
Event: 146.402 Executing VM operation: Cleanup done
Event: 146.599 Executing VM operation: HandshakeAllThreads
Event: 146.599 Executing VM operation: HandshakeAllThreads done
Event: 146.740 Executing VM operation: HandshakeAllThreads
Event: 146.740 Executing VM operation: HandshakeAllThreads done
Event: 147.581 Executing VM operation: HandshakeAllThreads
Event: 147.581 Executing VM operation: HandshakeAllThreads done
Event: 147.581 Executing VM operation: Cleanup
Event: 147.582 Executing VM operation: Cleanup done
Event: 147.592 Executing VM operation: HandshakeAllThreads
Event: 147.593 Executing VM operation: HandshakeAllThreads done
Event: 147.913 Executing VM operation: HandshakeAllThreads
Event: 147.913 Executing VM operation: HandshakeAllThreads done
Event: 147.938 Executing VM operation: HandshakeAllThreads
Event: 147.938 Executing VM operation: HandshakeAllThreads done
Event: 148.044 Executing VM operation: G1CollectForAllocation

Memory protections (0 events):
No events

Nmethod flushes (20 events):
Event: 142.821 Thread 0x00000220b7afe2e0 flushing  nmethod 0x000002209da5db90
Event: 142.821 Thread 0x00000220b7afe2e0 flushing  nmethod 0x000002209da60210
Event: 142.821 Thread 0x00000220b7afe2e0 flushing  nmethod 0x000002209da60e10
Event: 142.821 Thread 0x00000220b7afe2e0 flushing  nmethod 0x000002209da61610
Event: 142.821 Thread 0x00000220b7afe2e0 flushing  nmethod 0x000002209da62290
Event: 142.821 Thread 0x00000220b7afe2e0 flushing  nmethod 0x000002209da64210
Event: 142.821 Thread 0x00000220b7afe2e0 flushing  nmethod 0x000002209da64590
Event: 142.821 Thread 0x00000220b7afe2e0 flushing  nmethod 0x000002209da67190
Event: 142.822 Thread 0x00000220b7afe2e0 flushing  nmethod 0x000002209dabee90
Event: 142.822 Thread 0x00000220b7afe2e0 flushing  nmethod 0x000002209dac9b10
Event: 142.822 Thread 0x00000220b7afe2e0 flushing  nmethod 0x000002209dad1e90
Event: 142.822 Thread 0x00000220b7afe2e0 flushing  nmethod 0x000002209dad2290
Event: 142.822 Thread 0x00000220b7afe2e0 flushing  nmethod 0x000002209dad5090
Event: 142.822 Thread 0x00000220b7afe2e0 flushing  nmethod 0x000002209daf4a90
Event: 142.822 Thread 0x00000220b7afe2e0 flushing  nmethod 0x000002209dafa110
Event: 142.822 Thread 0x00000220b7afe2e0 flushing  nmethod 0x000002209db04c10
Event: 142.822 Thread 0x00000220b7afe2e0 flushing  nmethod 0x000002209db05990
Event: 142.822 Thread 0x00000220b7afe2e0 flushing  nmethod 0x000002209db06690
Event: 142.822 Thread 0x00000220b7afe2e0 flushing  nmethod 0x000002209db0c090
Event: 142.822 Thread 0x00000220b7afe2e0 flushing  nmethod 0x000002209db2d310

Events (20 events):
Event: 40.664 Thread 0x00000220b7bdd260 Thread added: 0x00000220b7bddc80
Event: 40.854 Thread 0x00000220b7bdd260 Thread added: 0x00000220b7bde190
Event: 43.902 Thread 0x00000220b7bdd260 Thread added: 0x00000220b7bdebb0
Event: 43.972 Thread 0x00000220b7bdd260 Thread added: 0x00000220b7bde6a0
Event: 44.704 Thread 0x00000220b7bdd260 Thread added: 0x00000220b7bdf0c0
Event: 44.723 Thread 0x00000220b7bdd260 Thread added: 0x00000220f3294040
Event: 45.413 Thread 0x00000220b7bdd260 Thread added: 0x00000220f3293110
Event: 45.601 Thread 0x00000220b7bdd260 Thread added: 0x00000220f32963b0
Event: 46.469 Thread 0x00000220b7bdd260 Thread added: 0x00000220f3299b60
Event: 46.680 Thread 0x00000220b7bdd260 Thread added: 0x00000220f3298210
Event: 50.995 Thread 0x00000220b7bdd260 Thread added: 0x00000220f3294a60
Event: 52.226 Thread 0x00000220b7bdd260 Thread added: 0x00000220f3292c00
Event: 116.715 Thread 0x00000220b7aba950 Thread added: 0x00000220f3cb2b40
Event: 121.853 Thread 0x00000220f3cb2b40 Thread exited: 0x00000220f3cb2b40
Event: 122.479 Thread 0x00000220b7afddc0 Thread added: 0x00000220f3cb2b40
Event: 124.265 Thread 0x00000220f3cb2b40 Thread exited: 0x00000220f3cb2b40
Event: 124.583 Thread 0x00000220b7aba950 Thread added: 0x00000220f3cb2b40
Event: 124.814 Thread 0x00000220f3cb2b40 Thread exited: 0x00000220f3cb2b40
Event: 126.933 Thread 0x00000220b7afddc0 Thread added: 0x00000220f3cb2b40
Event: 129.431 Thread 0x00000220f3cb2b40 Thread exited: 0x00000220f3cb2b40


Dynamic libraries:
0x00007ff7ed350000 - 0x00007ff7ed35e000 	C:\Program Files\Microsoft\jdk-17.0.13.11-hotspot\bin\java.exe
0x00007fff5e9d0000 - 0x00007fff5ebe7000 	C:\WINDOWS\SYSTEM32\ntdll.dll
0x00007fff5d190000 - 0x00007fff5d254000 	C:\WINDOWS\System32\KERNEL32.DLL
0x00007fff5c150000 - 0x00007fff5c520000 	C:\WINDOWS\System32\KERNELBASE.dll
0x00007fff5c030000 - 0x00007fff5c141000 	C:\WINDOWS\System32\ucrtbase.dll
0x00007fff01a60000 - 0x00007fff01a77000 	C:\Program Files\Microsoft\jdk-17.0.13.11-hotspot\bin\jli.dll
0x00007fff5e7e0000 - 0x00007fff5e98e000 	C:\WINDOWS\System32\USER32.dll
0x00007fff5bdf0000 - 0x00007fff5be16000 	C:\WINDOWS\System32\win32u.dll
0x00007fff5d340000 - 0x00007fff5d369000 	C:\WINDOWS\System32\GDI32.dll
0x00007fff5bf10000 - 0x00007fff5c02b000 	C:\WINDOWS\System32\gdi32full.dll
0x00007fff01a40000 - 0x00007fff01a5d000 	C:\Program Files\Microsoft\jdk-17.0.13.11-hotspot\bin\VCRUNTIME140.dll
0x00007fff5c620000 - 0x00007fff5c6ba000 	C:\WINDOWS\System32\msvcp_win.dll
0x00007fff45540000 - 0x00007fff457d2000 	C:\WINDOWS\WinSxS\amd64_microsoft.windows.common-controls_6595b64144ccf1df_6.0.22621.4830_none_270fe7d773858e80\COMCTL32.dll
0x00007fff5c800000 - 0x00007fff5c8a7000 	C:\WINDOWS\System32\msvcrt.dll
0x00007fff5c920000 - 0x00007fff5c951000 	C:\WINDOWS\System32\IMM32.DLL
0x00007fff43930000 - 0x00007fff4393c000 	C:\Program Files\Microsoft\jdk-17.0.13.11-hotspot\bin\vcruntime140_1.dll
0x00007fff019b0000 - 0x00007fff01a3d000 	C:\Program Files\Microsoft\jdk-17.0.13.11-hotspot\bin\msvcp140.dll
0x00007ffefe540000 - 0x00007ffeff1b1000 	C:\Program Files\Microsoft\jdk-17.0.13.11-hotspot\bin\server\jvm.dll
0x00007fff5ddd0000 - 0x00007fff5de81000 	C:\WINDOWS\System32\ADVAPI32.dll
0x00007fff5c740000 - 0x00007fff5c7e7000 	C:\WINDOWS\System32\sechost.dll
0x00007fff5bee0000 - 0x00007fff5bf08000 	C:\WINDOWS\System32\bcrypt.dll
0x00007fff5c970000 - 0x00007fff5ca84000 	C:\WINDOWS\System32\RPCRT4.dll
0x00007fff5c6c0000 - 0x00007fff5c731000 	C:\WINDOWS\System32\WS2_32.dll
0x00007fff5bb50000 - 0x00007fff5bb9d000 	C:\WINDOWS\SYSTEM32\POWRPROF.dll
0x00007fff53df0000 - 0x00007fff53e24000 	C:\WINDOWS\SYSTEM32\WINMM.dll
0x00007fff52070000 - 0x00007fff5207a000 	C:\WINDOWS\SYSTEM32\VERSION.dll
0x00007fff5bb30000 - 0x00007fff5bb43000 	C:\WINDOWS\SYSTEM32\UMPDC.dll
0x00007fff5ac80000 - 0x00007fff5ac98000 	C:\WINDOWS\SYSTEM32\kernel.appcore.dll
0x00007fff42780000 - 0x00007fff4278a000 	C:\Program Files\Microsoft\jdk-17.0.13.11-hotspot\bin\jimage.dll
0x00007fff56520000 - 0x00007fff56752000 	C:\WINDOWS\SYSTEM32\DBGHELP.DLL
0x00007fff5d370000 - 0x00007fff5d700000 	C:\WINDOWS\System32\combase.dll
0x00007fff5d260000 - 0x00007fff5d337000 	C:\WINDOWS\System32\OLEAUT32.dll
0x00007fff333c0000 - 0x00007fff333f2000 	C:\WINDOWS\SYSTEM32\dbgcore.DLL
0x00007fff5c5a0000 - 0x00007fff5c61b000 	C:\WINDOWS\System32\bcryptPrimitives.dll
0x00007fff43250000 - 0x00007fff4325e000 	C:\Program Files\Microsoft\jdk-17.0.13.11-hotspot\bin\instrument.dll
0x00007fff01980000 - 0x00007fff019a5000 	C:\Program Files\Microsoft\jdk-17.0.13.11-hotspot\bin\java.dll
0x00007ffefe460000 - 0x00007ffefe537000 	C:\Program Files\Microsoft\jdk-17.0.13.11-hotspot\bin\jsvml.dll
0x00007fff5de90000 - 0x00007fff5e708000 	C:\WINDOWS\System32\SHELL32.dll
0x00007fff59b80000 - 0x00007fff5a490000 	C:\WINDOWS\SYSTEM32\windows.storage.dll
0x00007fff59a40000 - 0x00007fff59b7f000 	C:\WINDOWS\SYSTEM32\wintypes.dll
0x00007fff5dab0000 - 0x00007fff5dbba000 	C:\WINDOWS\System32\SHCORE.dll
0x00007fff5c8c0000 - 0x00007fff5c91e000 	C:\WINDOWS\System32\shlwapi.dll
0x00007fff5bbb0000 - 0x00007fff5bbdb000 	C:\WINDOWS\SYSTEM32\profapi.dll
0x00007fff013e0000 - 0x00007fff013f8000 	C:\Program Files\Microsoft\jdk-17.0.13.11-hotspot\bin\zip.dll
0x00007fff01420000 - 0x00007fff0143a000 	C:\Program Files\Microsoft\jdk-17.0.13.11-hotspot\bin\net.dll
0x00007fff52210000 - 0x00007fff5233c000 	C:\WINDOWS\SYSTEM32\WINHTTP.dll
0x00007fff5b0f0000 - 0x00007fff5b15a000 	C:\WINDOWS\system32\mswsock.dll
0x00007fff01400000 - 0x00007fff01416000 	C:\Program Files\Microsoft\jdk-17.0.13.11-hotspot\bin\nio.dll
0x00007fff44170000 - 0x00007fff44180000 	C:\Program Files\Microsoft\jdk-17.0.13.11-hotspot\bin\verify.dll
0x00007fff02710000 - 0x00007fff02737000 	E:\gradle-home\native\1def1411415f61bf3af743bc5b6707747c0891f09f0c88961ee8f79bc544acac\windows-amd64\native-platform.dll
0x00007ffebb030000 - 0x00007ffebb0a7000 	E:\gradle-home\native\0.2.8\x86_64-windows-gnu\gradle-fileevents.dll
0x00007fff44fb0000 - 0x00007fff44fba000 	C:\Program Files\Microsoft\jdk-17.0.13.11-hotspot\bin\management.dll
0x00007fff44360000 - 0x00007fff4436b000 	C:\Program Files\Microsoft\jdk-17.0.13.11-hotspot\bin\management_ext.dll
0x00007fff5c7f0000 - 0x00007fff5c7f8000 	C:\WINDOWS\System32\PSAPI.DLL
0x00007fff5a6f0000 - 0x00007fff5a71d000 	C:\WINDOWS\SYSTEM32\IPHLPAPI.DLL
0x00007fff5c960000 - 0x00007fff5c969000 	C:\WINDOWS\System32\NSI.dll
0x00007fff520a0000 - 0x00007fff520b9000 	C:\WINDOWS\SYSTEM32\dhcpcsvc6.DLL
0x00007fff52080000 - 0x00007fff5209f000 	C:\WINDOWS\SYSTEM32\dhcpcsvc.DLL
0x00007fff5a760000 - 0x00007fff5a862000 	C:\WINDOWS\SYSTEM32\DNSAPI.dll
0x00007fff49280000 - 0x00007fff49289000 	C:\Program Files\Microsoft\jdk-17.0.13.11-hotspot\bin\extnet.dll
0x00007fff5b440000 - 0x00007fff5b45b000 	C:\WINDOWS\SYSTEM32\CRYPTSP.dll
0x00007fff5abe0000 - 0x00007fff5ac15000 	C:\WINDOWS\system32\rsaenh.dll
0x00007fff5b190000 - 0x00007fff5b1b8000 	C:\WINDOWS\SYSTEM32\USERENV.dll
0x00007fff5b420000 - 0x00007fff5b42c000 	C:\WINDOWS\SYSTEM32\CRYPTBASE.dll
0x00007fff54a60000 - 0x00007fff54a6e000 	C:\Program Files\Microsoft\jdk-17.0.13.11-hotspot\bin\sunmscapi.dll
0x00007fff5bc80000 - 0x00007fff5bde6000 	C:\WINDOWS\System32\CRYPT32.dll
0x00007fff5b550000 - 0x00007fff5b57d000 	C:\WINDOWS\SYSTEM32\ncrypt.dll
0x00007fff5b510000 - 0x00007fff5b547000 	C:\WINDOWS\SYSTEM32\NTASN1.dll
0x00007fff32d70000 - 0x00007fff32d78000 	C:\WINDOWS\system32\wshunix.dll

dbghelp: loaded successfully - version: 4.0.5 - missing functions: none
symbol engine: initialized successfully - sym options: 0x614 - pdb path: .;C:\Program Files\Microsoft\jdk-17.0.13.11-hotspot\bin;C:\WINDOWS\SYSTEM32;C:\WINDOWS\WinSxS\amd64_microsoft.windows.common-controls_6595b64144ccf1df_6.0.22621.4830_none_270fe7d773858e80;C:\Program Files\Microsoft\jdk-17.0.13.11-hotspot\bin\server;E:\gradle-home\native\1def1411415f61bf3af743bc5b6707747c0891f09f0c88961ee8f79bc544acac\windows-amd64;E:\gradle-home\native\0.2.8\x86_64-windows-gnu

VM Arguments:
jvm_args: --add-opens=java.base/java.lang=ALL-UNNAMED --add-opens=java.base/java.lang.invoke=ALL-UNNAMED --add-opens=java.base/java.util=ALL-UNNAMED --add-opens=java.prefs/java.util.prefs=ALL-UNNAMED --add-exports=jdk.compiler/com.sun.tools.javac.api=ALL-UNNAMED --add-exports=jdk.compiler/com.sun.tools.javac.util=ALL-UNNAMED --add-opens=java.base/java.util=ALL-UNNAMED --add-opens=java.prefs/java.util.prefs=ALL-UNNAMED --add-opens=java.base/java.nio.charset=ALL-UNNAMED --add-opens=java.base/java.net=ALL-UNNAMED --add-opens=java.base/java.util.concurrent=ALL-UNNAMED --add-opens=java.base/java.util.concurrent.atomic=ALL-UNNAMED --add-opens=java.xml/javax.xml.namespace=ALL-UNNAMED -XX:MaxMetaspaceSize=1024m -Xmx4096m -Dfile.encoding=windows-1252 -Duser.country=US -Duser.language=en -Duser.variant -javaagent:E:\gradle-home\wrapper\dists\gradle-9.0.0-bin\d6wjpkvcgsg3oed0qlfss3wgl\gradle-9.0.0\lib\agents\gradle-instrumentation-agent-9.0.0.jar 
java_command: org.gradle.launcher.daemon.bootstrap.GradleDaemon 9.0.0
java_class_path (initial): E:\gradle-home\wrapper\dists\gradle-9.0.0-bin\d6wjpkvcgsg3oed0qlfss3wgl\gradle-9.0.0\lib\gradle-daemon-main-9.0.0.jar
Launcher Type: SUN_STANDARD

[Global flags]
     intx CICompilerCount                          = 3                                         {product} {ergonomic}
   size_t CompressedClassSpaceSize                 = 872415232                                 {product} {ergonomic}
     uint ConcGCThreads                            = 1                                         {product} {ergonomic}
     uint G1ConcRefinementThreads                  = 4                                         {product} {ergonomic}
   size_t G1HeapRegionSize                         = 2097152                                   {product} {ergonomic}
    uintx GCDrainStackTargetSize                   = 64                                        {product} {ergonomic}
   size_t InitialHeapSize                          = 132120576                                 {product} {ergonomic}
   size_t MarkStackSize                            = 4194304                                   {product} {ergonomic}
   size_t MaxHeapSize                              = 4294967296                                {product} {command line}
   size_t MaxMetaspaceSize                         = 1073741824                                {product} {command line}
   size_t MaxNewSize                               = 2575302656                                {product} {ergonomic}
   size_t MinHeapDeltaBytes                        = 2097152                                   {product} {ergonomic}
   size_t MinHeapSize                              = 8388608                                   {product} {ergonomic}
    uintx NonNMethodCodeHeapSize                   = 5832780                                {pd product} {ergonomic}
    uintx NonProfiledCodeHeapSize                  = 122912730                              {pd product} {ergonomic}
    uintx ProfiledCodeHeapSize                     = 122912730                              {pd product} {ergonomic}
    uintx ReservedCodeCacheSize                    = 251658240                              {pd product} {ergonomic}
     bool SegmentedCodeCache                       = true                                      {product} {ergonomic}
   size_t SoftMaxHeapSize                          = 4294967296                             {manageable} {ergonomic}
     bool UseCompressedClassPointers               = true                           {product lp64_product} {ergonomic}
     bool UseCompressedOops                        = true                           {product lp64_product} {ergonomic}
     bool UseG1GC                                  = true                                      {product} {ergonomic}
     bool UseLargePagesIndividualAllocation        = false                                  {pd product} {ergonomic}

Logging:
Log output configuration:
 #0: stdout all=warning uptime,level,tags
 #1: stderr all=off uptime,level,tags

Environment Variables:
JAVA_HOME=C:\Program Files\Microsoft\jdk-17.0.13.11-hotspot
PATH=c:\Users\zaind\AppData\Local\Programs\cursor\resources\app\node_modules\@vscode\ripgrep\bin;C:\Python312\Scripts\;C:\Python312\;C:\Program Files\Microsoft\jdk-17.0.13.11-hotspot\bin;C:\WINDOWS\system32;C:\WINDOWS;C:\WINDOWS\System32\Wbem;C:\WINDOWS\System32\WindowsPowerShell\v1.0\;C:\WINDOWS\System32\OpenSSH\;C:\ProgramData\chocolatey\bin;C:\Users\zaind\AppData\Roaming\nvm;C:\Program Files\nodejs;C:\Program Files\CMake\bin;C:\Program Files\Git\cmd;C:\Program Files\nodejs\;C:\Users\zaind\AppData\Local\Microsoft\WindowsApps;C:\Users\zaind\AppData\Local\Programs\Microsoft VS Code\bin;C:\Users\zaind\AppData\Roaming\nvm;C:\Program Files\nodejs;D:\Android\Sdk\platform-tools;C:\Users\zaind\AppData\Local\GitHubDesktop\bin;C:\Users\zaind\AppData\Roaming\npm;C:\Users\zaind\Downloads\openjfx-17.0.14_windows-x64_bin-sdk\javafx-sdk-17.0.14\lib;C:\Users\zaind\AppData\Local\Programs\cursor\resources\app\bin
USERNAME=zaind
TERM=dumb
OS=Windows_NT
PROCESSOR_IDENTIFIER=Intel64 Family 6 Model 142 Stepping 9, GenuineIntel
TMP=C:\Users\zaind\AppData\Local\Temp
TEMP=C:\Users\zaind\AppData\Local\Temp



Periodic native trim disabled


---------------  S Y S T E M  ---------------

OS:
 Windows 11 , 64 bit Build 22621 (10.0.22621.4830)
OS uptime: 0 days 6:31 hours
Hyper-V role detected

CPU: total 4 (initial active 4) (2 cores per cpu, 2 threads per core) family 6 model 142 stepping 9 microcode 0xf6, cx8, cmov, fxsr, ht, mmx, 3dnowpref, sse, sse2, sse3, ssse3, sse4.1, sse4.2, popcnt, lzcnt, tsc, tscinvbit, avx, avx2, aes, erms, clmul, bmi1, bmi2, rtm, adx, fma, vzeroupper, clflush, clflushopt, hv
Processor Information for the first 4 processors :
  Max Mhz: 2712, Current Mhz: 2611, Mhz Limit: 2603

Memory: 4k page, system-wide physical 8035M (296M free)
TotalPageFile size 23187M (AvailPageFile size 225M)
current process WorkingSet (physical memory assigned to process): 605M, peak: 608M
current process commit charge ("private bytes"): 673M, peak: 977M

vm_info: OpenJDK 64-Bit Server VM (17.0.13+11-LTS) for windows-amd64 JRE (17.0.13+11-LTS), built on Oct 11 2024 23:25:05 by "MicrosoftCorporation" with unknown MS VC++:1939

END.
