Downloading https://services.gradle.org/distributions/gradle-9.0.0-bin.zip
............10%.............20%.............30%.............40%.............50%............60%.............70%.............80%.............90%.............100%

Welcome to Gradle 9.0.0!

Here are the highlights of this release:
 - Configuration Cache is the recommended execution mode
 - Gradle requires JVM 17 or higher to run
 - Build scripts use Kotlin 2.2 and Groovy 4.0
 - Improved Kotlin DSL script compilation avoidance

For more details see https://docs.gradle.org/9.0.0/release-notes.html

To honour the JVM settings for this build a single-use Daemon process will be forked. For more on this, please refer to https://docs.gradle.org/9.0.0/userguide/gradle_daemon.html#sec:disabling_the_daemon in the Gradle documentation.
Daemon will be stopped at the end of the build 
> Task :gradle-plugin:settings-plugin:checkKotlinGradlePluginConfigurationErrors SKIPPED
> Task :gradle-plugin:shared:checkKotlinGradlePluginConfigurationErrors SKIPPED
> Task :gradle-plugin:shared:compileKotlin
> Task :gradle-plugin:shared:compileKotlin UP-TO-DATE
> Task :gradle-plugin:shared:compileJava NO-SOURCE
> Task :gradle-plugin:shared:processResources NO-SOURCE
> Task :gradle-plugin:shared:classes UP-TO-DATE
> Task :gradle-plugin:shared:jar UP-TO-DATE
> Task :gradle-plugin:settings-plugin:compileKotlin
> Task :gradle-plugin:settings-plugin:compileKotlin UP-TO-DATE
> Task :gradle-plugin:settings-plugin:compileJava NO-SOURCE
> Task :gradle-plugin:settings-plugin:pluginDescriptors UP-TO-DATE
> Task :gradle-plugin:settings-plugin:processResources UP-TO-DATE
> Task :gradle-plugin:settings-plugin:classes UP-TO-DATE
> Task :gradle-plugin:settings-plugin:jar UP-TO-DATE
> Task :gradle-plugin:react-native-gradle-plugin:checkKotlinGradlePluginConfigurationErrors SKIPPED
> Task :gradle-plugin:react-native-gradle-plugin:compileKotlin
> Task :gradle-plugin:react-native-gradle-plugin:compileKotlin UP-TO-DATE
> Task :gradle-plugin:react-native-gradle-plugin:compileJava NO-SOURCE
> Task :gradle-plugin:react-native-gradle-plugin:pluginDescriptors UP-TO-DATE
> Task :gradle-plugin:react-native-gradle-plugin:processResources UP-TO-DATE
> Task :gradle-plugin:react-native-gradle-plugin:classes UP-TO-DATE
> Task :gradle-plugin:react-native-gradle-plugin:jar UP-TO-DATE

> Configure project :react-native-firebase_app
:react-native-firebase_app package.json found at E:\FYP\tutorlink-frontend\node_modules\@react-native-firebase\app\package.json
:react-native-firebase_app:firebase.bom using default value: 34.10.0
:react-native-firebase_app:play.play-services-auth using default value: 21.5.0
:react-native-firebase_app package.json found at E:\FYP\tutorlink-frontend\node_modules\@react-native-firebase\app\package.json
:react-native-firebase_app:version set from package.json: 24.0.0 (24,0,0 - 24000000)
:react-native-firebase_app:android.compileSdk using custom value: 36
:react-native-firebase_app:android.targetSdk using custom value: 36
:react-native-firebase_app:android.minSdk using custom value: 24
:react-native-firebase_app:reactNativeAndroidDir E:\FYP\tutorlink-frontend\node_modules\react-native

> Configure project :react-native-firebase_auth
:react-native-firebase_auth package.json found at E:\FYP\tutorlink-frontend\node_modules\@react-native-firebase\auth\package.json
:react-native-firebase_app package.json found at E:\FYP\tutorlink-frontend\node_modules\@react-native-firebase\app\package.json
:react-native-firebase_auth:firebase.bom using default value: 34.10.0
:react-native-firebase_auth package.json found at E:\FYP\tutorlink-frontend\node_modules\@react-native-firebase\auth\package.json
:react-native-firebase_auth:version set from package.json: 24.0.0 (24,0,0 - 24000000)
:react-native-firebase_auth:android.compileSdk using custom value: 36
:react-native-firebase_auth:android.targetSdk using custom value: 36
:react-native-firebase_auth:android.minSdk using custom value: 24
:react-native-firebase_auth:reactNativeAndroidDir E:\FYP\tutorlink-frontend\node_modules\react-native

> Configure project :react-native-firebase_messaging
:react-native-firebase_messaging package.json found at E:\FYP\tutorlink-frontend\node_modules\@react-native-firebase\messaging\package.json
:react-native-firebase_app package.json found at E:\FYP\tutorlink-frontend\node_modules\@react-native-firebase\app\package.json
:react-native-firebase_messaging:firebase.bom using default value: 34.10.0
:react-native-firebase_messaging package.json found at E:\FYP\tutorlink-frontend\node_modules\@react-native-firebase\messaging\package.json
:react-native-firebase_messaging:version set from package.json: 24.0.0 (24,0,0 - 24000000)
:react-native-firebase_messaging:android.compileSdk using custom value: 36
:react-native-firebase_messaging:android.targetSdk using custom value: 36
:react-native-firebase_messaging:android.minSdk using custom value: 24
:react-native-firebase_messaging:reactNativeAndroidDir E:\FYP\tutorlink-frontend\node_modules\react-native

> Task :app:generateAutolinkingNewArchitectureFiles
> Task :app:generateAutolinkingPackageList
> Task :app:generateCodegenSchemaFromJavaScript SKIPPED
> Task :app:generateCodegenArtifactsFromSchema SKIPPED
> Task :app:generateReactNativeEntryPoint
> Task :maplibre_maplibre-react-native:generateCodegenSchemaFromJavaScript UP-TO-DATE
> Task :maplibre_maplibre-react-native:generateCodegenArtifactsFromSchema UP-TO-DATE
> Task :maplibre_maplibre-react-native:preBuild UP-TO-DATE
> Task :react-native-async-storage_async-storage:generateCodegenSchemaFromJavaScript UP-TO-DATE
> Task :react-native-async-storage_async-storage:generateCodegenArtifactsFromSchema UP-TO-DATE
> Task :react-native-async-storage_async-storage:preBuild UP-TO-DATE
> Task :react-native-bottom-tabs:generateCodegenSchemaFromJavaScript UP-TO-DATE
> Task :react-native-bottom-tabs:generateCodegenArtifactsFromSchema UP-TO-DATE
> Task :react-native-bottom-tabs:preBuild UP-TO-DATE
> Task :react-native-documents_picker:generateCodegenSchemaFromJavaScript UP-TO-DATE
> Task :react-native-documents_picker:generateCodegenArtifactsFromSchema UP-TO-DATE
> Task :react-native-documents_picker:preBuild UP-TO-DATE
> Task :react-native-firebase_app:preBuild UP-TO-DATE
> Task :react-native-firebase_auth:preBuild UP-TO-DATE
> Task :react-native-firebase_messaging:preBuild UP-TO-DATE
> Task :react-native-gesture-handler:generateCodegenSchemaFromJavaScript UP-TO-DATE
> Task :react-native-gesture-handler:generateCodegenArtifactsFromSchema UP-TO-DATE
> Task :react-native-gesture-handler:preBuild UP-TO-DATE
> Task :react-native-google-signin_google-signin:generateCodegenSchemaFromJavaScript UP-TO-DATE
> Task :react-native-google-signin_google-signin:generateCodegenArtifactsFromSchema UP-TO-DATE
> Task :react-native-google-signin_google-signin:preBuild UP-TO-DATE
> Task :react-native-image-picker:generateCodegenSchemaFromJavaScript UP-TO-DATE
> Task :react-native-image-picker:generateCodegenArtifactsFromSchema UP-TO-DATE
> Task :react-native-image-picker:preBuild UP-TO-DATE
> Task :react-native-linear-gradient:preBuild UP-TO-DATE
> Task :react-native-permissions:generateCodegenSchemaFromJavaScript UP-TO-DATE
> Task :react-native-permissions:generateCodegenArtifactsFromSchema UP-TO-DATE
> Task :react-native-permissions:preBuild UP-TO-DATE
> Task :react-native-reanimated:assertMinimalReactNativeVersionTask
> Task :react-native-reanimated:assertNewArchitectureEnabledTask SKIPPED
> Task :react-native-reanimated:assertWorkletsVersionTask
> Task :react-native-reanimated:generateCodegenSchemaFromJavaScript UP-TO-DATE
> Task :react-native-reanimated:generateCodegenArtifactsFromSchema UP-TO-DATE
> Task :react-native-reanimated:prepareReanimatedHeadersForPrefabs
> Task :react-native-reanimated:preBuild
> Task :react-native-safe-area-context:generateCodegenSchemaFromJavaScript UP-TO-DATE
> Task :react-native-safe-area-context:generateCodegenArtifactsFromSchema UP-TO-DATE
> Task :react-native-safe-area-context:preBuild UP-TO-DATE
> Task :react-native-screens:generateCodegenSchemaFromJavaScript UP-TO-DATE
> Task :react-native-screens:generateCodegenArtifactsFromSchema UP-TO-DATE
> Task :react-native-screens:preBuild UP-TO-DATE
> Task :react-native-vector-icons:generateCodegenSchemaFromJavaScript UP-TO-DATE
> Task :react-native-vector-icons:generateCodegenArtifactsFromSchema UP-TO-DATE
> Task :react-native-vector-icons:preBuild UP-TO-DATE

> Task :react-native-vector-icons_material-design-icons:copyFonts
(RNVI:material-design-icons) Copying font E:\FYP\tutorlink-frontend\node_modules\@react-native-vector-icons\material-design-icons\fonts\MaterialDesignIcons.ttf

> Task :react-native-vector-icons_material-design-icons:generateCodegenSchemaFromJavaScript UP-TO-DATE
> Task :react-native-vector-icons_material-design-icons:generateCodegenArtifactsFromSchema UP-TO-DATE
> Task :react-native-vector-icons_material-design-icons:preBuild
> Task :react-native-worklets:assertMinimalReactNativeVersionTask
> Task :react-native-worklets:assertNewArchitectureEnabledTask SKIPPED
> Task :react-native-worklets:generateCodegenSchemaFromJavaScript UP-TO-DATE
> Task :react-native-worklets:generateCodegenArtifactsFromSchema UP-TO-DATE
> Task :react-native-worklets:prepareWorkletsHeadersForPrefabs
> Task :react-native-worklets:preBuild
> Task :app:preBuild
> Task :app:preReleaseBuild
> Task :app:mergeReleaseNativeDebugMetadata NO-SOURCE
> Task :maplibre_maplibre-react-native:checkKotlinGradlePluginConfigurationErrors SKIPPED
> Task :maplibre_maplibre-react-native:preReleaseBuild UP-TO-DATE
> Task :maplibre_maplibre-react-native:generateReleaseBuildConfig
> Task :maplibre_maplibre-react-native:generateReleaseResValues
> Task :maplibre_maplibre-react-native:generateReleaseResources
> Task :maplibre_maplibre-react-native:packageReleaseResources
> Task :maplibre_maplibre-react-native:parseReleaseLocalResources
> Task :maplibre_maplibre-react-native:generateReleaseRFile
> Task :maplibre_maplibre-react-native:compileReleaseKotlin
w: file:///E:/FYP/tutorlink-frontend/node_modules/@maplibre/maplibre-react-native/android/src/main/java/org/maplibre/reactnative/components/AbstractEvent.kt:5:8 'interface RCTEventEmitter : JavaScriptModule' is deprecated. Use [RCTModernEventEmitter] instead.
w: file:///E:/FYP/tutorlink-frontend/node_modules/@maplibre/maplibre-react-native/android/src/main/java/org/maplibre/reactnative/components/AbstractEvent.kt:12:5 'constructor<T : Event<T>>(viewTag: Int): Event<T>' is deprecated. Use constructor with explicit surfaceId instead.
w: file:///E:/FYP/tutorlink-frontend/node_modules/@maplibre/maplibre-react-native/android/src/main/java/org/maplibre/reactnative/components/AbstractEvent.kt:15:18 This declaration overrides a deprecated member but is not marked as deprecated itself. Add the '@Deprecated' annotation or suppress the diagnostic.
w: file:///E:/FYP/tutorlink-frontend/node_modules/@maplibre/maplibre-react-native/android/src/main/java/org/maplibre/reactnative/components/AbstractEvent.kt:15:44 'interface RCTEventEmitter : JavaScriptModule' is deprecated. Use [RCTModernEventEmitter] instead.
w: file:///E:/FYP/tutorlink-frontend/node_modules/@maplibre/maplibre-react-native/android/src/main/java/org/maplibre/reactnative/components/AbstractEvent.kt:16:25 'fun receiveEvent(targetTag: Int, eventName: String, params: WritableMap?): Unit' is deprecated. Use [RCTModernEventEmitter.receiveEvent] instead.
w: file:///E:/FYP/tutorlink-frontend/node_modules/@maplibre/maplibre-react-native/android/src/main/java/org/maplibre/reactnative/components/AbstractEventEmitter.kt:5:8 'object MapBuilder : Any' is deprecated. Use Kotlin's built-in collections extensions.
w: file:///E:/FYP/tutorlink-frontend/node_modules/@maplibre/maplibre-react-native/android/src/main/java/org/maplibre/reactnative/components/AbstractEventEmitter.kt:58:17 'object MapBuilder : Any' is deprecated. Use Kotlin's built-in collections extensions.
w: file:///E:/FYP/tutorlink-frontend/node_modules/@maplibre/maplibre-react-native/android/src/main/java/org/maplibre/reactnative/components/images/MLRNImages.kt:116:18 'fun execute(vararg p0: (Mutable)Map.(Mutable)Entry<String!, ImageEntry!>!): AsyncTask<(Mutable)Map.(Mutable)Entry<String!, ImageEntry!>!, Void!, (Mutable)List<(Mutable)Map.(Mutable)Entry<String!, DownloadedImage!>!>!>!' is deprecated. Deprecated in Java.
w: file:///E:/FYP/tutorlink-frontend/node_modules/@maplibre/maplibre-react-native/android/src/main/java/org/maplibre/reactnative/components/images/MLRNImages.kt:129:14 'fun execute(vararg p0: (Mutable)Map.(Mutable)Entry<String!, ImageEntry!>!): AsyncTask<(Mutable)Map.(Mutable)Entry<String!, ImageEntry!>!, Void!, (Mutable)List<(Mutable)Map.(Mutable)Entry<String!, DownloadedImage!>!>!>!' is deprecated. Deprecated in Java.
w: file:///E:/FYP/tutorlink-frontend/node_modules/@maplibre/maplibre-react-native/android/src/main/java/org/maplibre/reactnative/components/layer/style/MLRNStyle.kt:58:14 'fun execute(vararg p0: (Mutable)Map.(Mutable)Entry<String!, ImageEntry!>!): AsyncTask<(Mutable)Map.(Mutable)Entry<String!, ImageEntry!>!, Void!, (Mutable)List<(Mutable)Map.(Mutable)Entry<String!, DownloadedImage!>!>!>!' is deprecated. Deprecated in Java.
w: file:///E:/FYP/tutorlink-frontend/node_modules/@maplibre/maplibre-react-native/android/src/main/java/org/maplibre/reactnative/components/location/LocationComponentManager.kt:156:22 'fun padding(p0: IntArray?): LocationComponentOptions.Builder' is deprecated. Deprecated in Java.
w: file:///E:/FYP/tutorlink-frontend/node_modules/@maplibre/maplibre-react-native/android/src/main/java/org/maplibre/reactnative/components/location/LocationComponentManager.kt:156:36 'fun getPadding(): IntArray' is deprecated. Deprecated in Java.
w: file:///E:/FYP/tutorlink-frontend/node_modules/@maplibre/maplibre-react-native/android/src/main/java/org/maplibre/reactnative/components/mapview/MLRNMapView.kt:1346:23 'fun setPadding(p0: Int, p1: Int, p2: Int, p3: Int): Unit' is deprecated. Deprecated in Java.
w: file:///E:/FYP/tutorlink-frontend/node_modules/@maplibre/maplibre-react-native/android/src/main/java/org/maplibre/reactnative/components/mapview/MLRNMapViewManager.kt:10:8 'class LayoutShadowNode : ReactShadowNodeImpl' is deprecated. Deprecated in Java.
w: file:///E:/FYP/tutorlink-frontend/node_modules/@maplibre/maplibre-react-native/android/src/main/java/org/maplibre/reactnative/components/mapview/MLRNMapViewManager.kt:37:46 'class LayoutShadowNode : ReactShadowNodeImpl' is deprecated. Deprecated in Java.
w: file:///E:/FYP/tutorlink-frontend/node_modules/@maplibre/maplibre-react-native/android/src/main/java/org/maplibre/reactnative/components/mapview/MLRNMapViewManager.kt:39:50 'class LayoutShadowNode : ReactShadowNodeImpl' is deprecated. Deprecated in Java.
w: file:///E:/FYP/tutorlink-frontend/node_modules/@maplibre/maplibre-react-native/android/src/main/java/org/maplibre/reactnative/components/mapview/MLRNMapViewManager.kt:254:9 'class LayoutShadowNode : ReactShadowNodeImpl' is deprecated. Deprecated in Java.
w: file:///E:/FYP/tutorlink-frontend/node_modules/@maplibre/maplibre-react-native/android/src/main/java/org/maplibre/reactnative/components/sources/imagesource/MLRNImageSource.kt:27:13 'constructor(id: String?, coordinates: LatLngQuad?, url: URL): ImageSource' is deprecated. use {@link ImageSource#ImageSource(String, LatLngQuad, URI)} instead.
w: file:///E:/FYP/tutorlink-frontend/node_modules/@maplibre/maplibre-react-native/android/src/main/java/org/maplibre/reactnative/components/sources/imagesource/MLRNImageSource.kt:39:26 'fun getInstance(): ResourceDrawableIdHelper' is deprecated. Use .instance instead, this API is for backward compat.
w: file:///E:/FYP/tutorlink-frontend/node_modules/@maplibre/maplibre-react-native/android/src/main/java/org/maplibre/reactnative/utils/ReactTagResolver.kt:63:41 Unchecked cast of 'View?' to 'V (of fun <V> withViewResolved)'.
w: file:///E:/FYP/tutorlink-frontend/node_modules/@maplibre/maplibre-react-native/android/src/main/java/org/maplibre/reactnative/utils/ReactTagResolver.kt:77:41 Unchecked cast of 'View' to 'V (of fun <V> withViewResolved)'.

> Task :maplibre_maplibre-react-native:javaPreCompileRelease

> Task :maplibre_maplibre-react-native:compileReleaseJavaWithJavac
Note: Some input files use or override a deprecated API.
Note: Recompile with -Xlint:deprecation for details.

> Task :maplibre_maplibre-react-native:mergeReleaseGeneratedProguardFiles
> Task :maplibre_maplibre-react-native:exportReleaseConsumerProguardFiles
> Task :react-native-documents_picker:checkKotlinGradlePluginConfigurationErrors SKIPPED
> Task :react-native-documents_picker:preReleaseBuild UP-TO-DATE
> Task :react-native-documents_picker:generateReleaseBuildConfig
> Task :react-native-documents_picker:generateReleaseResValues FROM-CACHE
> Task :react-native-documents_picker:generateReleaseResources
> Task :react-native-documents_picker:packageReleaseResources
> Task :react-native-documents_picker:parseReleaseLocalResources
> Task :react-native-documents_picker:generateReleaseRFile
> Task :react-native-documents_picker:compileReleaseKotlin
> Task :react-native-documents_picker:javaPreCompileRelease FROM-CACHE
> Task :react-native-documents_picker:compileReleaseJavaWithJavac
> Task :react-native-documents_picker:mergeReleaseGeneratedProguardFiles
> Task :react-native-documents_picker:exportReleaseConsumerProguardFiles
> Task :react-native-google-signin_google-signin:checkKotlinGradlePluginConfigurationErrors SKIPPED
> Task :react-native-google-signin_google-signin:preReleaseBuild UP-TO-DATE
> Task :react-native-google-signin_google-signin:generateReleaseBuildConfig
> Task :react-native-google-signin_google-signin:generateReleaseResValues FROM-CACHE
> Task :react-native-google-signin_google-signin:generateReleaseResources FROM-CACHE
> Task :react-native-google-signin_google-signin:packageReleaseResources
> Task :react-native-google-signin_google-signin:parseReleaseLocalResources FROM-CACHE
> Task :react-native-google-signin_google-signin:generateReleaseRFile
> Task :react-native-google-signin_google-signin:compileReleaseKotlin
Unable to release compile session, maybe daemon is already down
java.rmi.ConnectException: Connection refused to host: 127.0.0.1; nested exception is: 
	java.net.ConnectException: Connection refused: connect
	at java.rmi/sun.rmi.transport.tcp.TCPEndpoint.newSocket(TCPEndpoint.java:626)
	at java.rmi/sun.rmi.transport.tcp.TCPChannel.createConnection(TCPChannel.java:217)
	at java.rmi/sun.rmi.transport.tcp.TCPChannel.newConnection(TCPChannel.java:204)
	at java.rmi/sun.rmi.server.UnicastRef.invoke(UnicastRef.java:133)
	at java.rmi/java.rmi.server.RemoteObjectInvocationHandler.invokeRemoteMethod(RemoteObjectInvocationHandler.java:215)
	at java.rmi/java.rmi.server.RemoteObjectInvocationHandler.invoke(RemoteObjectInvocationHandler.java:160)
	at jdk.proxy6/jdk.proxy6.$Proxy176.releaseCompileSession(Unknown Source)
	at org.jetbrains.kotlin.compilerRunner.GradleKotlinCompilerWork.compileWithDaemon(GradleKotlinCompilerWork.kt:261)
	at org.jetbrains.kotlin.compilerRunner.GradleKotlinCompilerWork.compileWithDaemonOrFallbackImpl(GradleKotlinCompilerWork.kt:159)
	at org.jetbrains.kotlin.compilerRunner.GradleKotlinCompilerWork.run(GradleKotlinCompilerWork.kt:111)
	at org.jetbrains.kotlin.compilerRunner.GradleCompilerRunnerWithWorkers$GradleKotlinCompilerWorkAction.execute(GradleCompilerRunnerWithWorkers.kt:76)
	at org.gradle.workers.internal.DefaultWorkerServer.execute(DefaultWorkerServer.java:68)
	at org.gradle.workers.internal.NoIsolationWorkerFactory$1$1.create(NoIsolationWorkerFactory.java:66)
	at org.gradle.workers.internal.NoIsolationWorkerFactory$1$1.create(NoIsolationWorkerFactory.java:62)
	at org.gradle.internal.classloader.ClassLoaderUtils.executeInClassloader(ClassLoaderUtils.java:100)
	at org.gradle.workers.internal.NoIsolationWorkerFactory$1.lambda$execute$0(NoIsolationWorkerFactory.java:62)
	at org.gradle.workers.internal.AbstractWorker$1.call(AbstractWorker.java:44)
	at org.gradle.workers.internal.AbstractWorker$1.call(AbstractWorker.java:41)
	at org.gradle.internal.operations.DefaultBuildOperationRunner$CallableBuildOperationWorker.execute(DefaultBuildOperationRunner.java:209)
	at org.gradle.internal.operations.DefaultBuildOperationRunner$CallableBuildOperationWorker.execute(DefaultBuildOperationRunner.java:204)
	at org.gradle.internal.operations.DefaultBuildOperationRunner$2.execute(DefaultBuildOperationRunner.java:66)
	at org.gradle.internal.operations.DefaultBuildOperationRunner$2.execute(DefaultBuildOperationRunner.java:59)
	at org.gradle.internal.operations.DefaultBuildOperationRunner.execute(DefaultBuildOperationRunner.java:166)
	at org.gradle.internal.operations.DefaultBuildOperationRunner.execute(DefaultBuildOperationRunner.java:59)
	at org.gradle.internal.operations.DefaultBuildOperationRunner.call(DefaultBuildOperationRunner.java:53)
	at org.gradle.workers.internal.AbstractWorker.executeWrappedInBuildOperation(AbstractWorker.java:41)
	at org.gradle.workers.internal.NoIsolationWorkerFactory$1.execute(NoIsolationWorkerFactory.java:59)
	at org.gradle.workers.internal.DefaultWorkerExecutor.lambda$submitWork$0(DefaultWorkerExecutor.java:176)
	at java.base/java.util.concurrent.FutureTask.run(FutureTask.java:264)
	at org.gradle.internal.work.DefaultConditionalExecutionQueue$ExecutionRunner.runExecution(DefaultConditionalExecutionQueue.java:194)
	at org.gradle.internal.work.DefaultConditionalExecutionQueue$ExecutionRunner.access$700(DefaultConditionalExecutionQueue.java:127)
	at org.gradle.internal.work.DefaultConditionalExecutionQueue$ExecutionRunner$1.run(DefaultConditionalExecutionQueue.java:169)
	at org.gradle.internal.Factories$1.create(Factories.java:31)
	at org.gradle.internal.work.DefaultWorkerLeaseService.withLocks(DefaultWorkerLeaseService.java:263)
	at org.gradle.internal.work.DefaultWorkerLeaseService.runAsWorkerThread(DefaultWorkerLeaseService.java:127)
	at org.gradle.internal.work.DefaultWorkerLeaseService.runAsWorkerThread(DefaultWorkerLeaseService.java:132)
	at org.gradle.internal.work.DefaultConditionalExecutionQueue$ExecutionRunner.runBatch(DefaultConditionalExecutionQueue.java:164)
	at org.gradle.internal.work.DefaultConditionalExecutionQueue$ExecutionRunner.run(DefaultConditionalExecutionQueue.java:133)
	at java.base/java.util.concurrent.Executors$RunnableAdapter.call(Executors.java:539)
	at java.base/java.util.concurrent.FutureTask.run(FutureTask.java:264)
	at org.gradle.internal.concurrent.ExecutorPolicy$CatchAndRecordFailures.onExecute(ExecutorPolicy.java:64)
	at org.gradle.internal.concurrent.AbstractManagedExecutor$1.run(AbstractManagedExecutor.java:47)
	at java.base/java.util.concurrent.ThreadPoolExecutor.runWorker(ThreadPoolExecutor.java:1136)
	at java.base/java.util.concurrent.ThreadPoolExecutor$Worker.run(ThreadPoolExecutor.java:635)
	at java.base/java.lang.Thread.run(Thread.java:840)
Caused by: java.net.ConnectException: Connection refused: connect
	at java.base/sun.nio.ch.Net.connect0(Native Method)
	at java.base/sun.nio.ch.Net.connect(Net.java:579)
	at java.base/sun.nio.ch.Net.connect(Net.java:568)
	at java.base/sun.nio.ch.NioSocketImpl.connect(NioSocketImpl.java:593)
	at java.base/java.net.SocksSocketImpl.connect(SocksSocketImpl.java:327)
	at java.base/java.net.Socket.connect(Socket.java:633)
	at java.base/java.net.Socket.connect(Socket.java:583)
	at java.base/java.net.Socket.<init>(Socket.java:507)
	at java.base/java.net.Socket.<init>(Socket.java:319)
	at org.jetbrains.kotlin.daemon.common.LoopbackNetworkInterface$ClientLoopbackSocketFactory.socketCreate(NetworkUtils.kt:94)
	at org.jetbrains.kotlin.daemon.common.LoopbackNetworkInterface$ClientLoopbackSocketFactory.socketCreate(NetworkUtils.kt:93)
	at org.jetbrains.kotlin.daemon.common.LoopbackNetworkInterface$AbstractClientLoopbackSocketFactory.createSocket(NetworkUtils.kt:83)
	at org.jetbrains.kotlin.daemon.common.LoopbackNetworkInterface$ClientLoopbackSocketFactory.createSocket(NetworkUtils.kt:93)
	at java.rmi/sun.rmi.transport.tcp.TCPEndpoint.newSocket(TCPEndpoint.java:620)
	... 44 more
e: Daemon compilation failed: Connection to the Kotlin daemon has been unexpectedly lost. This might be caused by the daemon being killed by another process or the operating system, or by JVM crash.
org.jetbrains.kotlin.gradle.tasks.DaemonCrashedException: Connection to the Kotlin daemon has been unexpectedly lost. This might be caused by the daemon being killed by another process or the operating system, or by JVM crash.
	at org.jetbrains.kotlin.gradle.tasks.TasksUtilsKt.wrapCompilationExceptionIfNeeded(tasksUtils.kt:54)
	at org.jetbrains.kotlin.gradle.tasks.TasksUtilsKt.wrapAndRethrowCompilationException(tasksUtils.kt:65)
	at org.jetbrains.kotlin.compilerRunner.GradleKotlinCompilerWork.compileWithDaemon(GradleKotlinCompilerWork.kt:243)
	at org.jetbrains.kotlin.compilerRunner.GradleKotlinCompilerWork.compileWithDaemonOrFallbackImpl(GradleKotlinCompilerWork.kt:159)
	at org.jetbrains.kotlin.compilerRunner.GradleKotlinCompilerWork.run(GradleKotlinCompilerWork.kt:111)
	at org.jetbrains.kotlin.compilerRunner.GradleCompilerRunnerWithWorkers$GradleKotlinCompilerWorkAction.execute(GradleCompilerRunnerWithWorkers.kt:76)
	at org.gradle.workers.internal.DefaultWorkerServer.execute(DefaultWorkerServer.java:68)
	at org.gradle.workers.internal.NoIsolationWorkerFactory$1$1.create(NoIsolationWorkerFactory.java:66)
	at org.gradle.workers.internal.NoIsolationWorkerFactory$1$1.create(NoIsolationWorkerFactory.java:62)
	at org.gradle.internal.classloader.ClassLoaderUtils.executeInClassloader(ClassLoaderUtils.java:100)
	at org.gradle.workers.internal.NoIsolationWorkerFactory$1.lambda$execute$0(NoIsolationWorkerFactory.java:62)
	at org.gradle.workers.internal.AbstractWorker$1.call(AbstractWorker.java:44)
	at org.gradle.workers.internal.AbstractWorker$1.call(AbstractWorker.java:41)
	at org.gradle.internal.operations.DefaultBuildOperationRunner$CallableBuildOperationWorker.execute(DefaultBuildOperationRunner.java:209)
	at org.gradle.internal.operations.DefaultBuildOperationRunner$CallableBuildOperationWorker.execute(DefaultBuildOperationRunner.java:204)
	at org.gradle.internal.operations.DefaultBuildOperationRunner$2.execute(DefaultBuildOperationRunner.java:66)
	at org.gradle.internal.operations.DefaultBuildOperationRunner$2.execute(DefaultBuildOperationRunner.java:59)
	at org.gradle.internal.operations.DefaultBuildOperationRunner.execute(DefaultBuildOperationRunner.java:166)
	at org.gradle.internal.operations.DefaultBuildOperationRunner.execute(DefaultBuildOperationRunner.java:59)
	at org.gradle.internal.operations.DefaultBuildOperationRunner.call(DefaultBuildOperationRunner.java:53)
	at org.gradle.workers.internal.AbstractWorker.executeWrappedInBuildOperation(AbstractWorker.java:41)
	at org.gradle.workers.internal.NoIsolationWorkerFactory$1.execute(NoIsolationWorkerFactory.java:59)
	at org.gradle.workers.internal.DefaultWorkerExecutor.lambda$submitWork$0(DefaultWorkerExecutor.java:176)
	at java.base/java.util.concurrent.FutureTask.run(FutureTask.java:264)
	at org.gradle.internal.work.DefaultConditionalExecutionQueue$ExecutionRunner.runExecution(DefaultConditionalExecutionQueue.java:194)
	at org.gradle.internal.work.DefaultConditionalExecutionQueue$ExecutionRunner.access$700(DefaultConditionalExecutionQueue.java:127)
	at org.gradle.internal.work.DefaultConditionalExecutionQueue$ExecutionRunner$1.run(DefaultConditionalExecutionQueue.java:169)
	at org.gradle.internal.Factories$1.create(Factories.java:31)
	at org.gradle.internal.work.DefaultWorkerLeaseService.withLocks(DefaultWorkerLeaseService.java:263)
	at org.gradle.internal.work.DefaultWorkerLeaseService.runAsWorkerThread(DefaultWorkerLeaseService.java:127)
	at org.gradle.internal.work.DefaultWorkerLeaseService.runAsWorkerThread(DefaultWorkerLeaseService.java:132)
	at org.gradle.internal.work.DefaultConditionalExecutionQueue$ExecutionRunner.runBatch(DefaultConditionalExecutionQueue.java:164)
	at org.gradle.internal.work.DefaultConditionalExecutionQueue$ExecutionRunner.run(DefaultConditionalExecutionQueue.java:133)
	at java.base/java.util.concurrent.Executors$RunnableAdapter.call(Executors.java:539)
	at java.base/java.util.concurrent.FutureTask.run(FutureTask.java:264)
	at org.gradle.internal.concurrent.ExecutorPolicy$CatchAndRecordFailures.onExecute(ExecutorPolicy.java:64)
	at org.gradle.internal.concurrent.AbstractManagedExecutor$1.run(AbstractManagedExecutor.java:47)
	at java.base/java.util.concurrent.ThreadPoolExecutor.runWorker(ThreadPoolExecutor.java:1136)
	at java.base/java.util.concurrent.ThreadPoolExecutor$Worker.run(ThreadPoolExecutor.java:635)
	at java.base/java.lang.Thread.run(Thread.java:840)
Caused by: java.rmi.UnmarshalException: Error unmarshaling return header; nested exception is: 
	java.net.SocketException: Connection reset
	at java.rmi/sun.rmi.transport.StreamRemoteCall.executeCall(StreamRemoteCall.java:255)
	at java.rmi/sun.rmi.server.UnicastRef.invoke(UnicastRef.java:165)
	at java.rmi/java.rmi.server.RemoteObjectInvocationHandler.invokeRemoteMethod(RemoteObjectInvocationHandler.java:215)
	at java.rmi/java.rmi.server.RemoteObjectInvocationHandler.invoke(RemoteObjectInvocationHandler.java:160)
	at jdk.proxy6/jdk.proxy6.$Proxy176.compile(Unknown Source)
	at org.jetbrains.kotlin.compilerRunner.GradleKotlinCompilerWork.incrementalCompilationWithDaemon(GradleKotlinCompilerWork.kt:328)
	at org.jetbrains.kotlin.compilerRunner.GradleKotlinCompilerWork.compileWithDaemon(GradleKotlinCompilerWork.kt:235)
	... 37 more
Caused by: java.net.SocketException: Connection reset
	at java.base/sun.nio.ch.NioSocketImpl.implRead(NioSocketImpl.java:328)
	at java.base/sun.nio.ch.NioSocketImpl.read(NioSocketImpl.java:355)
	at java.base/sun.nio.ch.NioSocketImpl$1.read(NioSocketImpl.java:808)
	at java.base/java.net.Socket$SocketInputStream.read(Socket.java:966)
	at java.base/java.io.BufferedInputStream.fill(BufferedInputStream.java:244)
	at java.base/java.io.BufferedInputStream.read(BufferedInputStream.java:263)
	at java.base/java.io.DataInputStream.readUnsignedByte(DataInputStream.java:288)
	at java.base/java.io.DataInputStream.readByte(DataInputStream.java:268)
	at java.rmi/sun.rmi.transport.StreamRemoteCall.executeCall(StreamRemoteCall.java:241)
	... 43 more

Failed to compile with Kotlin daemon: org.jetbrains.kotlin.gradle.tasks.DaemonCrashedException: Connection to the Kotlin daemon has been unexpectedly lost. This might be caused by the daemon being killed by another process or the operating system, or by JVM crash.
	at org.jetbrains.kotlin.gradle.tasks.TasksUtilsKt.wrapCompilationExceptionIfNeeded(tasksUtils.kt:54)
	at org.jetbrains.kotlin.gradle.tasks.TasksUtilsKt.wrapAndRethrowCompilationException(tasksUtils.kt:65)
	at org.jetbrains.kotlin.compilerRunner.GradleKotlinCompilerWork.compileWithDaemon(GradleKotlinCompilerWork.kt:243)
	at org.jetbrains.kotlin.compilerRunner.GradleKotlinCompilerWork.compileWithDaemonOrFallbackImpl(GradleKotlinCompilerWork.kt:159)
	at org.jetbrains.kotlin.compilerRunner.GradleKotlinCompilerWork.run(GradleKotlinCompilerWork.kt:111)
	at org.jetbrains.kotlin.compilerRunner.GradleCompilerRunnerWithWorkers$GradleKotlinCompilerWorkAction.execute(GradleCompilerRunnerWithWorkers.kt:76)
	at org.gradle.workers.internal.DefaultWorkerServer.execute(DefaultWorkerServer.java:68)
	at org.gradle.workers.internal.NoIsolationWorkerFactory$1$1.create(NoIsolationWorkerFactory.java:66)
	at org.gradle.workers.internal.NoIsolationWorkerFactory$1$1.create(NoIsolationWorkerFactory.java:62)
	at org.gradle.internal.classloader.ClassLoaderUtils.executeInClassloader(ClassLoaderUtils.java:100)
	at org.gradle.workers.internal.NoIsolationWorkerFactory$1.lambda$execute$0(NoIsolationWorkerFactory.java:62)
	at org.gradle.workers.internal.AbstractWorker$1.call(AbstractWorker.java:44)
	at org.gradle.workers.internal.AbstractWorker$1.call(AbstractWorker.java:41)
	at org.gradle.internal.operations.DefaultBuildOperationRunner$CallableBuildOperationWorker.execute(DefaultBuildOperationRunner.java:209)
	at org.gradle.internal.operations.DefaultBuildOperationRunner$CallableBuildOperationWorker.execute(DefaultBuildOperationRunner.java:204)
	at org.gradle.internal.operations.DefaultBuildOperationRunner$2.execute(DefaultBuildOperationRunner.java:66)
	at org.gradle.internal.operations.DefaultBuildOperationRunner$2.execute(DefaultBuildOperationRunner.java:59)
	at org.gradle.internal.operations.DefaultBuildOperationRunner.execute(DefaultBuildOperationRunner.java:166)
	at org.gradle.internal.operations.DefaultBuildOperationRunner.execute(DefaultBuildOperationRunner.java:59)
	at org.gradle.internal.operations.DefaultBuildOperationRunner.call(DefaultBuildOperationRunner.java:53)
	at org.gradle.workers.internal.AbstractWorker.executeWrappedInBuildOperation(AbstractWorker.java:41)
	at org.gradle.workers.internal.NoIsolationWorkerFactory$1.execute(NoIsolationWorkerFactory.java:59)
	at org.gradle.workers.internal.DefaultWorkerExecutor.lambda$submitWork$0(DefaultWorkerExecutor.java:176)
	at java.base/java.util.concurrent.FutureTask.run(FutureTask.java:264)
	at org.gradle.internal.work.DefaultConditionalExecutionQueue$ExecutionRunner.runExecution(DefaultConditionalExecutionQueue.java:194)
	at org.gradle.internal.work.DefaultConditionalExecutionQueue$ExecutionRunner.access$700(DefaultConditionalExecutionQueue.java:127)
	at org.gradle.internal.work.DefaultConditionalExecutionQueue$ExecutionRunner$1.run(DefaultConditionalExecutionQueue.java:169)
	at org.gradle.internal.Factories$1.create(Factories.java:31)
	at org.gradle.internal.work.DefaultWorkerLeaseService.withLocks(DefaultWorkerLeaseService.java:263)
	at org.gradle.internal.work.DefaultWorkerLeaseService.runAsWorkerThread(DefaultWorkerLeaseService.java:127)
	at org.gradle.internal.work.DefaultWorkerLeaseService.runAsWorkerThread(DefaultWorkerLeaseService.java:132)
	at org.gradle.internal.work.DefaultConditionalExecutionQueue$ExecutionRunner.runBatch(DefaultConditionalExecutionQueue.java:164)
	at org.gradle.internal.work.DefaultConditionalExecutionQueue$ExecutionRunner.run(DefaultConditionalExecutionQueue.java:133)
	at java.base/java.util.concurrent.Executors$RunnableAdapter.call(Executors.java:539)
	at java.base/java.util.concurrent.FutureTask.run(FutureTask.java:264)
	at org.gradle.internal.concurrent.ExecutorPolicy$CatchAndRecordFailures.onExecute(ExecutorPolicy.java:64)
	at org.gradle.internal.concurrent.AbstractManagedExecutor$1.run(AbstractManagedExecutor.java:47)
	at java.base/java.util.concurrent.ThreadPoolExecutor.runWorker(ThreadPoolExecutor.java:1136)
	at java.base/java.util.concurrent.ThreadPoolExecutor$Worker.run(ThreadPoolExecutor.java:635)
	at java.base/java.lang.Thread.run(Thread.java:840)
Caused by: java.rmi.UnmarshalException: Error unmarshaling return header; nested exception is: 
	java.net.SocketException: Connection reset
	at java.rmi/sun.rmi.transport.StreamRemoteCall.executeCall(StreamRemoteCall.java:255)
	at java.rmi/sun.rmi.server.UnicastRef.invoke(UnicastRef.java:165)
	at java.rmi/java.rmi.server.RemoteObjectInvocationHandler.invokeRemoteMethod(RemoteObjectInvocationHandler.java:215)
	at java.rmi/java.rmi.server.RemoteObjectInvocationHandler.invoke(RemoteObjectInvocationHandler.java:160)
	at jdk.proxy6/jdk.proxy6.$Proxy176.compile(Unknown Source)
	at org.jetbrains.kotlin.compilerRunner.GradleKotlinCompilerWork.incrementalCompilationWithDaemon(GradleKotlinCompilerWork.kt:328)
	at org.jetbrains.kotlin.compilerRunner.GradleKotlinCompilerWork.compileWithDaemon(GradleKotlinCompilerWork.kt:235)
	... 37 more
Caused by: java.net.SocketException: Connection reset
	at java.base/sun.nio.ch.NioSocketImpl.implRead(NioSocketImpl.java:328)
	at java.base/sun.nio.ch.NioSocketImpl.read(NioSocketImpl.java:355)
	at java.base/sun.nio.ch.NioSocketImpl$1.read(NioSocketImpl.java:808)
	at java.base/java.net.Socket$SocketInputStream.read(Socket.java:966)
	at java.base/java.io.BufferedInputStream.fill(BufferedInputStream.java:244)
	at java.base/java.io.BufferedInputStream.read(BufferedInputStream.java:263)
	at java.base/java.io.DataInputStream.readUnsignedByte(DataInputStream.java:288)
	at java.base/java.io.DataInputStream.readByte(DataInputStream.java:268)
	at java.rmi/sun.rmi.transport.StreamRemoteCall.executeCall(StreamRemoteCall.java:241)
	... 43 more
Using fallback strategy: Compile without Kotlin daemon
Try ./gradlew --stop if this issue persists
If it does not look related to your configuration, please file an issue with logs to https://kotl.in/issue
exception: e:\FYP\tutorlink-frontend\node_modules\@react-native-google-signin\google-signin\android\src\main\java\com\reactnativegooglesignin\ErrorDto.kt:3:8: warning: 'class GoogleSignInStatusCodes : CommonStatusCodes' is deprecated. Deprecated in Java.
exception: import com.google.android.gms.auth.api.signin.GoogleSignInStatusCodes
exception:        ^^^^^^^^^^^^^^^^^^^^^^^^^^^^^^^^^^^^^^^^^^^^^^^^^^^^^^^^^^^^^^
exception: e:\FYP\tutorlink-frontend\node_modules\@react-native-google-signin\google-signin\android\src\main\java\com\reactnativegooglesignin\ErrorDto.kt:23:31: warning: condition is always 'true'.
exception:           if (isInsightful && localizedMessage != null) localizedMessage.replaceFirst("$code: ".toRegex(), "")
exception:                               ^^^^^^^^^^^^^^^^^^^^^^^^
exception: e:\FYP\tutorlink-frontend\node_modules\@react-native-google-signin\google-signin\android\src\main\java\com\reactnativegooglesignin\ErrorDto.kt:24:16: warning: 'class GoogleSignInStatusCodes : CommonStatusCodes' is deprecated. Deprecated in Java.
exception:           else GoogleSignInStatusCodes.getStatusCodeString(code)
exception:                ^^^^^^^^^^^^^^^^^^^^^^^
exception: e:\FYP\tutorlink-frontend\node_modules\@react-native-google-signin\google-signin\android\src\main\java\com\reactnativegooglesignin\ErrorDto.kt:29:33: warning: 'class GoogleSignInStatusCodes : CommonStatusCodes' is deprecated. Deprecated in Java.
exception:       val isCancelled = code == GoogleSignInStatusCodes.SIGN_IN_CANCELLED || e.status.isCanceled
exception:                                 ^^^^^^^^^^^^^^^^^^^^^^^
exception: e:\FYP\tutorlink-frontend\node_modules\@react-native-google-signin\google-signin\android\src\main\java\com\reactnativegooglesignin\ErrorDto.kt:30:38: warning: 'class GoogleSignInStatusCodes : CommonStatusCodes' is deprecated. Deprecated in Java.
exception:       val codeInt = if (isCancelled) GoogleSignInStatusCodes.SIGN_IN_CANCELLED else code
exception:                                      ^^^^^^^^^^^^^^^^^^^^^^^

> Task :react-native-google-signin_google-signin:javaPreCompileRelease FROM-CACHE

> Task :react-native-google-signin_google-signin:compileReleaseJavaWithJavac
Note: Some input files use or override a deprecated API.
Note: Recompile with -Xlint:deprecation for details.
Note: E:\FYP\tutorlink-frontend\node_modules\@react-native-google-signin\google-signin\android\src\main\java\com\reactnativegooglesignin\RNGoogleSigninModule.java uses unchecked or unsafe operations.
Note: Recompile with -Xlint:unchecked for details.

> Task :react-native-google-signin_google-signin:mergeReleaseGeneratedProguardFiles
> Task :react-native-google-signin_google-signin:exportReleaseConsumerProguardFiles
> Task :react-native-vector-icons_material-design-icons:checkKotlinGradlePluginConfigurationErrors SKIPPED
> Task :react-native-vector-icons_material-design-icons:preReleaseBuild
> Task :react-native-vector-icons_material-design-icons:generateReleaseBuildConfig
> Task :react-native-vector-icons_material-design-icons:generateReleaseResValues FROM-CACHE
> Task :react-native-vector-icons_material-design-icons:generateReleaseResources FROM-CACHE
> Task :react-native-vector-icons_material-design-icons:packageReleaseResources
> Task :react-native-vector-icons_material-design-icons:parseReleaseLocalResources FROM-CACHE
> Task :react-native-vector-icons_material-design-icons:generateReleaseRFile
> Task :react-native-vector-icons_material-design-icons:compileReleaseKotlin
> Task :react-native-vector-icons_material-design-icons:javaPreCompileRelease FROM-CACHE
> Task :react-native-vector-icons_material-design-icons:compileReleaseJavaWithJavac
> Task :react-native-vector-icons_material-design-icons:mergeReleaseGeneratedProguardFiles
> Task :react-native-vector-icons_material-design-icons:exportReleaseConsumerProguardFiles
> Task :react-native-bottom-tabs:checkKotlinGradlePluginConfigurationErrors SKIPPED
> Task :react-native-bottom-tabs:preReleaseBuild UP-TO-DATE
> Task :react-native-bottom-tabs:generateReleaseBuildConfig
> Task :react-native-bottom-tabs:generateReleaseResValues FROM-CACHE
> Task :react-native-bottom-tabs:generateReleaseResources FROM-CACHE
> Task :react-native-bottom-tabs:packageReleaseResources
> Task :react-native-bottom-tabs:parseReleaseLocalResources FROM-CACHE
> Task :react-native-bottom-tabs:generateReleaseRFile
> Task :react-native-bottom-tabs:kaptGenerateStubsReleaseKotlin
> Task :react-native-bottom-tabs:kaptReleaseKotlin SKIPPED
> Task :react-native-bottom-tabs:compileReleaseKotlin
w: file:///E:/FYP/tutorlink-frontend/node_modules/react-native-bottom-tabs/android/src/main/java/com/rcttabview/ImageSource.kt:74:48 'fun getInstance(): ResourceDrawableIdHelper' is deprecated. Use .instance instead, this API is for backward compat.
w: file:///E:/FYP/tutorlink-frontend/node_modules/react-native-bottom-tabs/android/src/main/java/com/rcttabview/RCTTabViewPackage.kt:16:16 This declaration overrides a deprecated member but is not marked as deprecated itself. Add the '@Deprecated' annotation or suppress the diagnostic.
w: file:///E:/FYP/tutorlink-frontend/node_modules/react-native-bottom-tabs/android/src/main/java/com/rcttabview/events/OnNativeLayoutEvent.kt:5:8 'interface RCTEventEmitter : JavaScriptModule' is deprecated. Use [RCTModernEventEmitter] instead.
w: file:///E:/FYP/tutorlink-frontend/node_modules/react-native-bottom-tabs/android/src/main/java/com/rcttabview/events/OnNativeLayoutEvent.kt:8:3 'constructor<T : Event<T>>(viewTag: Int): Event<T>' is deprecated. Use constructor with explicit surfaceId instead.
w: file:///E:/FYP/tutorlink-frontend/node_modules/react-native-bottom-tabs/android/src/main/java/com/rcttabview/events/OnNativeLayoutEvent.kt:18:16 This declaration overrides a deprecated member but is not marked as deprecated itself. Add the '@Deprecated' annotation or suppress the diagnostic.
w: file:///E:/FYP/tutorlink-frontend/node_modules/react-native-bottom-tabs/android/src/main/java/com/rcttabview/events/OnNativeLayoutEvent.kt:18:42 'interface RCTEventEmitter : JavaScriptModule' is deprecated. Use [RCTModernEventEmitter] instead.
w: file:///E:/FYP/tutorlink-frontend/node_modules/react-native-bottom-tabs/android/src/main/java/com/rcttabview/events/OnNativeLayoutEvent.kt:23:21 'fun receiveEvent(targetTag: Int, eventName: String, params: WritableMap?): Unit' is deprecated. Use [RCTModernEventEmitter.receiveEvent] instead.
w: file:///E:/FYP/tutorlink-frontend/node_modules/react-native-bottom-tabs/android/src/main/java/com/rcttabview/events/OnTabBarMeasuredEvent.kt:5:8 'interface RCTEventEmitter : JavaScriptModule' is deprecated. Use [RCTModernEventEmitter] instead.
w: file:///E:/FYP/tutorlink-frontend/node_modules/react-native-bottom-tabs/android/src/main/java/com/rcttabview/events/OnTabBarMeasuredEvent.kt:8:3 'constructor<T : Event<T>>(viewTag: Int): Event<T>' is deprecated. Use constructor with explicit surfaceId instead.
w: file:///E:/FYP/tutorlink-frontend/node_modules/react-native-bottom-tabs/android/src/main/java/com/rcttabview/events/OnTabBarMeasuredEvent.kt:18:16 This declaration overrides a deprecated member but is not marked as deprecated itself. Add the '@Deprecated' annotation or suppress the diagnostic.
w: file:///E:/FYP/tutorlink-frontend/node_modules/react-native-bottom-tabs/android/src/main/java/com/rcttabview/events/OnTabBarMeasuredEvent.kt:18:42 'interface RCTEventEmitter : JavaScriptModule' is deprecated. Use [RCTModernEventEmitter] instead.
w: file:///E:/FYP/tutorlink-frontend/node_modules/react-native-bottom-tabs/android/src/main/java/com/rcttabview/events/OnTabBarMeasuredEvent.kt:22:21 'fun receiveEvent(targetTag: Int, eventName: String, params: WritableMap?): Unit' is deprecated. Use [RCTModernEventEmitter.receiveEvent] instead.
w: file:///E:/FYP/tutorlink-frontend/node_modules/react-native-bottom-tabs/android/src/main/java/com/rcttabview/events/PageSelectedEvent.kt:6:8 'interface RCTEventEmitter : JavaScriptModule' is deprecated. Use [RCTModernEventEmitter] instead.
w: file:///E:/FYP/tutorlink-frontend/node_modules/react-native-bottom-tabs/android/src/main/java/com/rcttabview/events/PageSelectedEvent.kt:9:66 'constructor<T : Event<T>>(viewTag: Int): Event<T>' is deprecated. Use constructor with explicit surfaceId instead.
w: file:///E:/FYP/tutorlink-frontend/node_modules/react-native-bottom-tabs/android/src/main/java/com/rcttabview/events/PageSelectedEvent.kt:18:16 This declaration overrides a deprecated member but is not marked as deprecated itself. Add the '@Deprecated' annotation or suppress the diagnostic.
w: file:///E:/FYP/tutorlink-frontend/node_modules/react-native-bottom-tabs/android/src/main/java/com/rcttabview/events/PageSelectedEvent.kt:18:42 'interface RCTEventEmitter : JavaScriptModule' is deprecated. Use [RCTModernEventEmitter] instead.
w: file:///E:/FYP/tutorlink-frontend/node_modules/react-native-bottom-tabs/android/src/main/java/com/rcttabview/events/PageSelectedEvent.kt:19:21 'fun receiveEvent(targetTag: Int, eventName: String, params: WritableMap?): Unit' is deprecated. Use [RCTModernEventEmitter.receiveEvent] instead.
w: file:///E:/FYP/tutorlink-frontend/node_modules/react-native-bottom-tabs/android/src/main/java/com/rcttabview/events/TabLongPressedEvent.kt:5:8 'interface RCTEventEmitter : JavaScriptModule' is deprecated. Use [RCTModernEventEmitter] instead.
w: file:///E:/FYP/tutorlink-frontend/node_modules/react-native-bottom-tabs/android/src/main/java/com/rcttabview/events/TabLongPressedEvent.kt:8:3 'constructor<T : Event<T>>(viewTag: Int): Event<T>' is deprecated. Use constructor with explicit surfaceId instead.
w: file:///E:/FYP/tutorlink-frontend/node_modules/react-native-bottom-tabs/android/src/main/java/com/rcttabview/events/TabLongPressedEvent.kt:18:16 This declaration overrides a deprecated member but is not marked as deprecated itself. Add the '@Deprecated' annotation or suppress the diagnostic.
w: file:///E:/FYP/tutorlink-frontend/node_modules/react-native-bottom-tabs/android/src/main/java/com/rcttabview/events/TabLongPressedEvent.kt:18:42 'interface RCTEventEmitter : JavaScriptModule' is deprecated. Use [RCTModernEventEmitter] instead.
w: file:///E:/FYP/tutorlink-frontend/node_modules/react-native-bottom-tabs/android/src/main/java/com/rcttabview/events/TabLongPressedEvent.kt:22:21 'fun receiveEvent(targetTag: Int, eventName: String, params: WritableMap?): Unit' is deprecated. Use [RCTModernEventEmitter.receiveEvent] instead.

> Task :react-native-bottom-tabs:javaPreCompileRelease FROM-CACHE
> Task :react-native-bottom-tabs:compileReleaseJavaWithJavac
> Task :react-native-bottom-tabs:mergeReleaseGeneratedProguardFiles
> Task :react-native-bottom-tabs:exportReleaseConsumerProguardFiles
> Task :react-native-gesture-handler:checkKotlinGradlePluginConfigurationErrors SKIPPED
> Task :react-native-gesture-handler:preReleaseBuild UP-TO-DATE
> Task :react-native-gesture-handler:generateReleaseBuildConfig
> Task :react-native-gesture-handler:generateReleaseResValues FROM-CACHE
> Task :react-native-gesture-handler:generateReleaseResources FROM-CACHE
> Task :react-native-gesture-handler:packageReleaseResources
> Task :react-native-gesture-handler:parseReleaseLocalResources FROM-CACHE
> Task :react-native-gesture-handler:generateReleaseRFile
> Task :react-native-reanimated:preReleaseBuild
> Task :react-native-reanimated:generateReleaseBuildConfig
> Task :react-native-reanimated:generateReleaseResValues FROM-CACHE
> Task :react-native-reanimated:generateReleaseResources FROM-CACHE
> Task :react-native-reanimated:packageReleaseResources
> Task :react-native-reanimated:parseReleaseLocalResources FROM-CACHE
> Task :react-native-reanimated:generateReleaseRFile
> Task :react-native-reanimated:javaPreCompileRelease FROM-CACHE
> Task :react-native-worklets:checkKotlinGradlePluginConfigurationErrors SKIPPED
> Task :react-native-worklets:preReleaseBuild
> Task :react-native-worklets:generateReleaseBuildConfig
> Task :react-native-worklets:generateReleaseResValues FROM-CACHE
> Task :react-native-worklets:generateReleaseResources FROM-CACHE
> Task :react-native-worklets:packageReleaseResources
> Task :react-native-worklets:parseReleaseLocalResources FROM-CACHE
> Task :react-native-worklets:generateReleaseRFile
> Task :react-native-worklets:compileReleaseKotlin NO-SOURCE
> Task :react-native-worklets:javaPreCompileRelease FROM-CACHE
> Task :react-native-worklets:compileReleaseJavaWithJavac
Note: E:\FYP\tutorlink-frontend\node_modules\react-native-worklets\android\src\main\java\com\swmansion\worklets\WorkletsMessageQueueThreadBase.java uses or overrides a deprecated API.
Note: Recompile with -Xlint:deprecation for details.
Note: E:\FYP\tutorlink-frontend\node_modules\react-native-worklets\android\src\main\java\com\swmansion\worklets\WorkletsPackage.java uses unchecked or unsafe operations.
Note: Recompile with -Xlint:unchecked for details.

> Task :react-native-worklets:bundleLibCompileToJarRelease

> Task :react-native-reanimated:compileReleaseJavaWithJavac
Note: Some input files use or override a deprecated API.
Note: Recompile with -Xlint:deprecation for details.
Note: Some input files use unchecked or unsafe operations.
Note: Recompile with -Xlint:unchecked for details.

> Task :react-native-reanimated:bundleLibCompileToJarRelease
> Task :react-native-gesture-handler:compileReleaseKotlin
w: file:///E:/FYP/tutorlink-frontend/node_modules/react-native-gesture-handler/android/src/main/java/com/swmansion/gesturehandler/react/Extensions.kt:8:8 'class UIManagerModule : ReactContextBaseJavaModule, LifecycleEventListener, UIManager' is deprecated. Deprecated in Java.
w: file:///E:/FYP/tutorlink-frontend/node_modules/react-native-gesture-handler/android/src/main/java/com/swmansion/gesturehandler/react/Extensions.kt:13:29 'class UIManagerModule : ReactContextBaseJavaModule, LifecycleEventListener, UIManager' is deprecated. Deprecated in Java.
w: file:///E:/FYP/tutorlink-frontend/node_modules/react-native-gesture-handler/android/src/main/java/com/swmansion/gesturehandler/react/Extensions.kt:14:32 'class UIManagerModule : ReactContextBaseJavaModule, LifecycleEventListener, UIManager' is deprecated. Deprecated in Java.

> Task :react-native-gesture-handler:javaPreCompileRelease FROM-CACHE
> Task :react-native-gesture-handler:compileReleaseJavaWithJavac
> Task :react-native-gesture-handler:mergeReleaseGeneratedProguardFiles
> Task :react-native-gesture-handler:exportReleaseConsumerProguardFiles
> Task :react-native-permissions:checkKotlinGradlePluginConfigurationErrors SKIPPED
> Task :react-native-permissions:preReleaseBuild UP-TO-DATE
> Task :react-native-permissions:generateReleaseBuildConfig
> Task :react-native-permissions:generateReleaseResValues FROM-CACHE
> Task :react-native-permissions:generateReleaseResources FROM-CACHE
> Task :react-native-permissions:packageReleaseResources
> Task :react-native-permissions:parseReleaseLocalResources FROM-CACHE
> Task :react-native-permissions:generateReleaseRFile

> Task :react-native-permissions:compileReleaseKotlin
w: file:///E:/FYP/tutorlink-frontend/node_modules/react-native-permissions/android/src/main/java/com/zoontek/rnpermissions/RNPermissionsPackage.kt:3:8 'class TurboReactPackage : BaseReactPackage' is deprecated. Use BaseReactPackage instead.
w: file:///E:/FYP/tutorlink-frontend/node_modules/react-native-permissions/android/src/main/java/com/zoontek/rnpermissions/RNPermissionsPackage.kt:9:30 'class TurboReactPackage : BaseReactPackage' is deprecated. Use BaseReactPackage instead.

> Task :react-native-permissions:javaPreCompileRelease FROM-CACHE
> Task :react-native-permissions:compileReleaseJavaWithJavac
> Task :react-native-permissions:mergeReleaseGeneratedProguardFiles
> Task :react-native-permissions:exportReleaseConsumerProguardFiles
> Task :react-native-safe-area-context:checkKotlinGradlePluginConfigurationErrors SKIPPED
> Task :react-native-safe-area-context:preReleaseBuild UP-TO-DATE
> Task :react-native-safe-area-context:generateReleaseBuildConfig
> Task :react-native-safe-area-context:generateReleaseResValues FROM-CACHE
> Task :react-native-safe-area-context:generateReleaseResources FROM-CACHE
> Task :react-native-safe-area-context:packageReleaseResources
> Task :react-native-safe-area-context:parseReleaseLocalResources FROM-CACHE
> Task :react-native-safe-area-context:generateReleaseRFile

> Task :react-native-safe-area-context:compileReleaseKotlin
w: file:///E:/FYP/tutorlink-frontend/node_modules/react-native-safe-area-context/android/src/main/java/com/th3rdwave/safeareacontext/SafeAreaView.kt:9:8 'class UIManagerModule : ReactContextBaseJavaModule, LifecycleEventListener, UIManager' is deprecated. Deprecated in Java.
w: file:///E:/FYP/tutorlink-frontend/node_modules/react-native-safe-area-context/android/src/main/java/com/th3rdwave/safeareacontext/SafeAreaView.kt:50:54 'class UIManagerModule : ReactContextBaseJavaModule, LifecycleEventListener, UIManager' is deprecated. Deprecated in Java.
w: file:///E:/FYP/tutorlink-frontend/node_modules/react-native-safe-area-context/android/src/main/java/com/th3rdwave/safeareacontext/SafeAreaView.kt:59:23 'val uiImplementation: UIImplementation!' is deprecated. Deprecated in Java.
w: file:///E:/FYP/tutorlink-frontend/node_modules/react-native-safe-area-context/android/src/main/java/com/th3rdwave/safeareacontext/SafeAreaViewShadowNode.kt:9:32 'class LayoutShadowNode : ReactShadowNodeImpl' is deprecated. Deprecated in Java.
w: file:///E:/FYP/tutorlink-frontend/node_modules/react-native-safe-area-context/android/src/main/java/com/th3rdwave/safeareacontext/SafeAreaViewShadowNode.kt:110:61 'class NativeViewHierarchyOptimizer : Any' is deprecated. Deprecated in Java.

> Task :react-native-safe-area-context:javaPreCompileRelease FROM-CACHE
> Task :react-native-safe-area-context:compileReleaseJavaWithJavac
> Task :react-native-safe-area-context:mergeReleaseGeneratedProguardFiles
> Task :react-native-safe-area-context:exportReleaseConsumerProguardFiles
> Task :react-native-screens:checkKotlinGradlePluginConfigurationErrors SKIPPED
> Task :react-native-screens:preReleaseBuild UP-TO-DATE
> Task :react-native-screens:generateReleaseBuildConfig
> Task :react-native-screens:generateReleaseResValues FROM-CACHE
> Task :react-native-screens:generateReleaseResources
> Task :react-native-screens:packageReleaseResources
> Task :react-native-screens:parseReleaseLocalResources
> Task :react-native-screens:generateReleaseRFile
> Task :react-native-screens:compileReleaseKotlin
w: file:///E:/FYP/tutorlink-frontend/node_modules/react-native-screens/android/src/main/java/com/swmansion/rnscreens/RNScreensPackage.kt:62:9 The corresponding parameter in the supertype 'BaseReactPackage' is named 'name'. This may cause problems when calling this function with named arguments.
w: file:///E:/FYP/tutorlink-frontend/node_modules/react-native-screens/android/src/main/java/com/swmansion/rnscreens/RNScreensPackage.kt:63:9 The corresponding parameter in the supertype 'BaseReactPackage' is named 'reactContext'. This may cause problems when calling this function with named arguments.
w: file:///E:/FYP/tutorlink-frontend/node_modules/react-native-screens/android/src/main/java/com/swmansion/rnscreens/RNScreensPackage.kt:76:17 'constructor(name: String, className: String, canOverrideExistingModule: Boolean, needsEagerInit: Boolean, hasConstants: Boolean, isCxxModule: Boolean, isTurboModule: Boolean): ReactModuleInfo' is deprecated. This constructor is deprecated and will be removed in the future. Use ReactModuleInfo(String, String, boolean, boolean, boolean, boolean)].
w: file:///E:/FYP/tutorlink-frontend/node_modules/react-native-screens/android/src/main/java/com/swmansion/rnscreens/Screen.kt:26:8 'class UIManagerModule : ReactContextBaseJavaModule, LifecycleEventListener, UIManager' is deprecated. Deprecated in Java.
w: file:///E:/FYP/tutorlink-frontend/node_modules/react-native-screens/android/src/main/java/com/swmansion/rnscreens/Screen.kt:56:77 Unchecked cast of '(CoordinatorLayout.Behavior<View!>?..CoordinatorLayout.Behavior<*>?)' to 'BottomSheetBehavior<Screen>'.
w: file:///E:/FYP/tutorlink-frontend/node_modules/react-native-screens/android/src/main/java/com/swmansion/rnscreens/Screen.kt:428:42 'class UIManagerModule : ReactContextBaseJavaModule, LifecycleEventListener, UIManager' is deprecated. Deprecated in Java.
w: file:///E:/FYP/tutorlink-frontend/node_modules/react-native-screens/android/src/main/java/com/swmansion/rnscreens/ScreenContainerViewManager.kt:6:8 'class LayoutShadowNode : ReactShadowNodeImpl' is deprecated. Deprecated in Java.
w: file:///E:/FYP/tutorlink-frontend/node_modules/react-native-screens/android/src/main/java/com/swmansion/rnscreens/ScreenContainerViewManager.kt:56:78 'class LayoutShadowNode : ReactShadowNodeImpl' is deprecated. Deprecated in Java.
w: file:///E:/FYP/tutorlink-frontend/node_modules/react-native-screens/android/src/main/java/com/swmansion/rnscreens/ScreenStackFragment.kt:222:31 'var targetElevation: Float' is deprecated. Deprecated in Java.
w: file:///E:/FYP/tutorlink-frontend/node_modules/react-native-screens/android/src/main/java/com/swmansion/rnscreens/ScreenStackFragment.kt:225:13 'fun setHasOptionsMenu(p0: Boolean): Unit' is deprecated. Deprecated in Java.
w: file:///E:/FYP/tutorlink-frontend/node_modules/react-native-screens/android/src/main/java/com/swmansion/rnscreens/ScreenStackFragment.kt:404:18 This declaration overrides a deprecated member but is not marked as deprecated itself. Add the '@Deprecated' annotation or suppress the diagnostic.
w: file:///E:/FYP/tutorlink-frontend/node_modules/react-native-screens/android/src/main/java/com/swmansion/rnscreens/ScreenStackFragment.kt:411:22 'fun onPrepareOptionsMenu(p0: Menu): Unit' is deprecated. Deprecated in Java.
w: file:///E:/FYP/tutorlink-frontend/node_modules/react-native-screens/android/src/main/java/com/swmansion/rnscreens/ScreenStackFragment.kt:414:18 This declaration overrides a deprecated member but is not marked as deprecated itself. Add the '@Deprecated' annotation or suppress the diagnostic.
w: file:///E:/FYP/tutorlink-frontend/node_modules/react-native-screens/android/src/main/java/com/swmansion/rnscreens/ScreenStackFragment.kt:419:22 'fun onCreateOptionsMenu(p0: Menu, p1: MenuInflater): Unit' is deprecated. Deprecated in Java.
w: file:///E:/FYP/tutorlink-frontend/node_modules/react-native-screens/android/src/main/java/com/swmansion/rnscreens/ScreenStackHeaderConfig.kt:441:22 'val reactNativeHost: ReactNativeHost' is deprecated. You should not use ReactNativeHost directly in the New Architecture. Use ReactHost instead.
w: file:///E:/FYP/tutorlink-frontend/node_modules/react-native-screens/android/src/main/java/com/swmansion/rnscreens/ScreenStackHeaderConfigShadowNode.kt:4:8 'class LayoutShadowNode : ReactShadowNodeImpl' is deprecated. Deprecated in Java.
w: file:///E:/FYP/tutorlink-frontend/node_modules/react-native-screens/android/src/main/java/com/swmansion/rnscreens/ScreenStackHeaderConfigShadowNode.kt:10:5 'class LayoutShadowNode : ReactShadowNodeImpl' is deprecated. Deprecated in Java.
w: file:///E:/FYP/tutorlink-frontend/node_modules/react-native-screens/android/src/main/java/com/swmansion/rnscreens/ScreenStackHeaderConfigViewManager.kt:9:8 'class LayoutShadowNode : ReactShadowNodeImpl' is deprecated. Deprecated in Java.
w: file:///E:/FYP/tutorlink-frontend/node_modules/react-native-screens/android/src/main/java/com/swmansion/rnscreens/ScreenStackHeaderConfigViewManager.kt:37:78 'class LayoutShadowNode : ReactShadowNodeImpl' is deprecated. Deprecated in Java.
w: file:///E:/FYP/tutorlink-frontend/node_modules/react-native-screens/android/src/main/java/com/swmansion/rnscreens/ScreenStackViewManager.kt:6:8 'class LayoutShadowNode : ReactShadowNodeImpl' is deprecated. Deprecated in Java.
w: file:///E:/FYP/tutorlink-frontend/node_modules/react-native-screens/android/src/main/java/com/swmansion/rnscreens/ScreenStackViewManager.kt:65:78 'class LayoutShadowNode : ReactShadowNodeImpl' is deprecated. Deprecated in Java.
w: file:///E:/FYP/tutorlink-frontend/node_modules/react-native-screens/android/src/main/java/com/swmansion/rnscreens/ScreenWindowTraits.kt:48:42 'fun replaceSystemWindowInsets(p0: Int, p1: Int, p2: Int, p3: Int): @NonNull() WindowInsetsCompat' is deprecated. Deprecated in Java.
w: file:///E:/FYP/tutorlink-frontend/node_modules/react-native-screens/android/src/main/java/com/swmansion/rnscreens/ScreenWindowTraits.kt:49:39 'val systemWindowInsetLeft: Int' is deprecated. Deprecated in Java.
w: file:///E:/FYP/tutorlink-frontend/node_modules/react-native-screens/android/src/main/java/com/swmansion/rnscreens/ScreenWindowTraits.kt:51:39 'val systemWindowInsetRight: Int' is deprecated. Deprecated in Java.
w: file:///E:/FYP/tutorlink-frontend/node_modules/react-native-screens/android/src/main/java/com/swmansion/rnscreens/ScreenWindowTraits.kt:52:39 'val systemWindowInsetBottom: Int' is deprecated. Deprecated in Java.
w: file:///E:/FYP/tutorlink-frontend/node_modules/react-native-screens/android/src/main/java/com/swmansion/rnscreens/ScreensShadowNode.kt:4:8 'class LayoutShadowNode : ReactShadowNodeImpl' is deprecated. Deprecated in Java.
w: file:///E:/FYP/tutorlink-frontend/node_modules/react-native-screens/android/src/main/java/com/swmansion/rnscreens/ScreensShadowNode.kt:5:8 'class NativeViewHierarchyManager : Any' is deprecated. Deprecated in Java.
w: file:///E:/FYP/tutorlink-frontend/node_modules/react-native-screens/android/src/main/java/com/swmansion/rnscreens/ScreensShadowNode.kt:6:8 'class NativeViewHierarchyOptimizer : Any' is deprecated. Deprecated in Java.
w: file:///E:/FYP/tutorlink-frontend/node_modules/react-native-screens/android/src/main/java/com/swmansion/rnscreens/ScreensShadowNode.kt:7:8 'class UIManagerModule : ReactContextBaseJavaModule, LifecycleEventListener, UIManager' is deprecated. Deprecated in Java.
w: file:///E:/FYP/tutorlink-frontend/node_modules/react-native-screens/android/src/main/java/com/swmansion/rnscreens/ScreensShadowNode.kt:11:5 'class LayoutShadowNode : ReactShadowNodeImpl' is deprecated. Deprecated in Java.
w: file:///E:/FYP/tutorlink-frontend/node_modules/react-native-screens/android/src/main/java/com/swmansion/rnscreens/ScreensShadowNode.kt:12:63 'class NativeViewHierarchyOptimizer : Any' is deprecated. Deprecated in Java.
w: file:///E:/FYP/tutorlink-frontend/node_modules/react-native-screens/android/src/main/java/com/swmansion/rnscreens/ScreensShadowNode.kt:14:34 'class UIManagerModule : ReactContextBaseJavaModule, LifecycleEventListener, UIManager' is deprecated. Deprecated in Java.
w: file:///E:/FYP/tutorlink-frontend/node_modules/react-native-screens/android/src/main/java/com/swmansion/rnscreens/ScreensShadowNode.kt:14:106 'class NativeViewHierarchyManager : Any' is deprecated. Deprecated in Java.
w: file:///E:/FYP/tutorlink-frontend/node_modules/react-native-screens/android/src/main/java/com/swmansion/rnscreens/bottomsheet/BottomSheetDialogRootView.kt:7:8 'object ReactFeatureFlags : Any' is deprecated. Use com.facebook.react.internal.featureflags.ReactNativeFeatureFlags instead.
w: file:///E:/FYP/tutorlink-frontend/node_modules/react-native-screens/android/src/main/java/com/swmansion/rnscreens/bottomsheet/BottomSheetDialogRootView.kt:25:13 'object ReactFeatureFlags : Any' is deprecated. Use com.facebook.react.internal.featureflags.ReactNativeFeatureFlags instead.
w: file:///E:/FYP/tutorlink-frontend/node_modules/react-native-screens/android/src/main/java/com/swmansion/rnscreens/bottomsheet/BottomSheetDialogRootView.kt:32:9 The corresponding parameter in the supertype 'ReactViewGroup' is named 'left'. This may cause problems when calling this function with named arguments.
w: file:///E:/FYP/tutorlink-frontend/node_modules/react-native-screens/android/src/main/java/com/swmansion/rnscreens/bottomsheet/BottomSheetDialogRootView.kt:33:9 The corresponding parameter in the supertype 'ReactViewGroup' is named 'top'. This may cause problems when calling this function with named arguments.
w: file:///E:/FYP/tutorlink-frontend/node_modules/react-native-screens/android/src/main/java/com/swmansion/rnscreens/bottomsheet/BottomSheetDialogRootView.kt:34:9 The corresponding parameter in the supertype 'ReactViewGroup' is named 'right'. This may cause problems when calling this function with named arguments.
w: file:///E:/FYP/tutorlink-frontend/node_modules/react-native-screens/android/src/main/java/com/swmansion/rnscreens/bottomsheet/BottomSheetDialogRootView.kt:35:9 The corresponding parameter in the supertype 'ReactViewGroup' is named 'bottom'. This may cause problems when calling this function with named arguments.
w: file:///E:/FYP/tutorlink-frontend/node_modules/react-native-screens/android/src/main/java/com/swmansion/rnscreens/bottomsheet/BottomSheetDialogRootView.kt:71:9 The corresponding parameter in the supertype 'RootView' is named 'childView'. This may cause problems when calling this function with named arguments.
w: file:///E:/FYP/tutorlink-frontend/node_modules/react-native-screens/android/src/main/java/com/swmansion/rnscreens/bottomsheet/BottomSheetDialogRootView.kt:72:9 The corresponding parameter in the supertype 'RootView' is named 'ev'. This may cause problems when calling this function with named arguments.
w: file:///E:/FYP/tutorlink-frontend/node_modules/react-native-screens/android/src/main/java/com/swmansion/rnscreens/bottomsheet/BottomSheetDialogRootView.kt:79:46 The corresponding parameter in the supertype 'RootView' is named 'ev'. This may cause problems when calling this function with named arguments.
w: file:///E:/FYP/tutorlink-frontend/node_modules/react-native-screens/android/src/main/java/com/swmansion/rnscreens/bottomsheet/BottomSheetDialogRootView.kt:83:9 The corresponding parameter in the supertype 'RootView' is named 'childView'. This may cause problems when calling this function with named arguments.
w: file:///E:/FYP/tutorlink-frontend/node_modules/react-native-screens/android/src/main/java/com/swmansion/rnscreens/bottomsheet/BottomSheetDialogRootView.kt:84:9 The corresponding parameter in the supertype 'RootView' is named 'ev'. This may cause problems when calling this function with named arguments.
w: file:///E:/FYP/tutorlink-frontend/node_modules/react-native-screens/android/src/main/java/com/swmansion/rnscreens/bottomsheet/BottomSheetDialogRootView.kt:95:34 The corresponding parameter in the supertype 'RootView' is named 't'. This may cause problems when calling this function with named arguments.
w: file:///E:/FYP/tutorlink-frontend/node_modules/react-native-screens/android/src/main/java/com/swmansion/rnscreens/bottomsheet/DimmingView.kt:64:9 The corresponding parameter in the supertype 'ReactCompoundView' is named 'touchX'. This may cause problems when calling this function with named arguments.
w: file:///E:/FYP/tutorlink-frontend/node_modules/react-native-screens/android/src/main/java/com/swmansion/rnscreens/bottomsheet/DimmingView.kt:65:9 The corresponding parameter in the supertype 'ReactCompoundView' is named 'touchY'. This may cause problems when calling this function with named arguments.
w: file:///E:/FYP/tutorlink-frontend/node_modules/react-native-screens/android/src/main/java/com/swmansion/rnscreens/bottomsheet/DimmingView.kt:69:9 The corresponding parameter in the supertype 'ReactCompoundViewGroup' is named 'touchX'. This may cause problems when calling this function with named arguments.
w: file:///E:/FYP/tutorlink-frontend/node_modules/react-native-screens/android/src/main/java/com/swmansion/rnscreens/bottomsheet/DimmingView.kt:70:9 The corresponding parameter in the supertype 'ReactCompoundViewGroup' is named 'touchY'. This may cause problems when calling this function with named arguments.
w: file:///E:/FYP/tutorlink-frontend/node_modules/react-native-screens/android/src/main/java/com/swmansion/rnscreens/gamma/tabs/TabsHostViewManager.kt:37:9 The corresponding parameter in the supertype 'TabsHostViewManager' is named 'view'. This may cause problems when calling this function with named arguments.
w: file:///E:/FYP/tutorlink-frontend/node_modules/react-native-screens/android/src/main/java/com/swmansion/rnscreens/safearea/SafeAreaView.kt:19:8 'class UIManagerModule : ReactContextBaseJavaModule, LifecycleEventListener, UIManager' is deprecated. Deprecated in Java.
w: file:///E:/FYP/tutorlink-frontend/node_modules/react-native-screens/android/src/main/java/com/swmansion/rnscreens/safearea/SafeAreaView.kt:153:45 'fun consumeDisplayCutout(): @NonNull() WindowInsetsCompat' is deprecated. Deprecated in Java.
w: file:///E:/FYP/tutorlink-frontend/node_modules/react-native-screens/android/src/main/java/com/swmansion/rnscreens/safearea/SafeAreaView.kt:194:58 'class UIManagerModule : ReactContextBaseJavaModule, LifecycleEventListener, UIManager' is deprecated. Deprecated in Java.
w: file:///E:/FYP/tutorlink-frontend/node_modules/react-native-screens/android/src/main/java/com/swmansion/rnscreens/safearea/SafeAreaView.kt:201:31 'val uiImplementation: UIImplementation!' is deprecated. Deprecated in Java.
w: file:///E:/FYP/tutorlink-frontend/node_modules/react-native-screens/android/src/main/java/com/swmansion/rnscreens/safearea/paper/SafeAreaViewShadowNode.kt:7:8 'class LayoutShadowNode : ReactShadowNodeImpl' is deprecated. Deprecated in Java.
w: file:///E:/FYP/tutorlink-frontend/node_modules/react-native-screens/android/src/main/java/com/swmansion/rnscreens/safearea/paper/SafeAreaViewShadowNode.kt:8:8 'class NativeViewHierarchyOptimizer : Any' is deprecated. Deprecated in Java.
w: file:///E:/FYP/tutorlink-frontend/node_modules/react-native-screens/android/src/main/java/com/swmansion/rnscreens/safearea/paper/SafeAreaViewShadowNode.kt:14:32 'class LayoutShadowNode : ReactShadowNodeImpl' is deprecated. Deprecated in Java.
w: file:///E:/FYP/tutorlink-frontend/node_modules/react-native-screens/android/src/main/java/com/swmansion/rnscreens/safearea/paper/SafeAreaViewShadowNode.kt:83:63 'class NativeViewHierarchyOptimizer : Any' is deprecated. Deprecated in Java.

> Task :react-native-screens:javaPreCompileRelease FROM-CACHE
> Task :react-native-screens:compileReleaseJavaWithJavac
> Task :react-native-screens:mergeReleaseGeneratedProguardFiles
> Task :react-native-screens:exportReleaseConsumerProguardFiles
> Task :react-native-reanimated:mergeReleaseGeneratedProguardFiles
> Task :react-native-reanimated:exportReleaseConsumerProguardFiles
> Task :react-native-worklets:mergeReleaseGeneratedProguardFiles
> Task :react-native-worklets:exportReleaseConsumerProguardFiles
> Task :react-native-async-storage_async-storage:preReleaseBuild UP-TO-DATE
> Task :react-native-async-storage_async-storage:generateReleaseBuildConfig
> Task :react-native-async-storage_async-storage:generateReleaseResValues FROM-CACHE
> Task :react-native-async-storage_async-storage:generateReleaseResources FROM-CACHE
> Task :react-native-async-storage_async-storage:packageReleaseResources
> Task :react-native-async-storage_async-storage:parseReleaseLocalResources FROM-CACHE
> Task :react-native-async-storage_async-storage:generateReleaseRFile
> Task :react-native-async-storage_async-storage:javaPreCompileRelease FROM-CACHE

> Task :react-native-async-storage_async-storage:compileReleaseJavaWithJavac
Note: Some input files use or override a deprecated API.
Note: Recompile with -Xlint:deprecation for details.
Note: E:\FYP\tutorlink-frontend\node_modules\@react-native-async-storage\async-storage\android\src\javaPackage\java\com\reactnativecommunity\asyncstorage\AsyncStoragePackage.java uses unchecked or unsafe operations.
Note: Recompile with -Xlint:unchecked for details.

> Task :react-native-async-storage_async-storage:mergeReleaseGeneratedProguardFiles
> Task :react-native-async-storage_async-storage:exportReleaseConsumerProguardFiles
> Task :react-native-firebase_app:preReleaseBuild UP-TO-DATE
> Task :react-native-firebase_app:generateReleaseBuildConfig
> Task :react-native-firebase_app:generateReleaseResValues FROM-CACHE
> Task :react-native-firebase_app:generateReleaseResources FROM-CACHE
> Task :react-native-firebase_app:packageReleaseResources
> Task :react-native-firebase_app:parseReleaseLocalResources FROM-CACHE
> Task :react-native-firebase_app:generateReleaseRFile
> Task :react-native-firebase_app:javaPreCompileRelease FROM-CACHE

> Task :react-native-firebase_app:compileReleaseJavaWithJavac
Note: Some input files use or override a deprecated API.
Note: Recompile with -Xlint:deprecation for details.

> Task :react-native-firebase_app:bundleLibCompileToJarRelease
> Task :react-native-firebase_auth:preReleaseBuild UP-TO-DATE
> Task :react-native-firebase_auth:generateReleaseBuildConfig
> Task :react-native-firebase_auth:generateReleaseResValues FROM-CACHE
> Task :react-native-firebase_auth:generateReleaseResources FROM-CACHE
> Task :react-native-firebase_auth:packageReleaseResources
> Task :react-native-firebase_auth:parseReleaseLocalResources FROM-CACHE
> Task :react-native-firebase_auth:generateReleaseRFile
> Task :react-native-firebase_auth:javaPreCompileRelease FROM-CACHE

> Task :react-native-firebase_auth:compileReleaseJavaWithJavac
Note: Some input files use or override a deprecated API.
Note: Recompile with -Xlint:deprecation for details.
Note: E:\FYP\tutorlink-frontend\node_modules\@react-native-firebase\auth\android\src\main\java\io\invertase\firebase\auth\ReactNativeFirebaseAuthModule.java uses unchecked or unsafe operations.
Note: Recompile with -Xlint:unchecked for details.

> Task :react-native-firebase_auth:mergeReleaseGeneratedProguardFiles
> Task :react-native-firebase_auth:exportReleaseConsumerProguardFiles
> Task :react-native-firebase_messaging:preReleaseBuild UP-TO-DATE
> Task :react-native-firebase_messaging:generateReleaseBuildConfig
> Task :react-native-firebase_messaging:generateReleaseResValues FROM-CACHE
> Task :react-native-firebase_messaging:generateReleaseResources
> Task :react-native-firebase_messaging:packageReleaseResources
> Task :react-native-firebase_messaging:parseReleaseLocalResources
> Task :react-native-firebase_messaging:generateReleaseRFile
> Task :react-native-firebase_messaging:javaPreCompileRelease FROM-CACHE

> Task :react-native-firebase_messaging:compileReleaseJavaWithJavac
Note: Some input files use or override a deprecated API.
Note: Recompile with -Xlint:deprecation for details.

> Task :react-native-firebase_messaging:mergeReleaseGeneratedProguardFiles
> Task :react-native-firebase_messaging:exportReleaseConsumerProguardFiles
> Task :react-native-firebase_app:mergeReleaseGeneratedProguardFiles
> Task :react-native-firebase_app:exportReleaseConsumerProguardFiles
> Task :react-native-image-picker:preReleaseBuild UP-TO-DATE
> Task :react-native-image-picker:generateReleaseBuildConfig
> Task :react-native-image-picker:generateReleaseResValues FROM-CACHE
> Task :react-native-image-picker:generateReleaseResources
> Task :react-native-image-picker:packageReleaseResources
> Task :react-native-image-picker:parseReleaseLocalResources
> Task :react-native-image-picker:generateReleaseRFile
> Task :react-native-image-picker:javaPreCompileRelease FROM-CACHE

> Task :react-native-image-picker:compileReleaseJavaWithJavac
Note: E:\FYP\tutorlink-frontend\node_modules\react-native-image-picker\android\src\main\java\com\imagepicker\ImagePickerPackage.java uses or overrides a deprecated API.
Note: Recompile with -Xlint:deprecation for details.

> Task :react-native-image-picker:mergeReleaseGeneratedProguardFiles
> Task :react-native-image-picker:exportReleaseConsumerProguardFiles
> Task :react-native-linear-gradient:preReleaseBuild UP-TO-DATE
> Task :react-native-linear-gradient:generateReleaseBuildConfig
> Task :react-native-linear-gradient:generateReleaseResValues FROM-CACHE
> Task :react-native-linear-gradient:generateReleaseResources FROM-CACHE
> Task :react-native-linear-gradient:packageReleaseResources
> Task :react-native-linear-gradient:parseReleaseLocalResources FROM-CACHE
> Task :react-native-linear-gradient:generateReleaseRFile
> Task :react-native-linear-gradient:javaPreCompileRelease FROM-CACHE

> Task :react-native-linear-gradient:compileReleaseJavaWithJavac
Note: E:\FYP\tutorlink-frontend\node_modules\react-native-linear-gradient\android\src\main\java\com\BV\LinearGradient\LinearGradientPackage.java uses or overrides a deprecated API.
Note: Recompile with -Xlint:deprecation for details.

> Task :react-native-linear-gradient:mergeReleaseGeneratedProguardFiles
> Task :react-native-linear-gradient:exportReleaseConsumerProguardFiles
> Task :react-native-vector-icons:preReleaseBuild UP-TO-DATE
> Task :react-native-vector-icons:generateReleaseBuildConfig
> Task :react-native-vector-icons:generateReleaseResValues FROM-CACHE
> Task :react-native-vector-icons:generateReleaseResources FROM-CACHE
> Task :react-native-vector-icons:packageReleaseResources
> Task :react-native-vector-icons:parseReleaseLocalResources FROM-CACHE
> Task :react-native-vector-icons:generateReleaseRFile
> Task :react-native-vector-icons:javaPreCompileRelease FROM-CACHE

> Task :react-native-vector-icons:compileReleaseJavaWithJavac
Note: Some input files use or override a deprecated API.
Note: Recompile with -Xlint:deprecation for details.

> Task :react-native-vector-icons:mergeReleaseGeneratedProguardFiles
> Task :react-native-vector-icons:exportReleaseConsumerProguardFiles
> Task :app:buildKotlinToolingMetadata
> Task :app:checkReleaseDuplicateClasses
> Task :app:checkKotlinGradlePluginConfigurationErrors SKIPPED
> Task :app:generateReleaseBuildConfig
> Task :maplibre_maplibre-react-native:writeReleaseAarMetadata
> Task :react-native-async-storage_async-storage:writeReleaseAarMetadata
> Task :react-native-bottom-tabs:writeReleaseAarMetadata
> Task :react-native-documents_picker:writeReleaseAarMetadata
> Task :react-native-firebase_app:writeReleaseAarMetadata
> Task :react-native-firebase_auth:writeReleaseAarMetadata
> Task :react-native-firebase_messaging:writeReleaseAarMetadata
> Task :react-native-gesture-handler:writeReleaseAarMetadata
> Task :react-native-google-signin_google-signin:writeReleaseAarMetadata
> Task :react-native-image-picker:writeReleaseAarMetadata
> Task :react-native-linear-gradient:writeReleaseAarMetadata
> Task :react-native-permissions:writeReleaseAarMetadata
> Task :react-native-reanimated:writeReleaseAarMetadata
> Task :react-native-safe-area-context:writeReleaseAarMetadata
> Task :react-native-screens:writeReleaseAarMetadata
> Task :react-native-vector-icons:writeReleaseAarMetadata
> Task :react-native-vector-icons_material-design-icons:writeReleaseAarMetadata
> Task :react-native-worklets:writeReleaseAarMetadata
> Task :app:checkReleaseAarMetadata
> Task :app:createBundleReleaseJsAndAssets

                        ????????
                     ??????????????
                  ????????????????????
                 ??????????????????????
                 ??????????????????????
                 ??????????????????????
                 ??????????????????????
                 ??????????????????????
                 ??????????????????????
                  ????????????????????
                     ??????????????
                        ????????


 WARN  the transform cache was reset.
                Welcome to Metro v0.83.5
              Fast - Scalable - Integrated


LOG:Writing bundle output to: android\app\build\generated\assets\react\release\index.android.bundle
LOG:Writing sourcemap output to: android\app\build\intermediates\sourcemaps\react\release\index.android.bundle.packager.map
LOG:Done writing bundle output
LOG:Done writing sourcemap output
Copying 35 asset files
Done copying assets

> Task :app:generateReleaseResValues
> Task :app:processReleaseGoogleServices
> Task :app:mapReleaseSourceSetPaths
> Task :app:generateReleaseResources
> Task :app:mergeReleaseResources
> Task :app:packageReleaseResources
> Task :app:parseReleaseLocalResources
> Task :app:createReleaseCompatibleScreenManifests
> Task :app:extractDeepLinksRelease
> Task :maplibre_maplibre-react-native:extractDeepLinksRelease
> Task :maplibre_maplibre-react-native:processReleaseManifest
> Task :react-native-async-storage_async-storage:extractDeepLinksRelease FROM-CACHE

> Task :react-native-async-storage_async-storage:processReleaseManifest
package="com.reactnativecommunity.asyncstorage" found in source AndroidManifest.xml: E:\FYP\tutorlink-frontend\node_modules\@react-native-async-storage\async-storage\android\src\main\AndroidManifest.xml.
Setting the namespace via the package attribute in the source AndroidManifest.xml is no longer supported, and the value is ignored.
Recommendation: remove package="com.reactnativecommunity.asyncstorage" from the source AndroidManifest.xml: E:\FYP\tutorlink-frontend\node_modules\@react-native-async-storage\async-storage\android\src\main\AndroidManifest.xml.

> Task :react-native-bottom-tabs:extractDeepLinksRelease FROM-CACHE
> Task :react-native-bottom-tabs:processReleaseManifest
> Task :react-native-documents_picker:extractDeepLinksRelease FROM-CACHE
> Task :react-native-documents_picker:processReleaseManifest
> Task :react-native-firebase_app:extractDeepLinksRelease

> Task :react-native-firebase_app:processReleaseManifest
package="io.invertase.firebase" found in source AndroidManifest.xml: E:\FYP\tutorlink-frontend\node_modules\@react-native-firebase\app\android\src\main\AndroidManifest.xml.
Setting the namespace via the package attribute in the source AndroidManifest.xml is no longer supported, and the value is ignored.
Recommendation: remove package="io.invertase.firebase" from the source AndroidManifest.xml: E:\FYP\tutorlink-frontend\node_modules\@react-native-firebase\app\android\src\main\AndroidManifest.xml.

> Task :react-native-firebase_auth:extractDeepLinksRelease FROM-CACHE

> Task :react-native-firebase_auth:processReleaseManifest
package="io.invertase.firebase.auth" found in source AndroidManifest.xml: E:\FYP\tutorlink-frontend\node_modules\@react-native-firebase\auth\android\src\main\AndroidManifest.xml.
Setting the namespace via the package attribute in the source AndroidManifest.xml is no longer supported, and the value is ignored.
Recommendation: remove package="io.invertase.firebase.auth" from the source AndroidManifest.xml: E:\FYP\tutorlink-frontend\node_modules\@react-native-firebase\auth\android\src\main\AndroidManifest.xml.

> Task :react-native-firebase_messaging:extractDeepLinksRelease

> Task :react-native-firebase_messaging:processReleaseManifest
package="io.invertase.firebase.messaging" found in source AndroidManifest.xml: E:\FYP\tutorlink-frontend\node_modules\@react-native-firebase\messaging\android\src\main\AndroidManifest.xml.
Setting the namespace via the package attribute in the source AndroidManifest.xml is no longer supported, and the value is ignored.
Recommendation: remove package="io.invertase.firebase.messaging" from the source AndroidManifest.xml: E:\FYP\tutorlink-frontend\node_modules\@react-native-firebase\messaging\android\src\main\AndroidManifest.xml.

> Task :react-native-gesture-handler:extractDeepLinksRelease FROM-CACHE
> Task :react-native-gesture-handler:processReleaseManifest
> Task :react-native-google-signin_google-signin:extractDeepLinksRelease FROM-CACHE

> Task :react-native-google-signin_google-signin:processReleaseManifest
package="com.reactnativegooglesignin" found in source AndroidManifest.xml: E:\FYP\tutorlink-frontend\node_modules\@react-native-google-signin\google-signin\android\src\main\AndroidManifest.xml.
Setting the namespace via the package attribute in the source AndroidManifest.xml is no longer supported, and the value is ignored.
Recommendation: remove package="com.reactnativegooglesignin" from the source AndroidManifest.xml: E:\FYP\tutorlink-frontend\node_modules\@react-native-google-signin\google-signin\android\src\main\AndroidManifest.xml.

> Task :react-native-image-picker:extractDeepLinksRelease FROM-CACHE

> Task :react-native-image-picker:processReleaseManifest
package="com.imagepicker" found in source AndroidManifest.xml: E:\FYP\tutorlink-frontend\node_modules\react-native-image-picker\android\src\main\AndroidManifest.xml.
Setting the namespace via the package attribute in the source AndroidManifest.xml is no longer supported, and the value is ignored.
Recommendation: remove package="com.imagepicker" from the source AndroidManifest.xml: E:\FYP\tutorlink-frontend\node_modules\react-native-image-picker\android\src\main\AndroidManifest.xml.

> Task :react-native-linear-gradient:extractDeepLinksRelease FROM-CACHE

> Task :react-native-linear-gradient:processReleaseManifest
package="com.BV.LinearGradient" found in source AndroidManifest.xml: E:\FYP\tutorlink-frontend\node_modules\react-native-linear-gradient\android\src\main\AndroidManifest.xml.
Setting the namespace via the package attribute in the source AndroidManifest.xml is no longer supported, and the value is ignored.
Recommendation: remove package="com.BV.LinearGradient" from the source AndroidManifest.xml: E:\FYP\tutorlink-frontend\node_modules\react-native-linear-gradient\android\src\main\AndroidManifest.xml.

> Task :react-native-permissions:extractDeepLinksRelease FROM-CACHE
> Task :react-native-permissions:processReleaseManifest
> Task :react-native-reanimated:extractDeepLinksRelease FROM-CACHE
> Task :react-native-reanimated:processReleaseManifest
> Task :react-native-safe-area-context:extractDeepLinksRelease FROM-CACHE

> Task :react-native-safe-area-context:processReleaseManifest
package="com.th3rdwave.safeareacontext" found in source AndroidManifest.xml: E:\FYP\tutorlink-frontend\node_modules\react-native-safe-area-context\android\src\main\AndroidManifest.xml.
Setting the namespace via the package attribute in the source AndroidManifest.xml is no longer supported, and the value is ignored.
Recommendation: remove package="com.th3rdwave.safeareacontext" from the source AndroidManifest.xml: E:\FYP\tutorlink-frontend\node_modules\react-native-safe-area-context\android\src\main\AndroidManifest.xml.

> Task :react-native-screens:extractDeepLinksRelease FROM-CACHE
> Task :react-native-screens:processReleaseManifest
> Task :react-native-vector-icons:extractDeepLinksRelease FROM-CACHE

> Task :react-native-vector-icons:processReleaseManifest
package="com.oblador.vectoricons" found in source AndroidManifest.xml: E:\FYP\tutorlink-frontend\node_modules\react-native-vector-icons\android\src\main\AndroidManifest.xml.
Setting the namespace via the package attribute in the source AndroidManifest.xml is no longer supported, and the value is ignored.
Recommendation: remove package="com.oblador.vectoricons" from the source AndroidManifest.xml: E:\FYP\tutorlink-frontend\node_modules\react-native-vector-icons\android\src\main\AndroidManifest.xml.

> Task :react-native-vector-icons_material-design-icons:extractDeepLinksRelease FROM-CACHE
> Task :react-native-vector-icons_material-design-icons:processReleaseManifest
> Task :react-native-worklets:extractDeepLinksRelease FROM-CACHE
> Task :react-native-worklets:processReleaseManifest
> Task :app:processReleaseMainManifest
> Task :app:processReleaseManifest
> Task :app:processReleaseManifestForPackage
> Task :app:processReleaseResources
> Task :maplibre_maplibre-react-native:bundleLibCompileToJarRelease
> Task :react-native-async-storage_async-storage:bundleLibCompileToJarRelease
> Task :react-native-bottom-tabs:bundleLibCompileToJarRelease
> Task :react-native-documents_picker:bundleLibCompileToJarRelease
> Task :react-native-firebase_auth:bundleLibCompileToJarRelease
> Task :react-native-firebase_messaging:bundleLibCompileToJarRelease
> Task :react-native-gesture-handler:bundleLibCompileToJarRelease
> Task :react-native-google-signin_google-signin:bundleLibCompileToJarRelease
> Task :react-native-image-picker:bundleLibCompileToJarRelease
> Task :react-native-linear-gradient:bundleLibCompileToJarRelease
> Task :react-native-permissions:bundleLibCompileToJarRelease
> Task :react-native-safe-area-context:bundleLibCompileToJarRelease
> Task :react-native-screens:bundleLibCompileToJarRelease
> Task :react-native-vector-icons:bundleLibCompileToJarRelease
> Task :react-native-vector-icons_material-design-icons:bundleLibCompileToJarRelease
> Task :app:compileReleaseKotlin
> Task :app:javaPreCompileRelease FROM-CACHE
> Task :app:compileReleaseJavaWithJavac
> Task :maplibre_maplibre-react-native:prepareReleaseArtProfile
> Task :react-native-async-storage_async-storage:prepareReleaseArtProfile
> Task :react-native-bottom-tabs:prepareReleaseArtProfile
> Task :react-native-documents_picker:prepareReleaseArtProfile
> Task :react-native-firebase_app:prepareReleaseArtProfile
> Task :react-native-firebase_auth:prepareReleaseArtProfile
> Task :react-native-firebase_messaging:prepareReleaseArtProfile
> Task :react-native-gesture-handler:prepareReleaseArtProfile
> Task :react-native-google-signin_google-signin:prepareReleaseArtProfile
> Task :react-native-image-picker:prepareReleaseArtProfile
> Task :react-native-linear-gradient:prepareReleaseArtProfile
> Task :react-native-permissions:prepareReleaseArtProfile
> Task :react-native-reanimated:prepareReleaseArtProfile
> Task :react-native-safe-area-context:prepareReleaseArtProfile
> Task :react-native-screens:prepareReleaseArtProfile
> Task :react-native-vector-icons:prepareReleaseArtProfile
> Task :react-native-vector-icons_material-design-icons:prepareReleaseArtProfile
> Task :react-native-worklets:prepareReleaseArtProfile
> Task :app:mergeReleaseArtProfile
> Task :maplibre_maplibre-react-native:bundleLibRuntimeToJarRelease
> Task :react-native-async-storage_async-storage:bundleLibRuntimeToJarRelease
> Task :react-native-bottom-tabs:bundleLibRuntimeToJarRelease
> Task :react-native-documents_picker:bundleLibRuntimeToJarRelease
> Task :react-native-firebase_app:bundleLibRuntimeToJarRelease
> Task :react-native-firebase_auth:bundleLibRuntimeToJarRelease
> Task :react-native-firebase_messaging:bundleLibRuntimeToJarRelease
> Task :react-native-gesture-handler:bundleLibRuntimeToJarRelease
> Task :react-native-google-signin_google-signin:bundleLibRuntimeToJarRelease
> Task :react-native-image-picker:bundleLibRuntimeToJarRelease
> Task :react-native-linear-gradient:bundleLibRuntimeToJarRelease
> Task :react-native-permissions:bundleLibRuntimeToJarRelease
> Task :react-native-reanimated:bundleLibRuntimeToJarRelease
> Task :react-native-safe-area-context:bundleLibRuntimeToJarRelease
> Task :react-native-screens:bundleLibRuntimeToJarRelease
> Task :react-native-vector-icons:bundleLibRuntimeToJarRelease
> Task :react-native-vector-icons_material-design-icons:bundleLibRuntimeToJarRelease
> Task :react-native-worklets:bundleLibRuntimeToJarRelease
> Task :app:expandReleaseArtProfileWildcards
> Task :app:extractProguardFiles
> Task :app:mergeReleaseGeneratedProguardFiles
> Task :app:processReleaseJavaRes
> Task :maplibre_maplibre-react-native:processReleaseJavaRes
> Task :react-native-async-storage_async-storage:processReleaseJavaRes NO-SOURCE
> Task :react-native-bottom-tabs:processReleaseJavaRes
> Task :react-native-documents_picker:processReleaseJavaRes
> Task :react-native-firebase_app:processReleaseJavaRes NO-SOURCE
> Task :react-native-firebase_auth:processReleaseJavaRes NO-SOURCE
> Task :react-native-firebase_messaging:processReleaseJavaRes NO-SOURCE
> Task :react-native-gesture-handler:processReleaseJavaRes
> Task :react-native-google-signin_google-signin:processReleaseJavaRes
> Task :react-native-image-picker:processReleaseJavaRes NO-SOURCE
> Task :react-native-linear-gradient:processReleaseJavaRes NO-SOURCE
> Task :react-native-permissions:processReleaseJavaRes
> Task :react-native-reanimated:processReleaseJavaRes NO-SOURCE
> Task :react-native-safe-area-context:processReleaseJavaRes
> Task :react-native-screens:processReleaseJavaRes
> Task :react-native-vector-icons:processReleaseJavaRes NO-SOURCE
> Task :react-native-vector-icons_material-design-icons:processReleaseJavaRes
> Task :react-native-worklets:processReleaseJavaRes NO-SOURCE
> Task :app:mergeReleaseJavaResource
> Task :app:mergeReleaseStartupProfile
> Task :app:minifyReleaseWithR8

The Daemon will expire after the build after running out of JVM heap space.
The project memory settings are likely not configured or are configured to an insufficient value.
The daemon will restart for the next build, which may increase subsequent build times.
These settings can be adjusted by setting 'org.gradle.jvmargs' in 'gradle.properties'.
The currently configured max heap space is '1.2 GiB' and the configured max metaspace is '384 MiB'.
For more information on how to set these values, please refer to https://docs.gradle.org/9.0.0/userguide/build_environment.html#sec:configuring_jvm_memory in the Gradle documentation.
To disable this warning, set 'org.gradle.daemon.performance.disable-logging=true'.
Exception in thread "RMI TCP Connection(idle)" java.lang.OutOfMemoryError: Java heap space
Exception in thread "ForkJoinPool-1-worker-3" java.lang.OutOfMemoryError: Java heap space
Exception in thread "RMI TCP Connection(idle)" java.lang.OutOfMemoryError: Java heap space

> Task :app:minifyReleaseWithR8
ERROR: R8: java.lang.OutOfMemoryError: Java heap space

> Task :app:minifyReleaseWithR8 FAILED
w: Detected multiple Kotlin daemon sessions at 

[Incubating] Problems report is available at: file:///E:/FYP/tutorlink-frontend/android/build/reports/problems/problems-report.html

FAILURE: Build failed with an exception.

* What went wrong:
Execution failed for task ':app:minifyReleaseWithR8'.
> A failure occurred while executing com.android.build.gradle.internal.tasks.R8Task$R8Runnable
   > Compilation failed to complete

* Try:
> Run with --stacktrace option to get the stack trace.
> Run with --info or --debug option to get more log output.
> Run with --scan to generate a Build Scan (Powered by Develocity).
> Get more help at https://help.gradle.org.

Deprecated Gradle features were used in this build, making it incompatible with Gradle 10.

You can use '--warning-mode all' to show the individual deprecation warnings and determine if they come from your own scripts or plugins.

For more on this, please refer to https://docs.gradle.org/9.0.0/userguide/command_line_interface.html#sec:command_line_warnings in the Gradle documentation.

BUILD FAILED in 1h 37m 15s
383 actionable tasks: 269 executed, 76 from cache, 38 up-to-date
